2026-09-30T23:33:15.5578503+08:00 [WatcherStart] processEvents=True, fallback=5s
2026-09-30T23:33:16.2318854+08:00 [ManagedCloseState] Fixture AI, CloseRequested, session=b0d64e860ca94c43bce046b4ae25d1e3
2026-09-30T23:33:16.2328125+08:00 [ManagedCloseState] Fixture AI, ShutdownPreparing, session=b0d64e860ca94c43bce046b4ae25d1e3
2026-09-30T23:33:16.2562309+08:00 [ManagedCloseState] Fixture AI, WaitingConfirmation, session=b0d64e860ca94c43bce046b4ae25d1e3
2026-09-30T23:33:16.8386816+08:00 [CloseConfirmationShown] Fixture AI
2026-09-30T23:33:17.5989725+08:00 [FIRST_FRAME] Fixture AI, 
2026-09-30T23:33:20.7321113+08:00 [VISUAL_READY] Fixture AI, 
2026-09-30T23:33:20.8096179+08:00 [ShutdownPreloadReady] Fixture AI, 
2026-09-30T23:33:27.3804184+08:00 [ManagedCloseState] Fixture AI, ShutdownAnimating, session=b0d64e860ca94c43bce046b4ae25d1e3
2026-09-30T23:33:27.5500170+08:00 [SHUTDOWN_OVERLAY_VISIBLE] Fixture AI, confirmElapsed=168ms
2026-09-30T23:33:27.5935192+08:00 [SHUTDOWN_BEGIN] Fixture AI, 
2026-09-30T23:33:27.5945184+08:00 [SHUTDOWN_BEGIN_CONFIRMED] Fixture AI
2026-09-30T23:33:27.5954608+08:00 [MODULE_OFFLINE] Fixture AI, 
2026-09-30T23:33:27.7002674+08:00 [ManagedCloseState] Fixture AI, AppClosing, session=b0d64e860ca94c43bce046b4ae25d1e3
2026-09-30T23:33:27.7021397+08:00 [WM_CLOSE] Fixture AI, hwnd=12061230, sent=True
2026-09-30T23:33:27.9099933+08:00 [MODULE_OFFLINE] Fixture AI, 
2026-09-30T23:33:28.2222345+08:00 [MODULE_OFFLINE] Fixture AI, 
2026-09-30T23:33:28.4847572+08:00 [TargetStopped] Fixture AI, pids=1, windows=0
2026-09-30T23:33:28.5346153+08:00 [HUD_OFFLINE] Fixture AI, 
2026-09-30T23:33:29.2321613+08:00 [CRT_COLLAPSE] Fixture AI, 
2026-09-30T23:33:29.8922378+08:00 [POWER_OFF] Fixture AI, 
2026-09-30T23:33:30.6425055+08:00 [ANIMATION_FINISHED] Fixture AI, 
2026-09-30T23:33:30.7324120+08:00 [ManagedCloseState] Fixture AI, Stopped, session=b0d64e860ca94c43bce046b4ae25d1e3
