<?xml version="1.0" encoding="utf-8"?>
<TestRun id="8686e0d1-b87e-4bff-be06-1f8ead37d861" name="Administrator@PC202602281603H 2026-10-01 16:51:02" runUser="PC202602281603H\CodexSandboxOffline" xmlns="http://microsoft.com/schemas/VisualStudio/TeamTest/2010">
  <Times creation="2026-10-01T16:51:02.1879677+08:00" queuing="2026-10-01T16:51:02.1879679+08:00" start="2026-10-01T16:51:01.2912265+08:00" finish="2026-10-01T16:51:02.5141782+08:00" />
  <TestSettings name="default" id="2e7ab5fc-5987-4c3b-bad7-d97e032c36eb">
    <Deployment runDeploymentRoot="Administrator_PC202602281603H_2026-10-01_16_51_02" />
  </TestSettings>
  <Results>
    <UnitTestResult executionId="6dcb2813-8e79-4605-8c37-3fd73e35e52d" testId="5c77fe6b-0063-6368-68d9-660d2ccfa953" testName="Controller550W.Tests.LifecycleTests.SlowAndFastReadyKeepTheirConfiguredStability(seconds: 15)" computerName="PC202602281603H" duration="00:00:00.0004288" startTime="2026-10-01T16:51:02.2542402+08:00" endTime="2026-10-01T16:51:02.2542402+08:00" testType="13cdc9d9-ddb5-4fa4-a97d-d965ccfc6d4b" outcome="Passed" testListId="8c84fa94-04c1-424b-9868-57a2d4851a1d" relativeResultsDirectory="6dcb2813-8e79-4605-8c37-3fd73e35e52d" />
    <UnitTestResult executionId="c3ae1d4d-4351-4c0e-90ac-e2b69d3229f5" testId="e89e9136-dd31-77fd-fa92-8c7dac3e30b4" testName="Controller550W.Tests.LifecycleTests.DotsInExecutableNamesRemainPartOfTheName(configured: &quot;ChatGPT&quot;, observed: &quot;chatgpt.exe&quot;)" computerName="PC202602281603H" duration="00:00:00.0002017" startTime="2026-10-01T16:51:02.2536306+08:00" endTime="2026-10-01T16:51:02.2536307+08:00" testType="13cdc9d9-ddb5-4fa4-a97d-d965ccfc6d4b" outcome="Passed" testListId="8c84fa94-04c1-424b-9868-57a2d4851a1d" relativeResultsDirectory="c3ae1d4d-4351-4c0e-90ac-e2b69d3229f5" />
    <UnitTestResult executionId="38e88bea-703b-45ce-8b6b-a5382a7b7ecf" testId="107fc5c9-32db-a991-2266-ad75cc6e43a3" testName="Controller550W.Tests.V2Tests.CaptionCoordinatesRemainPhysicalAcrossDpi(scale: 1)" computerName="PC202602281603H" duration="00:00:00.0000113" startTime="2026-10-01T16:51:02.2648471+08:00" endTime="2026-10-01T16:51:02.2648472+08:00" testType="13cdc9d9-ddb5-4fa4-a97d-d965ccfc6d4b" outcome="Passed" testListId="8c84fa94-04c1-424b-9868-57a2d4851a1d" relativeResultsDirectory="38e88bea-703b-45ce-8b6b-a5382a7b7ecf" />
    <UnitTestResult executionId="0f9f24d3-9598-45a5-830d-a7e2bec8eee9" testId="13a8cb5d-c7d5-eaa8-1d38-63271557cd91" testName="Controller550W.Tests.DiagnosticExportTests.KnownEventsRetainUsefulMetricsWithoutNamesPathsOrFreeText(eventName: &quot;ManagedLaunchFailed&quot;, detail: &quot;Private application, InvalidOperationException: se&quot;···, expected: &quot;exception=InvalidOperationException&quot;)" computerName="PC202602281603H" duration="00:00:00.0004615" startTime="2026-10-01T16:51:02.3972650+08:00" endTime="2026-10-01T16:51:02.3972651+08:00" testType="13cdc9d9-ddb5-4fa4-a97d-d965ccfc6d4b" outcome="Passed" testListId="8c84fa94-04c1-424b-9868-57a2d4851a1d" relativeResultsDirectory="0f9f24d3-9598-45a5-830d-a7e2bec8eee9" />
    <UnitTestResult executionId="bff6aab1-3f84-40d1-b352-9e83157a48d1" testId="de5cf2a8-70af-de2c-112e-0a5ef59b6934" testName="Controller550W.Tests.V3ConfigurationTests.ResolvingSessionDoesNotMutateSavedSettingsAndGlobalMuteAlwaysWins" computerName="PC202602281603H" duration="00:00:00.1253535" startTime="2026-10-01T16:51:02.2198786+08:00" endTime="2026-10-01T16:51:02.2198789+08:00" testType="13cdc9d9-ddb5-4fa4-a97d-d965ccfc6d4b" outcome="Passed" testListId="8c84fa94-04c1-424b-9868-57a2d4851a1d" relativeResultsDirectory="bff6aab1-3f84-40d1-b352-9e83157a48d1" />
    <UnitTestResult executionId="e5dd714c-8826-4a7f-9248-f79661cf363f" testId="b1666c83-7c2e-a574-6a0b-ff50eec4e1ab" testName="Controller550W.Tests.V3ConfigurationTests.UnversionedImportMigratesAndNullSectionsAreRecovered" computerName="PC202602281603H" duration="00:00:00.0011471" startTime="2026-10-01T16:51:02.2364665+08:00" endTime="2026-10-01T16:51:02.2364666+08:00" testType="13cdc9d9-ddb5-4fa4-a97d-d965ccfc6d4b" outcome="Passed" testListId="8c84fa94-04c1-424b-9868-57a2d4851a1d" relativeResultsDirectory="e5dd714c-8826-4a7f-9248-f79661cf363f" />
    <UnitTestResult executionId="728a28e1-ec61-4ded-8e30-fcea0dbeb5fa" testId="d73c96b0-bdf1-4847-aca6-d7f158b511b7" testName="Controller550W.Tests.ConfigurationTests.MedianAndJitterAreComputed" computerName="PC202602281603H" duration="00:00:00.0050649" startTime="2026-10-01T16:51:02.1183013+08:00" endTime="2026-10-01T16:51:02.1183013+08:00" testType="13cdc9d9-ddb5-4fa4-a97d-d965ccfc6d4b" outcome="Passed" testListId="8c84fa94-04c1-424b-9868-57a2d4851a1d" relativeResultsDirectory="728a28e1-ec61-4ded-8e30-fcea0dbeb5fa" />
    <UnitTestResult executionId="68e46d8b-771e-40a9-b4f7-d59c6edaf449" testId="14424a31-a859-57f4-4c25-d0788262f870" testName="Controller550W.Tests.DiagnosticExportTests.ExportCancellationLeavesNoPartialArchive" computerName="PC202602281603H" duration="00:00:00.0103122" startTime="2026-10-01T16:51:02.4081298+08:00" endTime="2026-10-01T16:51:02.4081300+08:00" testType="13cdc9d9-ddb5-4fa4-a97d-d965ccfc6d4b" outcome="Passed" testListId="8c84fa94-04c1-424b-9868-57a2d4851a1d" relativeResultsDirectory="68e46d8b-771e-40a9-b4f7-d59c6edaf449" />
    <UnitTestResult executionId="d076b437-613f-4c71-9da7-7add65240f46" testId="685a8b01-d22a-086e-97c6-0d4775e6fe2f" testName="Controller550W.Tests.ConfigurationTests.StableRequiresThreeSuccessfulSamples(successes: 3, expected: &quot;stable&quot;)" computerName="PC202602281603H" duration="00:00:00.0003743" startTime="2026-10-01T16:51:02.1169370+08:00" endTime="2026-10-01T16:51:02.1169371+08:00" testType="13cdc9d9-ddb5-4fa4-a97d-d965ccfc6d4b" outcome="Passed" testListId="8c84fa94-04c1-424b-9868-57a2d4851a1d" relativeResultsDirectory="d076b437-613f-4c71-9da7-7add65240f46" />
    <UnitTestResult executionId="b43c94a3-cbd9-4ed5-a80a-ff92318593c0" testId="7af958e0-8b83-b448-76f1-3730f16e4242" testName="Controller550W.Tests.LifecycleTests.ProcessAndOptionalFullPathBothMatch" computerName="PC202602281603H" duration="00:00:00.0001081" startTime="2026-10-01T16:51:02.2552063+08:00" endTime="2026-10-01T16:51:02.2552064+08:00" testType="13cdc9d9-ddb5-4fa4-a97d-d965ccfc6d4b" outcome="Passed" testListId="8c84fa94-04c1-424b-9868-57a2d4851a1d" relativeResultsDirectory="b43c94a3-cbd9-4ed5-a80a-ff92318593c0" />
    <UnitTestResult executionId="3bfe9e61-24d8-4496-bea4-075222437ea3" testId="7e7a74fd-aca6-83e6-4b13-179f2ce38c1d" testName="Controller550W.Tests.LifecycleTests.DotsInExecutableNamesRemainPartOfTheName(configured: &quot;550W.ExternalFixture.exe&quot;, observed: &quot;550W.ExternalFixture&quot;)" computerName="PC202602281603H" duration="00:00:00.0004705" startTime="2026-10-01T16:51:02.2533708+08:00" endTime="2026-10-01T16:51:02.2533709+08:00" testType="13cdc9d9-ddb5-4fa4-a97d-d965ccfc6d4b" outcome="Passed" testListId="8c84fa94-04c1-424b-9868-57a2d4851a1d" relativeResultsDirectory="3bfe9e61-24d8-4496-bea4-075222437ea3" />
    <UnitTestResult executionId="5ee6d720-9a8a-465b-81c7-021d7597cdd2" testId="02d1b466-d44e-3071-ea9b-497afec82e3d" testName="Controller550W.Tests.V2Tests.StartupWindowRebuildDoesNotRepeatBoot" computerName="PC202602281603H" duration="00:00:00.0003885" startTime="2026-10-01T16:51:02.2668178+08:00" endTime="2026-10-01T16:51:02.2668179+08:00" testType="13cdc9d9-ddb5-4fa4-a97d-d965ccfc6d4b" outcome="Passed" testListId="8c84fa94-04c1-424b-9868-57a2d4851a1d" relativeResultsDirectory="5ee6d720-9a8a-465b-81c7-021d7597cdd2" />
    <UnitTestResult executionId="ee095153-8dbb-49f6-9fc8-9e439f316af4" testId="419cf50e-47ce-ba1f-5250-51362e26c1be" testName="Controller550W.Tests.LifecycleTests.MinimizedWindowIsStillPresent" computerName="PC202602281603H" duration="00:00:00.0001385" startTime="2026-10-01T16:51:02.2564469+08:00" endTime="2026-10-01T16:51:02.2564469+08:00" testType="13cdc9d9-ddb5-4fa4-a97d-d965ccfc6d4b" outcome="Passed" testListId="8c84fa94-04c1-424b-9868-57a2d4851a1d" relativeResultsDirectory="ee095153-8dbb-49f6-9fc8-9e439f316af4" />
    <UnitTestResult executionId="47a6a051-b15e-4c91-adb8-8301b526d4eb" testId="1eee5067-8582-2d03-e1db-bf21306a54c2" testName="Controller550W.Tests.V3ConfigurationTests.LegacyCustomMinimumRetainsThePreviouslyLargerGlobalMinimum" computerName="PC202602281603H" duration="00:00:00.0003308" startTime="2026-10-01T16:51:02.2330636+08:00" endTime="2026-10-01T16:51:02.2330637+08:00" testType="13cdc9d9-ddb5-4fa4-a97d-d965ccfc6d4b" outcome="Passed" testListId="8c84fa94-04c1-424b-9868-57a2d4851a1d" relativeResultsDirectory="47a6a051-b15e-4c91-adb8-8301b526d4eb" />
    <UnitTestResult executionId="23dfbb6b-3ffa-42ce-9a0f-fd29735643b0" testId="2e26d8f9-49da-44d0-f843-9f020e87fa59" testName="Controller550W.Tests.DiagnosticExportTests.UnknownEventsAndMalformedLinesCannotSmuggleSensitiveText" computerName="PC202602281603H" duration="00:00:00.0003777" startTime="2026-10-01T16:51:02.4304737+08:00" endTime="2026-10-01T16:51:02.4304738+08:00" testType="13cdc9d9-ddb5-4fa4-a97d-d965ccfc6d4b" outcome="Passed" testListId="8c84fa94-04c1-424b-9868-57a2d4851a1d" relativeResultsDirectory="23dfbb6b-3ffa-42ce-9a0f-fd29735643b0" />
    <UnitTestResult executionId="cd2e0b11-7d23-4e30-a3f3-8f30fbcdcdd9" testId="983a6f23-fd72-db1d-de45-079f8d0ae00d" testName="Controller550W.Tests.V2Tests.ProfileV2SettingsRoundTrip" computerName="PC202602281603H" duration="00:00:00.0010094" startTime="2026-10-01T16:51:02.2659486+08:00" endTime="2026-10-01T16:51:02.2659488+08:00" testType="13cdc9d9-ddb5-4fa4-a97d-d965ccfc6d4b" outcome="Passed" testListId="8c84fa94-04c1-424b-9868-57a2d4851a1d" relativeResultsDirectory="cd2e0b11-7d23-4e30-a3f3-8f30fbcdcdd9" />
    <UnitTestResult executionId="6dee958f-3ede-43c5-b91a-1058217ad27c" testId="646a654c-ab0c-7ea8-5938-0910dca1fbfc" testName="Controller550W.Tests.V3ConfigurationTests.NewParametersAreBoundedForGlobalAndIndependentSettings" computerName="PC202602281603H" duration="00:00:00.0009774" startTime="2026-10-01T16:51:02.2213580+08:00" endTime="2026-10-01T16:51:02.2213580+08:00" testType="13cdc9d9-ddb5-4fa4-a97d-d965ccfc6d4b" outcome="Passed" testListId="8c84fa94-04c1-424b-9868-57a2d4851a1d" relativeResultsDirectory="6dee958f-3ede-43c5-b91a-1058217ad27c" />
    <UnitTestResult executionId="6bd9a3cf-72a2-4488-8c2b-6854f9391c03" testId="0b9675c4-c5db-f7d3-0677-5785b0a62c9b" testName="Controller550W.Tests.V2Tests.DefaultsKeepLaunchAndCloseIndependent" computerName="PC202602281603H" duration="00:00:00.0001549" startTime="2026-10-01T16:51:02.2661495+08:00" endTime="2026-10-01T16:51:02.2661496+08:00" testType="13cdc9d9-ddb5-4fa4-a97d-d965ccfc6d4b" outcome="Passed" testListId="8c84fa94-04c1-424b-9868-57a2d4851a1d" relativeResultsDirectory="6bd9a3cf-72a2-4488-8c2b-6854f9391c03" />
    <UnitTestResult executionId="bfbbb464-99df-4ec3-9273-481957a89b4c" testId="f48730bb-175c-ada5-29bb-e2a4fbd898a9" testName="Controller550W.Tests.V2Tests.CancelReturnsToRunningWithoutClose" computerName="PC202602281603H" duration="00:00:00.0001806" startTime="2026-10-01T16:51:02.2638886+08:00" endTime="2026-10-01T16:51:02.2638887+08:00" testType="13cdc9d9-ddb5-4fa4-a97d-d965ccfc6d4b" outcome="Passed" testListId="8c84fa94-04c1-424b-9868-57a2d4851a1d" relativeResultsDirectory="bfbbb464-99df-4ec3-9273-481957a89b4c" />
    <UnitTestResult executionId="074098ed-9d83-4c55-b950-eead088ad1d3" testId="8e068486-85dd-34dc-ac2f-f4cb401387b0" testName="Controller550W.Tests.ConfigurationTests.StableRequiresThreeSuccessfulSamples(successes: 1, expected: &quot;degraded&quot;)" computerName="PC202602281603H" duration="00:00:00.0151376" startTime="2026-10-01T16:51:02.1132485+08:00" endTime="2026-10-01T16:51:02.1132870+08:00" testType="13cdc9d9-ddb5-4fa4-a97d-d965ccfc6d4b" outcome="Passed" testListId="8c84fa94-04c1-424b-9868-57a2d4851a1d" relativeResultsDirectory="074098ed-9d83-4c55-b950-eead088ad1d3" />
    <UnitTestResult executionId="cc6e3cce-4c17-464e-840e-1473aec6e1df" testId="d7abb235-4b33-ce66-9c7c-0349378da387" testName="Controller550W.Tests.V2Tests.CaptionCoordinatesRemainPhysicalAcrossDpi(scale: 2)" computerName="PC202602281603H" duration="00:00:00.0005271" startTime="2026-10-01T16:51:02.2645127+08:00" endTime="2026-10-01T16:51:02.2645128+08:00" testType="13cdc9d9-ddb5-4fa4-a97d-d965ccfc6d4b" outcome="Passed" testListId="8c84fa94-04c1-424b-9868-57a2d4851a1d" relativeResultsDirectory="cc6e3cce-4c17-464e-840e-1473aec6e1df" />
    <UnitTestResult executionId="d6d3fb6e-fdb4-425f-89bb-2c18bd24540f" testId="ba5a10ea-be58-280e-4724-d81568cbda7c" testName="Controller550W.Tests.DiagnosticExportTests.KnownEventsRetainUsefulMetricsWithoutNamesPathsOrFreeText(eventName: &quot;ManagedCloseState&quot;, detail: &quot;Private application, AppClosing, session=secret&quot;, expected: &quot;phase=AppClosing&quot;)" computerName="PC202602281603H" duration="00:00:00.0009525" startTime="2026-10-01T16:51:02.3967624+08:00" endTime="2026-10-01T16:51:02.3967625+08:00" testType="13cdc9d9-ddb5-4fa4-a97d-d965ccfc6d4b" outcome="Passed" testListId="8c84fa94-04c1-424b-9868-57a2d4851a1d" relativeResultsDirectory="d6d3fb6e-fdb4-425f-89bb-2c18bd24540f" />
    <UnitTestResult executionId="b69a68d6-d230-49bd-9f4a-c6cdbf0cb7c8" testId="92d582ab-2962-5c92-311a-fed16040251c" testName="Controller550W.Tests.V2Tests.ConfirmedFailureAllowsNormalCloseExactlyOnce" computerName="PC202602281603H" duration="00:00:00.0001301" startTime="2026-10-01T16:51:02.2818143+08:00" endTime="2026-10-01T16:51:02.2818143+08:00" testType="13cdc9d9-ddb5-4fa4-a97d-d965ccfc6d4b" outcome="Passed" testListId="8c84fa94-04c1-424b-9868-57a2d4851a1d" relativeResultsDirectory="b69a68d6-d230-49bd-9f4a-c6cdbf0cb7c8" />
    <UnitTestResult executionId="d6bcf38d-db42-45e6-9175-b612a5399075" testId="bd3d5c16-c619-db13-6fc0-a3ec71d92c04" testName="Controller550W.Tests.LifecycleTests.DisabledProfileNeverTriggers" computerName="PC202602281603H" duration="00:00:00.0001503" startTime="2026-10-01T16:51:02.2556530+08:00" endTime="2026-10-01T16:51:02.2556531+08:00" testType="13cdc9d9-ddb5-4fa4-a97d-d965ccfc6d4b" outcome="Passed" testListId="8c84fa94-04c1-424b-9868-57a2d4851a1d" relativeResultsDirectory="d6bcf38d-db42-45e6-9175-b612a5399075" />
    <UnitTestResult executionId="68d95cb7-191f-474b-af16-389fbb5ff08d" testId="44497ef4-1892-7533-6acf-870b07406c84" testName="Controller550W.Tests.DiagnosticExportTests.KnownEventsRetainUsefulMetricsWithoutNamesPathsOrFreeText(eventName: &quot;WM_CLOSE&quot;, detail: &quot;Private application, hwnd=31415926, sent=True&quot;, expected: &quot;sent=true&quot;)" computerName="PC202602281603H" duration="00:00:00.0004499" startTime="2026-10-01T16:51:02.3977542+08:00" endTime="2026-10-01T16:51:02.3977543+08:00" testType="13cdc9d9-ddb5-4fa4-a97d-d965ccfc6d4b" outcome="Passed" testListId="8c84fa94-04c1-424b-9868-57a2d4851a1d" relativeResultsDirectory="68d95cb7-191f-474b-af16-389fbb5ff08d" />
    <UnitTestResult executionId="6dab7d8f-c6ab-4aeb-9edb-093d3c006800" testId="839d9f97-1afa-1d02-d4c2-46dde4ba3f81" testName="Controller550W.Tests.LifecycleTests.CrashDuringProcessBootEndsOverlay" computerName="PC202602281603H" duration="00:00:00.0001602" startTime="2026-10-01T16:51:02.2564925+08:00" endTime="2026-10-01T16:51:02.2564925+08:00" testType="13cdc9d9-ddb5-4fa4-a97d-d965ccfc6d4b" outcome="Passed" testListId="8c84fa94-04c1-424b-9868-57a2d4851a1d" relativeResultsDirectory="6dab7d8f-c6ab-4aeb-9edb-093d3c006800" />
    <UnitTestResult executionId="c0d3b09e-10b5-47b1-a63d-a038df2af33b" testId="4d2fcd35-c6a3-46b7-d0d0-4025ae30816e" testName="Controller550W.Tests.V2Tests.OrdinaryExitNeverRequestsShutdownAnimation" computerName="PC202602281603H" duration="00:00:00.0001728" startTime="2026-10-01T16:51:02.2663684+08:00" endTime="2026-10-01T16:51:02.2663685+08:00" testType="13cdc9d9-ddb5-4fa4-a97d-d965ccfc6d4b" outcome="Passed" testListId="8c84fa94-04c1-424b-9868-57a2d4851a1d" relativeResultsDirectory="c0d3b09e-10b5-47b1-a63d-a038df2af33b" />
    <UnitTestResult executionId="48d33e4b-18d7-47cc-8a93-dd8c30dd3aca" testId="9c45a16f-a062-a299-6775-45f3e77e27a8" testName="Controller550W.Tests.V2Tests.CaptionCoordinatesRemainPhysicalAcrossDpi(scale: 1.25)" computerName="PC202602281603H" duration="00:00:00.0000056" startTime="2026-10-01T16:51:02.2648950+08:00" endTime="2026-10-01T16:51:02.2648950+08:00" testType="13cdc9d9-ddb5-4fa4-a97d-d965ccfc6d4b" outcome="Passed" testListId="8c84fa94-04c1-424b-9868-57a2d4851a1d" relativeResultsDirectory="48d33e4b-18d7-47cc-8a93-dd8c30dd3aca" />
    <UnitTestResult executionId="abf7c8fe-b925-42ea-8b26-ecfa7e835ba1" testId="ab3dc1d5-c881-dfab-6a25-247551691f34" testName="Controller550W.Tests.V3ConfigurationTests.FollowGlobalUsesCurrentDefaultsAndIgnoresObsoleteProfileValues" computerName="PC202602281603H" duration="00:00:00.0003823" startTime="2026-10-01T16:51:02.2203357+08:00" endTime="2026-10-01T16:51:02.2203358+08:00" testType="13cdc9d9-ddb5-4fa4-a97d-d965ccfc6d4b" outcome="Passed" testListId="8c84fa94-04c1-424b-9868-57a2d4851a1d" relativeResultsDirectory="abf7c8fe-b925-42ea-8b26-ecfa7e835ba1" />
    <UnitTestResult executionId="05dd438d-b490-42c9-b590-5fb44b526416" testId="577e7ba4-2fe8-32d3-ba72-cda1f862d9ca" testName="Controller550W.Tests.V3ConfigurationTests.V2MigrationPreservesCustomizedAppsButLetsUntouchedAppsFollowGlobal" computerName="PC202602281603H" duration="00:00:00.0112742" startTime="2026-10-01T16:51:02.2326773+08:00" endTime="2026-10-01T16:51:02.2326773+08:00" testType="13cdc9d9-ddb5-4fa4-a97d-d965ccfc6d4b" outcome="Passed" testListId="8c84fa94-04c1-424b-9868-57a2d4851a1d" relativeResultsDirectory="05dd438d-b490-42c9-b590-5fb44b526416" />
    <UnitTestResult executionId="7a7d526d-3619-4b2e-afd8-12308ea646ad" testId="246a0c94-dd8d-199c-3051-4b10024a9988" testName="Controller550W.Tests.ConfigurationTests.CorruptConfigIsPreservedAndRecovers" computerName="PC202602281603H" duration="00:00:00.0358718" startTime="2026-10-01T16:51:02.3069641+08:00" endTime="2026-10-01T16:51:02.3069643+08:00" testType="13cdc9d9-ddb5-4fa4-a97d-d965ccfc6d4b" outcome="Passed" testListId="8c84fa94-04c1-424b-9868-57a2d4851a1d" relativeResultsDirectory="7a7d526d-3619-4b2e-afd8-12308ea646ad" />
    <UnitTestResult executionId="c4e4b072-91e1-48e7-934d-dbc62ff545ce" testId="f430841a-a0a8-69eb-9bd4-a87d1af96182" testName="Controller550W.Tests.V2Tests.UnsafeCaptionRectangleFallsBack" computerName="PC202602281603H" duration="00:00:00.0001423" startTime="2026-10-01T16:51:02.2812970+08:00" endTime="2026-10-01T16:51:02.2812971+08:00" testType="13cdc9d9-ddb5-4fa4-a97d-d965ccfc6d4b" outcome="Passed" testListId="8c84fa94-04c1-424b-9868-57a2d4851a1d" relativeResultsDirectory="c4e4b072-91e1-48e7-934d-dbc62ff545ce" />
    <UnitTestResult executionId="8e195b0c-5aa4-4da1-9a0f-ca2954b3f7a2" testId="86585fe1-a0db-bf67-3e18-ce518942c937" testName="Controller550W.Tests.LifecycleTests.MultipleWindowsDoNotRepeatBootOrPrematurelyShutdown" computerName="PC202602281603H" duration="00:00:00.0002643" startTime="2026-10-01T16:51:02.2550466+08:00" endTime="2026-10-01T16:51:02.2550467+08:00" testType="13cdc9d9-ddb5-4fa4-a97d-d965ccfc6d4b" outcome="Passed" testListId="8c84fa94-04c1-424b-9868-57a2d4851a1d" relativeResultsDirectory="8e195b0c-5aa4-4da1-9a0f-ca2954b3f7a2" />
    <UnitTestResult executionId="037b81fb-7ba4-40fe-830f-ee972e258de8" testId="3dd5ab7c-15f3-a2cc-1e10-b233d04b7e3f" testName="Controller550W.Tests.LifecycleTests.SeparateProfilesMaintainIndependentState" computerName="PC202602281603H" duration="00:00:00.0002834" startTime="2026-10-01T16:51:02.2547296+08:00" endTime="2026-10-01T16:51:02.2547296+08:00" testType="13cdc9d9-ddb5-4fa4-a97d-d965ccfc6d4b" outcome="Passed" testListId="8c84fa94-04c1-424b-9868-57a2d4851a1d" relativeResultsDirectory="037b81fb-7ba4-40fe-830f-ee972e258de8" />
    <UnitTestResult executionId="166bb6e5-4def-41b4-9900-841208b6f6ab" testId="e084d7e9-2b94-f75e-8f66-0aba191e39f3" testName="Controller550W.Tests.ConfigurationTests.StableRequiresThreeSuccessfulSamples(successes: 0, expected: &quot;offline&quot;)" computerName="PC202602281603H" duration="00:00:00.0000103" startTime="2026-10-01T16:51:02.1173422+08:00" endTime="2026-10-01T16:51:02.1173422+08:00" testType="13cdc9d9-ddb5-4fa4-a97d-d965ccfc6d4b" outcome="Passed" testListId="8c84fa94-04c1-424b-9868-57a2d4851a1d" relativeResultsDirectory="166bb6e5-4def-41b4-9900-841208b6f6ab" />
    <UnitTestResult executionId="4e14b456-cfe0-42fa-865c-0046c303df6d" testId="cce6feb6-8799-82f9-38cc-b0e0e3c71810" testName="Controller550W.Tests.LifecycleTests.HelpersDoNotRepeatBoot" computerName="PC202602281603H" duration="00:00:00.0028347" startTime="2026-10-01T16:51:02.2528482+08:00" endTime="2026-10-01T16:51:02.2528483+08:00" testType="13cdc9d9-ddb5-4fa4-a97d-d965ccfc6d4b" outcome="Passed" testListId="8c84fa94-04c1-424b-9868-57a2d4851a1d" relativeResultsDirectory="4e14b456-cfe0-42fa-865c-0046c303df6d" />
    <UnitTestResult executionId="8401c3ac-3c59-4b99-836b-873c70b56e6b" testId="8f6605e0-a56e-88f4-6908-60614d724957" testName="Controller550W.Tests.DiagnosticExportTests.ExportConfigurationIncludesTuningButExcludesEveryIdentityAndFreeText" computerName="PC202602281603H" duration="00:00:00.0053413" startTime="2026-10-01T16:51:02.4135579+08:00" endTime="2026-10-01T16:51:02.4135580+08:00" testType="13cdc9d9-ddb5-4fa4-a97d-d965ccfc6d4b" outcome="Passed" testListId="8c84fa94-04c1-424b-9868-57a2d4851a1d" relativeResultsDirectory="8401c3ac-3c59-4b99-836b-873c70b56e6b" />
    <UnitTestResult executionId="adddd917-2e1b-4674-90e0-0e0304679ce1" testId="c18806b3-d6a9-6799-5383-2c898aca7054" testName="Controller550W.Tests.LifecycleTests.ReadinessRequiresSameResponsiveWindowAndResetsOnFailure" computerName="PC202602281603H" duration="00:00:00.0001508" startTime="2026-10-01T16:51:02.2558610+08:00" endTime="2026-10-01T16:51:02.2558611+08:00" testType="13cdc9d9-ddb5-4fa4-a97d-d965ccfc6d4b" outcome="Passed" testListId="8c84fa94-04c1-424b-9868-57a2d4851a1d" relativeResultsDirectory="adddd917-2e1b-4674-90e0-0e0304679ce1" />
    <UnitTestResult executionId="1ca72b25-60d6-40c4-a5c0-4e82561d7758" testId="129116ca-170f-3bda-7464-323fe366388b" testName="Controller550W.Tests.DiagnosticExportTests.ArchiveContainsOnlyAllowedFilesAndSanitizedCurrentRunLogs" computerName="PC202602281603H" duration="00:00:00.3004891" startTime="2026-10-01T16:51:02.3950112+08:00" endTime="2026-10-01T16:51:02.3950114+08:00" testType="13cdc9d9-ddb5-4fa4-a97d-d965ccfc6d4b" outcome="Passed" testListId="8c84fa94-04c1-424b-9868-57a2d4851a1d" relativeResultsDirectory="1ca72b25-60d6-40c4-a5c0-4e82561d7758" />
    <UnitTestResult executionId="52b56e65-7602-49a3-9eb0-e9685b837f8b" testId="48539d81-e352-ea1f-fda4-f916e8a63e4a" testName="Controller550W.Tests.LifecycleTests.SlowAndFastReadyKeepTheirConfiguredStability(seconds: 5)" computerName="PC202602281603H" duration="00:00:00.0001606" startTime="2026-10-01T16:51:02.2543628+08:00" endTime="2026-10-01T16:51:02.2543629+08:00" testType="13cdc9d9-ddb5-4fa4-a97d-d965ccfc6d4b" outcome="Passed" testListId="8c84fa94-04c1-424b-9868-57a2d4851a1d" relativeResultsDirectory="52b56e65-7602-49a3-9eb0-e9685b837f8b" />
    <UnitTestResult executionId="f93446cd-1279-4e20-8e60-7f33e4bb898c" testId="e99021be-22b2-95c2-3236-9c3ff0119325" testName="Controller550W.Tests.ConfigurationTests.ConfigAndSoundSettingsRoundTrip" computerName="PC202602281603H" duration="00:00:00.1037450" startTime="2026-10-01T16:51:02.2325982+08:00" endTime="2026-10-01T16:51:02.2325985+08:00" testType="13cdc9d9-ddb5-4fa4-a97d-d965ccfc6d4b" outcome="Passed" testListId="8c84fa94-04c1-424b-9868-57a2d4851a1d" relativeResultsDirectory="f93446cd-1279-4e20-8e60-7f33e4bb898c" />
    <UnitTestResult executionId="e3f299cd-d677-401f-829c-1e92f31a4fd3" testId="9e822c85-5547-d7af-2e66-3a000818398b" testName="Controller550W.Tests.V2Tests.MigratesV1WithoutLosingAudioOrProfiles" computerName="PC202602281603H" duration="00:00:00.0138104" startTime="2026-10-01T16:51:02.2811036+08:00" endTime="2026-10-01T16:51:02.2811038+08:00" testType="13cdc9d9-ddb5-4fa4-a97d-d965ccfc6d4b" outcome="Passed" testListId="8c84fa94-04c1-424b-9868-57a2d4851a1d" relativeResultsDirectory="e3f299cd-d677-401f-829c-1e92f31a4fd3" />
    <UnitTestResult executionId="5cbb0bd1-b149-46a3-936e-53d6cc949fbb" testId="cfd295e5-789c-a188-296d-75f4c7824af9" testName="Controller550W.Tests.ConfigurationTests.HighJitterIsUnstable" computerName="PC202602281603H" duration="00:00:00.0001655" startTime="2026-10-01T16:51:02.1472988+08:00" endTime="2026-10-01T16:51:02.1472988+08:00" testType="13cdc9d9-ddb5-4fa4-a97d-d965ccfc6d4b" outcome="Passed" testListId="8c84fa94-04c1-424b-9868-57a2d4851a1d" relativeResultsDirectory="5cbb0bd1-b149-46a3-936e-53d6cc949fbb" />
    <UnitTestResult executionId="912a4800-ad82-4af9-805b-42fbe463a381" testId="d924632d-070d-851d-2ec9-46f5970de3cb" testName="Controller550W.Tests.V2Tests.CaptionCoordinatesRemainPhysicalAcrossDpi(scale: 1.5)" computerName="PC202602281603H" duration="00:00:00.0002158" startTime="2026-10-01T16:51:02.2647719+08:00" endTime="2026-10-01T16:51:02.2647720+08:00" testType="13cdc9d9-ddb5-4fa4-a97d-d965ccfc6d4b" outcome="Passed" testListId="8c84fa94-04c1-424b-9868-57a2d4851a1d" relativeResultsDirectory="912a4800-ad82-4af9-805b-42fbe463a381" />
    <UnitTestResult executionId="88adcf29-8f17-4182-b7b5-4eff57b1dcaf" testId="46b00c05-08c6-5b3d-1013-e1ab4a393f48" testName="Controller550W.Tests.V3ConfigurationTests.IndependentModeStartsFromCurrentDefaultsAndStaysIndependent" computerName="PC202602281603H" duration="00:00:00.0004241" startTime="2026-10-01T16:51:02.2346682+08:00" endTime="2026-10-01T16:51:02.2346683+08:00" testType="13cdc9d9-ddb5-4fa4-a97d-d965ccfc6d4b" outcome="Passed" testListId="8c84fa94-04c1-424b-9868-57a2d4851a1d" relativeResultsDirectory="88adcf29-8f17-4182-b7b5-4eff57b1dcaf" />
    <UnitTestResult executionId="6927248a-10f8-480a-80e5-05a245576495" testId="1c3882f8-0d17-28fe-9bbc-e78a6c742527" testName="Controller550W.Tests.ConfigurationTests.AtomicSaveRetainsPreviousConfigBackup" computerName="PC202602281603H" duration="00:00:00.0383388" startTime="2026-10-01T16:51:02.2710037+08:00" endTime="2026-10-01T16:51:02.2710038+08:00" testType="13cdc9d9-ddb5-4fa4-a97d-d965ccfc6d4b" outcome="Passed" testListId="8c84fa94-04c1-424b-9868-57a2d4851a1d" relativeResultsDirectory="6927248a-10f8-480a-80e5-05a245576495" />
    <UnitTestResult executionId="d8ac865f-e72d-4a01-bc82-9d2d7b6d79e8" testId="b1ad8db7-76b8-71e0-1fc6-45e70dff5c2d" testName="Controller550W.Tests.V3ConfigurationTests.BulkApplyCopiesReusableSettingsWhilePreservingEveryApplicationIdentity" computerName="PC202602281603H" duration="00:00:00.0131430" startTime="2026-10-01T16:51:02.2496743+08:00" endTime="2026-10-01T16:51:02.2496743+08:00" testType="13cdc9d9-ddb5-4fa4-a97d-d965ccfc6d4b" outcome="Passed" testListId="8c84fa94-04c1-424b-9868-57a2d4851a1d" relativeResultsDirectory="d8ac865f-e72d-4a01-bc82-9d2d7b6d79e8" />
    <UnitTestResult executionId="55be0376-ae9c-4902-9b64-7717b73bf7cc" testId="3ffa4f7b-a1dd-ff60-6871-e0501efb4c78" testName="Controller550W.Tests.LifecycleTests.DotsInExecutableNamesRemainPartOfTheName(configured: &quot;ai.client.v2.EXE&quot;, observed: &quot;AI.Client.v2&quot;)" computerName="PC202602281603H" duration="00:00:00.0000178" startTime="2026-10-01T16:51:02.2536831+08:00" endTime="2026-10-01T16:51:02.2536832+08:00" testType="13cdc9d9-ddb5-4fa4-a97d-d965ccfc6d4b" outcome="Passed" testListId="8c84fa94-04c1-424b-9868-57a2d4851a1d" relativeResultsDirectory="55be0376-ae9c-4902-9b64-7717b73bf7cc" />
    <UnitTestResult executionId="03ca859c-9846-48b5-b989-461079c8db82" testId="9c68d14a-b1fe-5eda-ff40-778411e4e06b" testName="Controller550W.Tests.LifecycleTests.ExistingAppAtLoginDoesNotPlayBoot" computerName="PC202602281603H" duration="00:00:00.0001354" startTime="2026-10-01T16:51:02.2563918+08:00" endTime="2026-10-01T16:51:02.2563918+08:00" testType="13cdc9d9-ddb5-4fa4-a97d-d965ccfc6d4b" outcome="Passed" testListId="8c84fa94-04c1-424b-9868-57a2d4851a1d" relativeResultsDirectory="03ca859c-9846-48b5-b989-461079c8db82" />
    <UnitTestResult executionId="b306c6be-f7c5-4d85-9e53-4f0c822f2ea6" testId="7c8e1b96-730d-c13b-0463-7e4ecdb612e0" testName="Controller550W.Tests.LifecycleTests.SlowAndFastReadyKeepTheirConfiguredStability(seconds: 2)" computerName="PC202602281603H" duration="00:00:00.0000167" startTime="2026-10-01T16:51:02.2544091+08:00" endTime="2026-10-01T16:51:02.2544092+08:00" testType="13cdc9d9-ddb5-4fa4-a97d-d965ccfc6d4b" outcome="Passed" testListId="8c84fa94-04c1-424b-9868-57a2d4851a1d" relativeResultsDirectory="b306c6be-f7c5-4d85-9e53-4f0c822f2ea6" />
    <UnitTestResult executionId="bd0d744d-e258-4d97-b68c-b7802cfccc07" testId="462cfcbc-8e7f-9950-aa00-7511c0e831ef" testName="Controller550W.Tests.V2Tests.ManagedLaunchDeduplicatesFirstProcessAndWindow" computerName="PC202602281603H" duration="00:00:00.0003590" startTime="2026-10-01T16:51:02.2672173+08:00" endTime="2026-10-01T16:51:02.2672174+08:00" testType="13cdc9d9-ddb5-4fa4-a97d-d965ccfc6d4b" outcome="Passed" testListId="8c84fa94-04c1-424b-9868-57a2d4851a1d" relativeResultsDirectory="bd0d744d-e258-4d97-b68c-b7802cfccc07" />
    <UnitTestResult executionId="1021716a-8d7e-421f-9b6e-9ddf37dd3279" testId="cfcd86fc-a9b0-2fc4-3a80-9997c5806f59" testName="Controller550W.Tests.V3ConfigurationTests.BulkApplyUsesVisibleGlobalDefaultsWhenSourceFollowsGlobal" computerName="PC202602281603H" duration="00:00:00.0016686" startTime="2026-10-01T16:51:02.2352703+08:00" endTime="2026-10-01T16:51:02.2352704+08:00" testType="13cdc9d9-ddb5-4fa4-a97d-d965ccfc6d4b" outcome="Passed" testListId="8c84fa94-04c1-424b-9868-57a2d4851a1d" relativeResultsDirectory="1021716a-8d7e-421f-9b6e-9ddf37dd3279" />
    <UnitTestResult executionId="f37c34a8-2e1f-4826-9244-92ed1968125e" testId="0890fa60-ea56-1357-655c-506ea47273d0" testName="Controller550W.Tests.ConfigurationTests.StableRequiresThreeSuccessfulSamples(successes: 2, expected: &quot;degraded&quot;)" computerName="PC202602281603H" duration="00:00:00.0000073" startTime="2026-10-01T16:51:02.1173818+08:00" endTime="2026-10-01T16:51:02.1173819+08:00" testType="13cdc9d9-ddb5-4fa4-a97d-d965ccfc6d4b" outcome="Passed" testListId="8c84fa94-04c1-424b-9868-57a2d4851a1d" relativeResultsDirectory="f37c34a8-2e1f-4826-9244-92ed1968125e" />
    <UnitTestResult executionId="f2c4fa56-a7db-472d-b7f5-a2edea211630" testId="fba1076e-e2b6-102b-e8f1-068f49269e40" testName="Controller550W.Tests.LifecycleTests.TrayHideReportsStopAndReopenMayPlayBoot" computerName="PC202602281603H" duration="00:00:00.0001983" startTime="2026-10-01T16:51:02.2554472+08:00" endTime="2026-10-01T16:51:02.2554473+08:00" testType="13cdc9d9-ddb5-4fa4-a97d-d965ccfc6d4b" outcome="Passed" testListId="8c84fa94-04c1-424b-9868-57a2d4851a1d" relativeResultsDirectory="f2c4fa56-a7db-472d-b7f5-a2edea211630" />
    <UnitTestResult executionId="deb5689b-ecd0-4eee-8e70-397468acc54a" testId="de39786d-4478-2ad5-b77f-fd3af4d99a61" testName="Controller550W.Tests.V2Tests.CloseRequiresConfirmationAndRenderedOverlay" computerName="PC202602281603H" duration="00:00:00.1725620" startTime="2026-10-01T16:51:02.2636519+08:00" endTime="2026-10-01T16:51:02.2636520+08:00" testType="13cdc9d9-ddb5-4fa4-a97d-d965ccfc6d4b" outcome="Passed" testListId="8c84fa94-04c1-424b-9868-57a2d4851a1d" relativeResultsDirectory="deb5689b-ecd0-4eee-8e70-397468acc54a" />
    <UnitTestResult executionId="93643488-bcd5-4f84-af76-34afa5541e57" testId="56f1596e-ea50-0120-43b6-eda0ac592700" testName="Controller550W.Tests.ConfigurationTests.ValidationBoundsTimersAndFiltersEndpoints" computerName="PC202602281603H" duration="00:00:00.0101737" startTime="2026-10-01T16:51:02.1475374+08:00" endTime="2026-10-01T16:51:02.1475374+08:00" testType="13cdc9d9-ddb5-4fa4-a97d-d965ccfc6d4b" outcome="Passed" testListId="8c84fa94-04c1-424b-9868-57a2d4851a1d" relativeResultsDirectory="93643488-bcd5-4f84-af76-34afa5541e57" />
    <UnitTestResult executionId="1be8a51f-90f8-452e-8d5d-58ecb512c118" testId="ad81afaf-5892-787c-9e6f-e073628401ec" testName="Controller550W.Tests.LifecycleTests.OneHelperExitDoesNotStopTheApplication" computerName="PC202602281603H" duration="00:00:00.1588554" startTime="2026-10-01T16:51:02.2499353+08:00" endTime="2026-10-01T16:51:02.2499354+08:00" testType="13cdc9d9-ddb5-4fa4-a97d-d965ccfc6d4b" outcome="Passed" testListId="8c84fa94-04c1-424b-9868-57a2d4851a1d" relativeResultsDirectory="1be8a51f-90f8-452e-8d5d-58ecb512c118" />
    <UnitTestResult executionId="3484e529-125a-4c77-bfb3-fcb5f46e2367" testId="f1dcd9f3-2b48-08b2-9df4-07285c4da3ca" testName="Controller550W.Tests.DiagnosticExportTests.StorageFailureNeverBreaksLoggingOrExceptionHandling" computerName="PC202602281603H" duration="00:00:00.0164094" startTime="2026-10-01T16:51:02.4300267+08:00" endTime="2026-10-01T16:51:02.4300269+08:00" testType="13cdc9d9-ddb5-4fa4-a97d-d965ccfc6d4b" outcome="Passed" testListId="8c84fa94-04c1-424b-9868-57a2d4851a1d" relativeResultsDirectory="3484e529-125a-4c77-bfb3-fcb5f46e2367" />
    <UnitTestResult executionId="8f8d5276-f57e-41d0-b5b2-307124e005bb" testId="f4d3c49d-a215-d1a9-7c4f-70a68a260fe9" testName="Controller550W.Tests.DiagnosticExportTests.KnownEventsRetainUsefulMetricsWithoutNamesPathsOrFreeText(eventName: &quot;FIRST_VISUAL&quot;, detail: &quot;Private application, mode=optimized, latency=12.4m&quot;···, expected: &quot;latency=12.4&quot;)" computerName="PC202602281603H" duration="00:00:00.0006955" startTime="2026-10-01T16:51:02.3957809+08:00" endTime="2026-10-01T16:51:02.3957810+08:00" testType="13cdc9d9-ddb5-4fa4-a97d-d965ccfc6d4b" outcome="Passed" testListId="8c84fa94-04c1-424b-9868-57a2d4851a1d" relativeResultsDirectory="8f8d5276-f57e-41d0-b5b2-307124e005bb" />
  </Results>
  <TestDefinitions>
    <UnitTest name="Controller550W.Tests.V2Tests.ConfirmedFailureAllowsNormalCloseExactlyOnce" storage="c:\users\administrator\documents\codex\2026-09-30\files-pasted-by-the-user-windows\outputs\550w-ai-controller-source\tests\550w.tests\bin\release\net8.0\550w.tests.dll" id="92d582ab-2962-5c92-311a-fed16040251c">
      <Execution id="b69a68d6-d230-49bd-9f4a-c6cdbf0cb7c8" />
      <TestMethod codeBase="C:\Users\Administrator\Documents\Codex\2026-09-30\files-pasted-by-the-user-windows\outputs\550W-AI-Controller-Source\tests\550W.Tests\bin\Release\net8.0\550W.Tests.dll" adapterTypeName="executor://xunit/VsTestRunner2/netcoreapp" className="Controller550W.Tests.V2Tests" name="ConfirmedFailureAllowsNormalCloseExactlyOnce" />
    </UnitTest>
    <UnitTest name="Controller550W.Tests.V2Tests.ManagedLaunchDeduplicatesFirstProcessAndWindow" storage="c:\users\administrator\documents\codex\2026-09-30\files-pasted-by-the-user-windows\outputs\550w-ai-controller-source\tests\550w.tests\bin\release\net8.0\550w.tests.dll" id="462cfcbc-8e7f-9950-aa00-7511c0e831ef">
      <Execution id="bd0d744d-e258-4d97-b68c-b7802cfccc07" />
      <TestMethod codeBase="C:\Users\Administrator\Documents\Codex\2026-09-30\files-pasted-by-the-user-windows\outputs\550W-AI-Controller-Source\tests\550W.Tests\bin\Release\net8.0\550W.Tests.dll" adapterTypeName="executor://xunit/VsTestRunner2/netcoreapp" className="Controller550W.Tests.V2Tests" name="ManagedLaunchDeduplicatesFirstProcessAndWindow" />
    </UnitTest>
    <UnitTest name="Controller550W.Tests.V3ConfigurationTests.LegacyCustomMinimumRetainsThePreviouslyLargerGlobalMinimum" storage="c:\users\administrator\documents\codex\2026-09-30\files-pasted-by-the-user-windows\outputs\550w-ai-controller-source\tests\550w.tests\bin\release\net8.0\550w.tests.dll" id="1eee5067-8582-2d03-e1db-bf21306a54c2">
      <Execution id="47a6a051-b15e-4c91-adb8-8301b526d4eb" />
      <TestMethod codeBase="C:\Users\Administrator\Documents\Codex\2026-09-30\files-pasted-by-the-user-windows\outputs\550W-AI-Controller-Source\tests\550W.Tests\bin\Release\net8.0\550W.Tests.dll" adapterTypeName="executor://xunit/VsTestRunner2/netcoreapp" className="Controller550W.Tests.V3ConfigurationTests" name="LegacyCustomMinimumRetainsThePreviouslyLargerGlobalMinimum" />
    </UnitTest>
    <UnitTest name="Controller550W.Tests.DiagnosticExportTests.ExportCancellationLeavesNoPartialArchive" storage="c:\users\administrator\documents\codex\2026-09-30\files-pasted-by-the-user-windows\outputs\550w-ai-controller-source\tests\550w.tests\bin\release\net8.0\550w.tests.dll" id="14424a31-a859-57f4-4c25-d0788262f870">
      <Execution id="68e46d8b-771e-40a9-b4f7-d59c6edaf449" />
      <TestMethod codeBase="C:\Users\Administrator\Documents\Codex\2026-09-30\files-pasted-by-the-user-windows\outputs\550W-AI-Controller-Source\tests\550W.Tests\bin\Release\net8.0\550W.Tests.dll" adapterTypeName="executor://xunit/VsTestRunner2/netcoreapp" className="Controller550W.Tests.DiagnosticExportTests" name="ExportCancellationLeavesNoPartialArchive" />
    </UnitTest>
    <UnitTest name="Controller550W.Tests.DiagnosticExportTests.UnknownEventsAndMalformedLinesCannotSmuggleSensitiveText" storage="c:\users\administrator\documents\codex\2026-09-30\files-pasted-by-the-user-windows\outputs\550w-ai-controller-source\tests\550w.tests\bin\release\net8.0\550w.tests.dll" id="2e26d8f9-49da-44d0-f843-9f020e87fa59">
      <Execution id="23dfbb6b-3ffa-42ce-9a0f-fd29735643b0" />
      <TestMethod codeBase="C:\Users\Administrator\Documents\Codex\2026-09-30\files-pasted-by-the-user-windows\outputs\550W-AI-Controller-Source\tests\550W.Tests\bin\Release\net8.0\550W.Tests.dll" adapterTypeName="executor://xunit/VsTestRunner2/netcoreapp" className="Controller550W.Tests.DiagnosticExportTests" name="UnknownEventsAndMalformedLinesCannotSmuggleSensitiveText" />
    </UnitTest>
    <UnitTest name="Controller550W.Tests.V2Tests.ProfileV2SettingsRoundTrip" storage="c:\users\administrator\documents\codex\2026-09-30\files-pasted-by-the-user-windows\outputs\550w-ai-controller-source\tests\550w.tests\bin\release\net8.0\550w.tests.dll" id="983a6f23-fd72-db1d-de45-079f8d0ae00d">
      <Execution id="cd2e0b11-7d23-4e30-a3f3-8f30fbcdcdd9" />
      <TestMethod codeBase="C:\Users\Administrator\Documents\Codex\2026-09-30\files-pasted-by-the-user-windows\outputs\550W-AI-Controller-Source\tests\550W.Tests\bin\Release\net8.0\550W.Tests.dll" adapterTypeName="executor://xunit/VsTestRunner2/netcoreapp" className="Controller550W.Tests.V2Tests" name="ProfileV2SettingsRoundTrip" />
    </UnitTest>
    <UnitTest name="Controller550W.Tests.V2Tests.UnsafeCaptionRectangleFallsBack" storage="c:\users\administrator\documents\codex\2026-09-30\files-pasted-by-the-user-windows\outputs\550w-ai-controller-source\tests\550w.tests\bin\release\net8.0\550w.tests.dll" id="f430841a-a0a8-69eb-9bd4-a87d1af96182">
      <Execution id="c4e4b072-91e1-48e7-934d-dbc62ff545ce" />
      <TestMethod codeBase="C:\Users\Administrator\Documents\Codex\2026-09-30\files-pasted-by-the-user-windows\outputs\550W-AI-Controller-Source\tests\550W.Tests\bin\Release\net8.0\550W.Tests.dll" adapterTypeName="executor://xunit/VsTestRunner2/netcoreapp" className="Controller550W.Tests.V2Tests" name="UnsafeCaptionRectangleFallsBack" />
    </UnitTest>
    <UnitTest name="Controller550W.Tests.DiagnosticExportTests.KnownEventsRetainUsefulMetricsWithoutNamesPathsOrFreeText(eventName: &quot;WM_CLOSE&quot;, detail: &quot;Private application, hwnd=31415926, sent=True&quot;, expected: &quot;sent=true&quot;)" storage="c:\users\administrator\documents\codex\2026-09-30\files-pasted-by-the-user-windows\outputs\550w-ai-controller-source\tests\550w.tests\bin\release\net8.0\550w.tests.dll" id="44497ef4-1892-7533-6acf-870b07406c84">
      <Execution id="68d95cb7-191f-474b-af16-389fbb5ff08d" />
      <TestMethod codeBase="C:\Users\Administrator\Documents\Codex\2026-09-30\files-pasted-by-the-user-windows\outputs\550W-AI-Controller-Source\tests\550W.Tests\bin\Release\net8.0\550W.Tests.dll" adapterTypeName="executor://xunit/VsTestRunner2/netcoreapp" className="Controller550W.Tests.DiagnosticExportTests" name="KnownEventsRetainUsefulMetricsWithoutNamesPathsOrFreeText" />
    </UnitTest>
    <UnitTest name="Controller550W.Tests.LifecycleTests.HelpersDoNotRepeatBoot" storage="c:\users\administrator\documents\codex\2026-09-30\files-pasted-by-the-user-windows\outputs\550w-ai-controller-source\tests\550w.tests\bin\release\net8.0\550w.tests.dll" id="cce6feb6-8799-82f9-38cc-b0e0e3c71810">
      <Execution id="4e14b456-cfe0-42fa-865c-0046c303df6d" />
      <TestMethod codeBase="C:\Users\Administrator\Documents\Codex\2026-09-30\files-pasted-by-the-user-windows\outputs\550W-AI-Controller-Source\tests\550W.Tests\bin\Release\net8.0\550W.Tests.dll" adapterTypeName="executor://xunit/VsTestRunner2/netcoreapp" className="Controller550W.Tests.LifecycleTests" name="HelpersDoNotRepeatBoot" />
    </UnitTest>
    <UnitTest name="Controller550W.Tests.V2Tests.StartupWindowRebuildDoesNotRepeatBoot" storage="c:\users\administrator\documents\codex\2026-09-30\files-pasted-by-the-user-windows\outputs\550w-ai-controller-source\tests\550w.tests\bin\release\net8.0\550w.tests.dll" id="02d1b466-d44e-3071-ea9b-497afec82e3d">
      <Execution id="5ee6d720-9a8a-465b-81c7-021d7597cdd2" />
      <TestMethod codeBase="C:\Users\Administrator\Documents\Codex\2026-09-30\files-pasted-by-the-user-windows\outputs\550W-AI-Controller-Source\tests\550W.Tests\bin\Release\net8.0\550W.Tests.dll" adapterTypeName="executor://xunit/VsTestRunner2/netcoreapp" className="Controller550W.Tests.V2Tests" name="StartupWindowRebuildDoesNotRepeatBoot" />
    </UnitTest>
    <UnitTest name="Controller550W.Tests.LifecycleTests.MultipleWindowsDoNotRepeatBootOrPrematurelyShutdown" storage="c:\users\administrator\documents\codex\2026-09-30\files-pasted-by-the-user-windows\outputs\550w-ai-controller-source\tests\550w.tests\bin\release\net8.0\550w.tests.dll" id="86585fe1-a0db-bf67-3e18-ce518942c937">
      <Execution id="8e195b0c-5aa4-4da1-9a0f-ca2954b3f7a2" />
      <TestMethod codeBase="C:\Users\Administrator\Documents\Codex\2026-09-30\files-pasted-by-the-user-windows\outputs\550W-AI-Controller-Source\tests\550W.Tests\bin\Release\net8.0\550W.Tests.dll" adapterTypeName="executor://xunit/VsTestRunner2/netcoreapp" className="Controller550W.Tests.LifecycleTests" name="MultipleWindowsDoNotRepeatBootOrPrematurelyShutdown" />
    </UnitTest>
    <UnitTest name="Controller550W.Tests.V2Tests.OrdinaryExitNeverRequestsShutdownAnimation" storage="c:\users\administrator\documents\codex\2026-09-30\files-pasted-by-the-user-windows\outputs\550w-ai-controller-source\tests\550w.tests\bin\release\net8.0\550w.tests.dll" id="4d2fcd35-c6a3-46b7-d0d0-4025ae30816e">
      <Execution id="c0d3b09e-10b5-47b1-a63d-a038df2af33b" />
      <TestMethod codeBase="C:\Users\Administrator\Documents\Codex\2026-09-30\files-pasted-by-the-user-windows\outputs\550W-AI-Controller-Source\tests\550W.Tests\bin\Release\net8.0\550W.Tests.dll" adapterTypeName="executor://xunit/VsTestRunner2/netcoreapp" className="Controller550W.Tests.V2Tests" name="OrdinaryExitNeverRequestsShutdownAnimation" />
    </UnitTest>
    <UnitTest name="Controller550W.Tests.ConfigurationTests.StableRequiresThreeSuccessfulSamples(successes: 1, expected: &quot;degraded&quot;)" storage="c:\users\administrator\documents\codex\2026-09-30\files-pasted-by-the-user-windows\outputs\550w-ai-controller-source\tests\550w.tests\bin\release\net8.0\550w.tests.dll" id="8e068486-85dd-34dc-ac2f-f4cb401387b0">
      <Execution id="074098ed-9d83-4c55-b950-eead088ad1d3" />
      <TestMethod codeBase="C:\Users\Administrator\Documents\Codex\2026-09-30\files-pasted-by-the-user-windows\outputs\550W-AI-Controller-Source\tests\550W.Tests\bin\Release\net8.0\550W.Tests.dll" adapterTypeName="executor://xunit/VsTestRunner2/netcoreapp" className="Controller550W.Tests.ConfigurationTests" name="StableRequiresThreeSuccessfulSamples" />
    </UnitTest>
    <UnitTest name="Controller550W.Tests.V3ConfigurationTests.NewParametersAreBoundedForGlobalAndIndependentSettings" storage="c:\users\administrator\documents\codex\2026-09-30\files-pasted-by-the-user-windows\outputs\550w-ai-controller-source\tests\550w.tests\bin\release\net8.0\550w.tests.dll" id="646a654c-ab0c-7ea8-5938-0910dca1fbfc">
      <Execution id="6dee958f-3ede-43c5-b91a-1058217ad27c" />
      <TestMethod codeBase="C:\Users\Administrator\Documents\Codex\2026-09-30\files-pasted-by-the-user-windows\outputs\550W-AI-Controller-Source\tests\550W.Tests\bin\Release\net8.0\550W.Tests.dll" adapterTypeName="executor://xunit/VsTestRunner2/netcoreapp" className="Controller550W.Tests.V3ConfigurationTests" name="NewParametersAreBoundedForGlobalAndIndependentSettings" />
    </UnitTest>
    <UnitTest name="Controller550W.Tests.ConfigurationTests.ValidationBoundsTimersAndFiltersEndpoints" storage="c:\users\administrator\documents\codex\2026-09-30\files-pasted-by-the-user-windows\outputs\550w-ai-controller-source\tests\550w.tests\bin\release\net8.0\550w.tests.dll" id="56f1596e-ea50-0120-43b6-eda0ac592700">
      <Execution id="93643488-bcd5-4f84-af76-34afa5541e57" />
      <TestMethod codeBase="C:\Users\Administrator\Documents\Codex\2026-09-30\files-pasted-by-the-user-windows\outputs\550W-AI-Controller-Source\tests\550W.Tests\bin\Release\net8.0\550W.Tests.dll" adapterTypeName="executor://xunit/VsTestRunner2/netcoreapp" className="Controller550W.Tests.ConfigurationTests" name="ValidationBoundsTimersAndFiltersEndpoints" />
    </UnitTest>
    <UnitTest name="Controller550W.Tests.V3ConfigurationTests.BulkApplyUsesVisibleGlobalDefaultsWhenSourceFollowsGlobal" storage="c:\users\administrator\documents\codex\2026-09-30\files-pasted-by-the-user-windows\outputs\550w-ai-controller-source\tests\550w.tests\bin\release\net8.0\550w.tests.dll" id="cfcd86fc-a9b0-2fc4-3a80-9997c5806f59">
      <Execution id="1021716a-8d7e-421f-9b6e-9ddf37dd3279" />
      <TestMethod codeBase="C:\Users\Administrator\Documents\Codex\2026-09-30\files-pasted-by-the-user-windows\outputs\550W-AI-Controller-Source\tests\550W.Tests\bin\Release\net8.0\550W.Tests.dll" adapterTypeName="executor://xunit/VsTestRunner2/netcoreapp" className="Controller550W.Tests.V3ConfigurationTests" name="BulkApplyUsesVisibleGlobalDefaultsWhenSourceFollowsGlobal" />
    </UnitTest>
    <UnitTest name="Controller550W.Tests.V2Tests.CancelReturnsToRunningWithoutClose" storage="c:\users\administrator\documents\codex\2026-09-30\files-pasted-by-the-user-windows\outputs\550w-ai-controller-source\tests\550w.tests\bin\release\net8.0\550w.tests.dll" id="f48730bb-175c-ada5-29bb-e2a4fbd898a9">
      <Execution id="bfbbb464-99df-4ec3-9273-481957a89b4c" />
      <TestMethod codeBase="C:\Users\Administrator\Documents\Codex\2026-09-30\files-pasted-by-the-user-windows\outputs\550W-AI-Controller-Source\tests\550W.Tests\bin\Release\net8.0\550W.Tests.dll" adapterTypeName="executor://xunit/VsTestRunner2/netcoreapp" className="Controller550W.Tests.V2Tests" name="CancelReturnsToRunningWithoutClose" />
    </UnitTest>
    <UnitTest name="Controller550W.Tests.V3ConfigurationTests.FollowGlobalUsesCurrentDefaultsAndIgnoresObsoleteProfileValues" storage="c:\users\administrator\documents\codex\2026-09-30\files-pasted-by-the-user-windows\outputs\550w-ai-controller-source\tests\550w.tests\bin\release\net8.0\550w.tests.dll" id="ab3dc1d5-c881-dfab-6a25-247551691f34">
      <Execution id="abf7c8fe-b925-42ea-8b26-ecfa7e835ba1" />
      <TestMethod codeBase="C:\Users\Administrator\Documents\Codex\2026-09-30\files-pasted-by-the-user-windows\outputs\550W-AI-Controller-Source\tests\550W.Tests\bin\Release\net8.0\550W.Tests.dll" adapterTypeName="executor://xunit/VsTestRunner2/netcoreapp" className="Controller550W.Tests.V3ConfigurationTests" name="FollowGlobalUsesCurrentDefaultsAndIgnoresObsoleteProfileValues" />
    </UnitTest>
    <UnitTest name="Controller550W.Tests.V3ConfigurationTests.UnversionedImportMigratesAndNullSectionsAreRecovered" storage="c:\users\administrator\documents\codex\2026-09-30\files-pasted-by-the-user-windows\outputs\550w-ai-controller-source\tests\550w.tests\bin\release\net8.0\550w.tests.dll" id="b1666c83-7c2e-a574-6a0b-ff50eec4e1ab">
      <Execution id="e5dd714c-8826-4a7f-9248-f79661cf363f" />
      <TestMethod codeBase="C:\Users\Administrator\Documents\Codex\2026-09-30\files-pasted-by-the-user-windows\outputs\550W-AI-Controller-Source\tests\550W.Tests\bin\Release\net8.0\550W.Tests.dll" adapterTypeName="executor://xunit/VsTestRunner2/netcoreapp" className="Controller550W.Tests.V3ConfigurationTests" name="UnversionedImportMigratesAndNullSectionsAreRecovered" />
    </UnitTest>
    <UnitTest name="Controller550W.Tests.LifecycleTests.ProcessAndOptionalFullPathBothMatch" storage="c:\users\administrator\documents\codex\2026-09-30\files-pasted-by-the-user-windows\outputs\550w-ai-controller-source\tests\550w.tests\bin\release\net8.0\550w.tests.dll" id="7af958e0-8b83-b448-76f1-3730f16e4242">
      <Execution id="b43c94a3-cbd9-4ed5-a80a-ff92318593c0" />
      <TestMethod codeBase="C:\Users\Administrator\Documents\Codex\2026-09-30\files-pasted-by-the-user-windows\outputs\550W-AI-Controller-Source\tests\550W.Tests\bin\Release\net8.0\550W.Tests.dll" adapterTypeName="executor://xunit/VsTestRunner2/netcoreapp" className="Controller550W.Tests.LifecycleTests" name="ProcessAndOptionalFullPathBothMatch" />
    </UnitTest>
    <UnitTest name="Controller550W.Tests.V2Tests.CaptionCoordinatesRemainPhysicalAcrossDpi(scale: 1.5)" storage="c:\users\administrator\documents\codex\2026-09-30\files-pasted-by-the-user-windows\outputs\550w-ai-controller-source\tests\550w.tests\bin\release\net8.0\550w.tests.dll" id="d924632d-070d-851d-2ec9-46f5970de3cb">
      <Execution id="912a4800-ad82-4af9-805b-42fbe463a381" />
      <TestMethod codeBase="C:\Users\Administrator\Documents\Codex\2026-09-30\files-pasted-by-the-user-windows\outputs\550W-AI-Controller-Source\tests\550W.Tests\bin\Release\net8.0\550W.Tests.dll" adapterTypeName="executor://xunit/VsTestRunner2/netcoreapp" className="Controller550W.Tests.V2Tests" name="CaptionCoordinatesRemainPhysicalAcrossDpi" />
    </UnitTest>
    <UnitTest name="Controller550W.Tests.V2Tests.MigratesV1WithoutLosingAudioOrProfiles" storage="c:\users\administrator\documents\codex\2026-09-30\files-pasted-by-the-user-windows\outputs\550w-ai-controller-source\tests\550w.tests\bin\release\net8.0\550w.tests.dll" id="9e822c85-5547-d7af-2e66-3a000818398b">
      <Execution id="e3f299cd-d677-401f-829c-1e92f31a4fd3" />
      <TestMethod codeBase="C:\Users\Administrator\Documents\Codex\2026-09-30\files-pasted-by-the-user-windows\outputs\550W-AI-Controller-Source\tests\550W.Tests\bin\Release\net8.0\550W.Tests.dll" adapterTypeName="executor://xunit/VsTestRunner2/netcoreapp" className="Controller550W.Tests.V2Tests" name="MigratesV1WithoutLosingAudioOrProfiles" />
    </UnitTest>
    <UnitTest name="Controller550W.Tests.ConfigurationTests.ConfigAndSoundSettingsRoundTrip" storage="c:\users\administrator\documents\codex\2026-09-30\files-pasted-by-the-user-windows\outputs\550w-ai-controller-source\tests\550w.tests\bin\release\net8.0\550w.tests.dll" id="e99021be-22b2-95c2-3236-9c3ff0119325">
      <Execution id="f93446cd-1279-4e20-8e60-7f33e4bb898c" />
      <TestMethod codeBase="C:\Users\Administrator\Documents\Codex\2026-09-30\files-pasted-by-the-user-windows\outputs\550W-AI-Controller-Source\tests\550W.Tests\bin\Release\net8.0\550W.Tests.dll" adapterTypeName="executor://xunit/VsTestRunner2/netcoreapp" className="Controller550W.Tests.ConfigurationTests" name="ConfigAndSoundSettingsRoundTrip" />
    </UnitTest>
    <UnitTest name="Controller550W.Tests.ConfigurationTests.StableRequiresThreeSuccessfulSamples(successes: 2, expected: &quot;degraded&quot;)" storage="c:\users\administrator\documents\codex\2026-09-30\files-pasted-by-the-user-windows\outputs\550w-ai-controller-source\tests\550w.tests\bin\release\net8.0\550w.tests.dll" id="0890fa60-ea56-1357-655c-506ea47273d0">
      <Execution id="f37c34a8-2e1f-4826-9244-92ed1968125e" />
      <TestMethod codeBase="C:\Users\Administrator\Documents\Codex\2026-09-30\files-pasted-by-the-user-windows\outputs\550W-AI-Controller-Source\tests\550W.Tests\bin\Release\net8.0\550W.Tests.dll" adapterTypeName="executor://xunit/VsTestRunner2/netcoreapp" className="Controller550W.Tests.ConfigurationTests" name="StableRequiresThreeSuccessfulSamples" />
    </UnitTest>
    <UnitTest name="Controller550W.Tests.DiagnosticExportTests.ArchiveContainsOnlyAllowedFilesAndSanitizedCurrentRunLogs" storage="c:\users\administrator\documents\codex\2026-09-30\files-pasted-by-the-user-windows\outputs\550w-ai-controller-source\tests\550w.tests\bin\release\net8.0\550w.tests.dll" id="129116ca-170f-3bda-7464-323fe366388b">
      <Execution id="1ca72b25-60d6-40c4-a5c0-4e82561d7758" />
      <TestMethod codeBase="C:\Users\Administrator\Documents\Codex\2026-09-30\files-pasted-by-the-user-windows\outputs\550W-AI-Controller-Source\tests\550W.Tests\bin\Release\net8.0\550W.Tests.dll" adapterTypeName="executor://xunit/VsTestRunner2/netcoreapp" className="Controller550W.Tests.DiagnosticExportTests" name="ArchiveContainsOnlyAllowedFilesAndSanitizedCurrentRunLogs" />
    </UnitTest>
    <UnitTest name="Controller550W.Tests.LifecycleTests.SlowAndFastReadyKeepTheirConfiguredStability(seconds: 2)" storage="c:\users\administrator\documents\codex\2026-09-30\files-pasted-by-the-user-windows\outputs\550w-ai-controller-source\tests\550w.tests\bin\release\net8.0\550w.tests.dll" id="7c8e1b96-730d-c13b-0463-7e4ecdb612e0">
      <Execution id="b306c6be-f7c5-4d85-9e53-4f0c822f2ea6" />
      <TestMethod codeBase="C:\Users\Administrator\Documents\Codex\2026-09-30\files-pasted-by-the-user-windows\outputs\550W-AI-Controller-Source\tests\550W.Tests\bin\Release\net8.0\550W.Tests.dll" adapterTypeName="executor://xunit/VsTestRunner2/netcoreapp" className="Controller550W.Tests.LifecycleTests" name="SlowAndFastReadyKeepTheirConfiguredStability" />
    </UnitTest>
    <UnitTest name="Controller550W.Tests.V3ConfigurationTests.IndependentModeStartsFromCurrentDefaultsAndStaysIndependent" storage="c:\users\administrator\documents\codex\2026-09-30\files-pasted-by-the-user-windows\outputs\550w-ai-controller-source\tests\550w.tests\bin\release\net8.0\550w.tests.dll" id="46b00c05-08c6-5b3d-1013-e1ab4a393f48">
      <Execution id="88adcf29-8f17-4182-b7b5-4eff57b1dcaf" />
      <TestMethod codeBase="C:\Users\Administrator\Documents\Codex\2026-09-30\files-pasted-by-the-user-windows\outputs\550W-AI-Controller-Source\tests\550W.Tests\bin\Release\net8.0\550W.Tests.dll" adapterTypeName="executor://xunit/VsTestRunner2/netcoreapp" className="Controller550W.Tests.V3ConfigurationTests" name="IndependentModeStartsFromCurrentDefaultsAndStaysIndependent" />
    </UnitTest>
    <UnitTest name="Controller550W.Tests.DiagnosticExportTests.ExportConfigurationIncludesTuningButExcludesEveryIdentityAndFreeText" storage="c:\users\administrator\documents\codex\2026-09-30\files-pasted-by-the-user-windows\outputs\550w-ai-controller-source\tests\550w.tests\bin\release\net8.0\550w.tests.dll" id="8f6605e0-a56e-88f4-6908-60614d724957">
      <Execution id="8401c3ac-3c59-4b99-836b-873c70b56e6b" />
      <TestMethod codeBase="C:\Users\Administrator\Documents\Codex\2026-09-30\files-pasted-by-the-user-windows\outputs\550W-AI-Controller-Source\tests\550W.Tests\bin\Release\net8.0\550W.Tests.dll" adapterTypeName="executor://xunit/VsTestRunner2/netcoreapp" className="Controller550W.Tests.DiagnosticExportTests" name="ExportConfigurationIncludesTuningButExcludesEveryIdentityAndFreeText" />
    </UnitTest>
    <UnitTest name="Controller550W.Tests.LifecycleTests.OneHelperExitDoesNotStopTheApplication" storage="c:\users\administrator\documents\codex\2026-09-30\files-pasted-by-the-user-windows\outputs\550w-ai-controller-source\tests\550w.tests\bin\release\net8.0\550w.tests.dll" id="ad81afaf-5892-787c-9e6f-e073628401ec">
      <Execution id="1be8a51f-90f8-452e-8d5d-58ecb512c118" />
      <TestMethod codeBase="C:\Users\Administrator\Documents\Codex\2026-09-30\files-pasted-by-the-user-windows\outputs\550W-AI-Controller-Source\tests\550W.Tests\bin\Release\net8.0\550W.Tests.dll" adapterTypeName="executor://xunit/VsTestRunner2/netcoreapp" className="Controller550W.Tests.LifecycleTests" name="OneHelperExitDoesNotStopTheApplication" />
    </UnitTest>
    <UnitTest name="Controller550W.Tests.ConfigurationTests.AtomicSaveRetainsPreviousConfigBackup" storage="c:\users\administrator\documents\codex\2026-09-30\files-pasted-by-the-user-windows\outputs\550w-ai-controller-source\tests\550w.tests\bin\release\net8.0\550w.tests.dll" id="1c3882f8-0d17-28fe-9bbc-e78a6c742527">
      <Execution id="6927248a-10f8-480a-80e5-05a245576495" />
      <TestMethod codeBase="C:\Users\Administrator\Documents\Codex\2026-09-30\files-pasted-by-the-user-windows\outputs\550W-AI-Controller-Source\tests\550W.Tests\bin\Release\net8.0\550W.Tests.dll" adapterTypeName="executor://xunit/VsTestRunner2/netcoreapp" className="Controller550W.Tests.ConfigurationTests" name="AtomicSaveRetainsPreviousConfigBackup" />
    </UnitTest>
    <UnitTest name="Controller550W.Tests.LifecycleTests.SlowAndFastReadyKeepTheirConfiguredStability(seconds: 5)" storage="c:\users\administrator\documents\codex\2026-09-30\files-pasted-by-the-user-windows\outputs\550w-ai-controller-source\tests\550w.tests\bin\release\net8.0\550w.tests.dll" id="48539d81-e352-ea1f-fda4-f916e8a63e4a">
      <Execution id="52b56e65-7602-49a3-9eb0-e9685b837f8b" />
      <TestMethod codeBase="C:\Users\Administrator\Documents\Codex\2026-09-30\files-pasted-by-the-user-windows\outputs\550W-AI-Controller-Source\tests\550W.Tests\bin\Release\net8.0\550W.Tests.dll" adapterTypeName="executor://xunit/VsTestRunner2/netcoreapp" className="Controller550W.Tests.LifecycleTests" name="SlowAndFastReadyKeepTheirConfiguredStability" />
    </UnitTest>
    <UnitTest name="Controller550W.Tests.LifecycleTests.DotsInExecutableNamesRemainPartOfTheName(configured: &quot;550W.ExternalFixture.exe&quot;, observed: &quot;550W.ExternalFixture&quot;)" storage="c:\users\administrator\documents\codex\2026-09-30\files-pasted-by-the-user-windows\outputs\550w-ai-controller-source\tests\550w.tests\bin\release\net8.0\550w.tests.dll" id="7e7a74fd-aca6-83e6-4b13-179f2ce38c1d">
      <Execution id="3bfe9e61-24d8-4496-bea4-075222437ea3" />
      <TestMethod codeBase="C:\Users\Administrator\Documents\Codex\2026-09-30\files-pasted-by-the-user-windows\outputs\550W-AI-Controller-Source\tests\550W.Tests\bin\Release\net8.0\550W.Tests.dll" adapterTypeName="executor://xunit/VsTestRunner2/netcoreapp" className="Controller550W.Tests.LifecycleTests" name="DotsInExecutableNamesRemainPartOfTheName" />
    </UnitTest>
    <UnitTest name="Controller550W.Tests.DiagnosticExportTests.KnownEventsRetainUsefulMetricsWithoutNamesPathsOrFreeText(eventName: &quot;ManagedCloseState&quot;, detail: &quot;Private application, AppClosing, session=secret&quot;, expected: &quot;phase=AppClosing&quot;)" storage="c:\users\administrator\documents\codex\2026-09-30\files-pasted-by-the-user-windows\outputs\550w-ai-controller-source\tests\550w.tests\bin\release\net8.0\550w.tests.dll" id="ba5a10ea-be58-280e-4724-d81568cbda7c">
      <Execution id="d6d3fb6e-fdb4-425f-89bb-2c18bd24540f" />
      <TestMethod codeBase="C:\Users\Administrator\Documents\Codex\2026-09-30\files-pasted-by-the-user-windows\outputs\550W-AI-Controller-Source\tests\550W.Tests\bin\Release\net8.0\550W.Tests.dll" adapterTypeName="executor://xunit/VsTestRunner2/netcoreapp" className="Controller550W.Tests.DiagnosticExportTests" name="KnownEventsRetainUsefulMetricsWithoutNamesPathsOrFreeText" />
    </UnitTest>
    <UnitTest name="Controller550W.Tests.LifecycleTests.MinimizedWindowIsStillPresent" storage="c:\users\administrator\documents\codex\2026-09-30\files-pasted-by-the-user-windows\outputs\550w-ai-controller-source\tests\550w.tests\bin\release\net8.0\550w.tests.dll" id="419cf50e-47ce-ba1f-5250-51362e26c1be">
      <Execution id="ee095153-8dbb-49f6-9fc8-9e439f316af4" />
      <TestMethod codeBase="C:\Users\Administrator\Documents\Codex\2026-09-30\files-pasted-by-the-user-windows\outputs\550W-AI-Controller-Source\tests\550W.Tests\bin\Release\net8.0\550W.Tests.dll" adapterTypeName="executor://xunit/VsTestRunner2/netcoreapp" className="Controller550W.Tests.LifecycleTests" name="MinimizedWindowIsStillPresent" />
    </UnitTest>
    <UnitTest name="Controller550W.Tests.LifecycleTests.CrashDuringProcessBootEndsOverlay" storage="c:\users\administrator\documents\codex\2026-09-30\files-pasted-by-the-user-windows\outputs\550w-ai-controller-source\tests\550w.tests\bin\release\net8.0\550w.tests.dll" id="839d9f97-1afa-1d02-d4c2-46dde4ba3f81">
      <Execution id="6dab7d8f-c6ab-4aeb-9edb-093d3c006800" />
      <TestMethod codeBase="C:\Users\Administrator\Documents\Codex\2026-09-30\files-pasted-by-the-user-windows\outputs\550W-AI-Controller-Source\tests\550W.Tests\bin\Release\net8.0\550W.Tests.dll" adapterTypeName="executor://xunit/VsTestRunner2/netcoreapp" className="Controller550W.Tests.LifecycleTests" name="CrashDuringProcessBootEndsOverlay" />
    </UnitTest>
    <UnitTest name="Controller550W.Tests.LifecycleTests.DotsInExecutableNamesRemainPartOfTheName(configured: &quot;ChatGPT&quot;, observed: &quot;chatgpt.exe&quot;)" storage="c:\users\administrator\documents\codex\2026-09-30\files-pasted-by-the-user-windows\outputs\550w-ai-controller-source\tests\550w.tests\bin\release\net8.0\550w.tests.dll" id="e89e9136-dd31-77fd-fa92-8c7dac3e30b4">
      <Execution id="c3ae1d4d-4351-4c0e-90ac-e2b69d3229f5" />
      <TestMethod codeBase="C:\Users\Administrator\Documents\Codex\2026-09-30\files-pasted-by-the-user-windows\outputs\550W-AI-Controller-Source\tests\550W.Tests\bin\Release\net8.0\550W.Tests.dll" adapterTypeName="executor://xunit/VsTestRunner2/netcoreapp" className="Controller550W.Tests.LifecycleTests" name="DotsInExecutableNamesRemainPartOfTheName" />
    </UnitTest>
    <UnitTest name="Controller550W.Tests.ConfigurationTests.CorruptConfigIsPreservedAndRecovers" storage="c:\users\administrator\documents\codex\2026-09-30\files-pasted-by-the-user-windows\outputs\550w-ai-controller-source\tests\550w.tests\bin\release\net8.0\550w.tests.dll" id="246a0c94-dd8d-199c-3051-4b10024a9988">
      <Execution id="7a7d526d-3619-4b2e-afd8-12308ea646ad" />
      <TestMethod codeBase="C:\Users\Administrator\Documents\Codex\2026-09-30\files-pasted-by-the-user-windows\outputs\550W-AI-Controller-Source\tests\550W.Tests\bin\Release\net8.0\550W.Tests.dll" adapterTypeName="executor://xunit/VsTestRunner2/netcoreapp" className="Controller550W.Tests.ConfigurationTests" name="CorruptConfigIsPreservedAndRecovers" />
    </UnitTest>
    <UnitTest name="Controller550W.Tests.ConfigurationTests.HighJitterIsUnstable" storage="c:\users\administrator\documents\codex\2026-09-30\files-pasted-by-the-user-windows\outputs\550w-ai-controller-source\tests\550w.tests\bin\release\net8.0\550w.tests.dll" id="cfd295e5-789c-a188-296d-75f4c7824af9">
      <Execution id="5cbb0bd1-b149-46a3-936e-53d6cc949fbb" />
      <TestMethod codeBase="C:\Users\Administrator\Documents\Codex\2026-09-30\files-pasted-by-the-user-windows\outputs\550W-AI-Controller-Source\tests\550W.Tests\bin\Release\net8.0\550W.Tests.dll" adapterTypeName="executor://xunit/VsTestRunner2/netcoreapp" className="Controller550W.Tests.ConfigurationTests" name="HighJitterIsUnstable" />
    </UnitTest>
    <UnitTest name="Controller550W.Tests.V2Tests.CaptionCoordinatesRemainPhysicalAcrossDpi(scale: 1)" storage="c:\users\administrator\documents\codex\2026-09-30\files-pasted-by-the-user-windows\outputs\550w-ai-controller-source\tests\550w.tests\bin\release\net8.0\550w.tests.dll" id="107fc5c9-32db-a991-2266-ad75cc6e43a3">
      <Execution id="38e88bea-703b-45ce-8b6b-a5382a7b7ecf" />
      <TestMethod codeBase="C:\Users\Administrator\Documents\Codex\2026-09-30\files-pasted-by-the-user-windows\outputs\550W-AI-Controller-Source\tests\550W.Tests\bin\Release\net8.0\550W.Tests.dll" adapterTypeName="executor://xunit/VsTestRunner2/netcoreapp" className="Controller550W.Tests.V2Tests" name="CaptionCoordinatesRemainPhysicalAcrossDpi" />
    </UnitTest>
    <UnitTest name="Controller550W.Tests.DiagnosticExportTests.StorageFailureNeverBreaksLoggingOrExceptionHandling" storage="c:\users\administrator\documents\codex\2026-09-30\files-pasted-by-the-user-windows\outputs\550w-ai-controller-source\tests\550w.tests\bin\release\net8.0\550w.tests.dll" id="f1dcd9f3-2b48-08b2-9df4-07285c4da3ca">
      <Execution id="3484e529-125a-4c77-bfb3-fcb5f46e2367" />
      <TestMethod codeBase="C:\Users\Administrator\Documents\Codex\2026-09-30\files-pasted-by-the-user-windows\outputs\550W-AI-Controller-Source\tests\550W.Tests\bin\Release\net8.0\550W.Tests.dll" adapterTypeName="executor://xunit/VsTestRunner2/netcoreapp" className="Controller550W.Tests.DiagnosticExportTests" name="StorageFailureNeverBreaksLoggingOrExceptionHandling" />
    </UnitTest>
    <UnitTest name="Controller550W.Tests.LifecycleTests.TrayHideReportsStopAndReopenMayPlayBoot" storage="c:\users\administrator\documents\codex\2026-09-30\files-pasted-by-the-user-windows\outputs\550w-ai-controller-source\tests\550w.tests\bin\release\net8.0\550w.tests.dll" id="fba1076e-e2b6-102b-e8f1-068f49269e40">
      <Execution id="f2c4fa56-a7db-472d-b7f5-a2edea211630" />
      <TestMethod codeBase="C:\Users\Administrator\Documents\Codex\2026-09-30\files-pasted-by-the-user-windows\outputs\550W-AI-Controller-Source\tests\550W.Tests\bin\Release\net8.0\550W.Tests.dll" adapterTypeName="executor://xunit/VsTestRunner2/netcoreapp" className="Controller550W.Tests.LifecycleTests" name="TrayHideReportsStopAndReopenMayPlayBoot" />
    </UnitTest>
    <UnitTest name="Controller550W.Tests.LifecycleTests.DotsInExecutableNamesRemainPartOfTheName(configured: &quot;ai.client.v2.EXE&quot;, observed: &quot;AI.Client.v2&quot;)" storage="c:\users\administrator\documents\codex\2026-09-30\files-pasted-by-the-user-windows\outputs\550w-ai-controller-source\tests\550w.tests\bin\release\net8.0\550w.tests.dll" id="3ffa4f7b-a1dd-ff60-6871-e0501efb4c78">
      <Execution id="55be0376-ae9c-4902-9b64-7717b73bf7cc" />
      <TestMethod codeBase="C:\Users\Administrator\Documents\Codex\2026-09-30\files-pasted-by-the-user-windows\outputs\550W-AI-Controller-Source\tests\550W.Tests\bin\Release\net8.0\550W.Tests.dll" adapterTypeName="executor://xunit/VsTestRunner2/netcoreapp" className="Controller550W.Tests.LifecycleTests" name="DotsInExecutableNamesRemainPartOfTheName" />
    </UnitTest>
    <UnitTest name="Controller550W.Tests.V2Tests.CaptionCoordinatesRemainPhysicalAcrossDpi(scale: 1.25)" storage="c:\users\administrator\documents\codex\2026-09-30\files-pasted-by-the-user-windows\outputs\550w-ai-controller-source\tests\550w.tests\bin\release\net8.0\550w.tests.dll" id="9c45a16f-a062-a299-6775-45f3e77e27a8">
      <Execution id="48d33e4b-18d7-47cc-8a93-dd8c30dd3aca" />
      <TestMethod codeBase="C:\Users\Administrator\Documents\Codex\2026-09-30\files-pasted-by-the-user-windows\outputs\550W-AI-Controller-Source\tests\550W.Tests\bin\Release\net8.0\550W.Tests.dll" adapterTypeName="executor://xunit/VsTestRunner2/netcoreapp" className="Controller550W.Tests.V2Tests" name="CaptionCoordinatesRemainPhysicalAcrossDpi" />
    </UnitTest>
    <UnitTest name="Controller550W.Tests.V3ConfigurationTests.ResolvingSessionDoesNotMutateSavedSettingsAndGlobalMuteAlwaysWins" storage="c:\users\administrator\documents\codex\2026-09-30\files-pasted-by-the-user-windows\outputs\550w-ai-controller-source\tests\550w.tests\bin\release\net8.0\550w.tests.dll" id="de5cf2a8-70af-de2c-112e-0a5ef59b6934">
      <Execution id="bff6aab1-3f84-40d1-b352-9e83157a48d1" />
      <TestMethod codeBase="C:\Users\Administrator\Documents\Codex\2026-09-30\files-pasted-by-the-user-windows\outputs\550W-AI-Controller-Source\tests\550W.Tests\bin\Release\net8.0\550W.Tests.dll" adapterTypeName="executor://xunit/VsTestRunner2/netcoreapp" className="Controller550W.Tests.V3ConfigurationTests" name="ResolvingSessionDoesNotMutateSavedSettingsAndGlobalMuteAlwaysWins" />
    </UnitTest>
    <UnitTest name="Controller550W.Tests.V3ConfigurationTests.V2MigrationPreservesCustomizedAppsButLetsUntouchedAppsFollowGlobal" storage="c:\users\administrator\documents\codex\2026-09-30\files-pasted-by-the-user-windows\outputs\550w-ai-controller-source\tests\550w.tests\bin\release\net8.0\550w.tests.dll" id="577e7ba4-2fe8-32d3-ba72-cda1f862d9ca">
      <Execution id="05dd438d-b490-42c9-b590-5fb44b526416" />
      <TestMethod codeBase="C:\Users\Administrator\Documents\Codex\2026-09-30\files-pasted-by-the-user-windows\outputs\550W-AI-Controller-Source\tests\550W.Tests\bin\Release\net8.0\550W.Tests.dll" adapterTypeName="executor://xunit/VsTestRunner2/netcoreapp" className="Controller550W.Tests.V3ConfigurationTests" name="V2MigrationPreservesCustomizedAppsButLetsUntouchedAppsFollowGlobal" />
    </UnitTest>
    <UnitTest name="Controller550W.Tests.ConfigurationTests.StableRequiresThreeSuccessfulSamples(successes: 3, expected: &quot;stable&quot;)" storage="c:\users\administrator\documents\codex\2026-09-30\files-pasted-by-the-user-windows\outputs\550w-ai-controller-source\tests\550w.tests\bin\release\net8.0\550w.tests.dll" id="685a8b01-d22a-086e-97c6-0d4775e6fe2f">
      <Execution id="d076b437-613f-4c71-9da7-7add65240f46" />
      <TestMethod codeBase="C:\Users\Administrator\Documents\Codex\2026-09-30\files-pasted-by-the-user-windows\outputs\550W-AI-Controller-Source\tests\550W.Tests\bin\Release\net8.0\550W.Tests.dll" adapterTypeName="executor://xunit/VsTestRunner2/netcoreapp" className="Controller550W.Tests.ConfigurationTests" name="StableRequiresThreeSuccessfulSamples" />
    </UnitTest>
    <UnitTest name="Controller550W.Tests.V3ConfigurationTests.BulkApplyCopiesReusableSettingsWhilePreservingEveryApplicationIdentity" storage="c:\users\administrator\documents\codex\2026-09-30\files-pasted-by-the-user-windows\outputs\550w-ai-controller-source\tests\550w.tests\bin\release\net8.0\550w.tests.dll" id="b1ad8db7-76b8-71e0-1fc6-45e70dff5c2d">
      <Execution id="d8ac865f-e72d-4a01-bc82-9d2d7b6d79e8" />
      <TestMethod codeBase="C:\Users\Administrator\Documents\Codex\2026-09-30\files-pasted-by-the-user-windows\outputs\550W-AI-Controller-Source\tests\550W.Tests\bin\Release\net8.0\550W.Tests.dll" adapterTypeName="executor://xunit/VsTestRunner2/netcoreapp" className="Controller550W.Tests.V3ConfigurationTests" name="BulkApplyCopiesReusableSettingsWhilePreservingEveryApplicationIdentity" />
    </UnitTest>
    <UnitTest name="Controller550W.Tests.LifecycleTests.DisabledProfileNeverTriggers" storage="c:\users\administrator\documents\codex\2026-09-30\files-pasted-by-the-user-windows\outputs\550w-ai-controller-source\tests\550w.tests\bin\release\net8.0\550w.tests.dll" id="bd3d5c16-c619-db13-6fc0-a3ec71d92c04">
      <Execution id="d6bcf38d-db42-45e6-9175-b612a5399075" />
      <TestMethod codeBase="C:\Users\Administrator\Documents\Codex\2026-09-30\files-pasted-by-the-user-windows\outputs\550W-AI-Controller-Source\tests\550W.Tests\bin\Release\net8.0\550W.Tests.dll" adapterTypeName="executor://xunit/VsTestRunner2/netcoreapp" className="Controller550W.Tests.LifecycleTests" name="DisabledProfileNeverTriggers" />
    </UnitTest>
    <UnitTest name="Controller550W.Tests.V2Tests.CaptionCoordinatesRemainPhysicalAcrossDpi(scale: 2)" storage="c:\users\administrator\documents\codex\2026-09-30\files-pasted-by-the-user-windows\outputs\550w-ai-controller-source\tests\550w.tests\bin\release\net8.0\550w.tests.dll" id="d7abb235-4b33-ce66-9c7c-0349378da387">
      <Execution id="cc6e3cce-4c17-464e-840e-1473aec6e1df" />
      <TestMethod codeBase="C:\Users\Administrator\Documents\Codex\2026-09-30\files-pasted-by-the-user-windows\outputs\550W-AI-Controller-Source\tests\550W.Tests\bin\Release\net8.0\550W.Tests.dll" adapterTypeName="executor://xunit/VsTestRunner2/netcoreapp" className="Controller550W.Tests.V2Tests" name="CaptionCoordinatesRemainPhysicalAcrossDpi" />
    </UnitTest>
    <UnitTest name="Controller550W.Tests.V2Tests.DefaultsKeepLaunchAndCloseIndependent" storage="c:\users\administrator\documents\codex\2026-09-30\files-pasted-by-the-user-windows\outputs\550w-ai-controller-source\tests\550w.tests\bin\release\net8.0\550w.tests.dll" id="0b9675c4-c5db-f7d3-0677-5785b0a62c9b">
      <Execution id="6bd9a3cf-72a2-4488-8c2b-6854f9391c03" />
      <TestMethod codeBase="C:\Users\Administrator\Documents\Codex\2026-09-30\files-pasted-by-the-user-windows\outputs\550W-AI-Controller-Source\tests\550W.Tests\bin\Release\net8.0\550W.Tests.dll" adapterTypeName="executor://xunit/VsTestRunner2/netcoreapp" className="Controller550W.Tests.V2Tests" name="DefaultsKeepLaunchAndCloseIndependent" />
    </UnitTest>
    <UnitTest name="Controller550W.Tests.LifecycleTests.ExistingAppAtLoginDoesNotPlayBoot" storage="c:\users\administrator\documents\codex\2026-09-30\files-pasted-by-the-user-windows\outputs\550w-ai-controller-source\tests\550w.tests\bin\release\net8.0\550w.tests.dll" id="9c68d14a-b1fe-5eda-ff40-778411e4e06b">
      <Execution id="03ca859c-9846-48b5-b989-461079c8db82" />
      <TestMethod codeBase="C:\Users\Administrator\Documents\Codex\2026-09-30\files-pasted-by-the-user-windows\outputs\550W-AI-Controller-Source\tests\550W.Tests\bin\Release\net8.0\550W.Tests.dll" adapterTypeName="executor://xunit/VsTestRunner2/netcoreapp" className="Controller550W.Tests.LifecycleTests" name="ExistingAppAtLoginDoesNotPlayBoot" />
    </UnitTest>
    <UnitTest name="Controller550W.Tests.LifecycleTests.SlowAndFastReadyKeepTheirConfiguredStability(seconds: 15)" storage="c:\users\administrator\documents\codex\2026-09-30\files-pasted-by-the-user-windows\outputs\550w-ai-controller-source\tests\550w.tests\bin\release\net8.0\550w.tests.dll" id="5c77fe6b-0063-6368-68d9-660d2ccfa953">
      <Execution id="6dcb2813-8e79-4605-8c37-3fd73e35e52d" />
      <TestMethod codeBase="C:\Users\Administrator\Documents\Codex\2026-09-30\files-pasted-by-the-user-windows\outputs\550W-AI-Controller-Source\tests\550W.Tests\bin\Release\net8.0\550W.Tests.dll" adapterTypeName="executor://xunit/VsTestRunner2/netcoreapp" className="Controller550W.Tests.LifecycleTests" name="SlowAndFastReadyKeepTheirConfiguredStability" />
    </UnitTest>
    <UnitTest name="Controller550W.Tests.ConfigurationTests.StableRequiresThreeSuccessfulSamples(successes: 0, expected: &quot;offline&quot;)" storage="c:\users\administrator\documents\codex\2026-09-30\files-pasted-by-the-user-windows\outputs\550w-ai-controller-source\tests\550w.tests\bin\release\net8.0\550w.tests.dll" id="e084d7e9-2b94-f75e-8f66-0aba191e39f3">
      <Execution id="166bb6e5-4def-41b4-9900-841208b6f6ab" />
      <TestMethod codeBase="C:\Users\Administrator\Documents\Codex\2026-09-30\files-pasted-by-the-user-windows\outputs\550W-AI-Controller-Source\tests\550W.Tests\bin\Release\net8.0\550W.Tests.dll" adapterTypeName="executor://xunit/VsTestRunner2/netcoreapp" className="Controller550W.Tests.ConfigurationTests" name="StableRequiresThreeSuccessfulSamples" />
    </UnitTest>
    <UnitTest name="Controller550W.Tests.LifecycleTests.ReadinessRequiresSameResponsiveWindowAndResetsOnFailure" storage="c:\users\administrator\documents\codex\2026-09-30\files-pasted-by-the-user-windows\outputs\550w-ai-controller-source\tests\550w.tests\bin\release\net8.0\550w.tests.dll" id="c18806b3-d6a9-6799-5383-2c898aca7054">
      <Execution id="adddd917-2e1b-4674-90e0-0e0304679ce1" />
      <TestMethod codeBase="C:\Users\Administrator\Documents\Codex\2026-09-30\files-pasted-by-the-user-windows\outputs\550W-AI-Controller-Source\tests\550W.Tests\bin\Release\net8.0\550W.Tests.dll" adapterTypeName="executor://xunit/VsTestRunner2/netcoreapp" className="Controller550W.Tests.LifecycleTests" name="ReadinessRequiresSameResponsiveWindowAndResetsOnFailure" />
    </UnitTest>
    <UnitTest name="Controller550W.Tests.V2Tests.CloseRequiresConfirmationAndRenderedOverlay" storage="c:\users\administrator\documents\codex\2026-09-30\files-pasted-by-the-user-windows\outputs\550w-ai-controller-source\tests\550w.tests\bin\release\net8.0\550w.tests.dll" id="de39786d-4478-2ad5-b77f-fd3af4d99a61">
      <Execution id="deb5689b-ecd0-4eee-8e70-397468acc54a" />
      <TestMethod codeBase="C:\Users\Administrator\Documents\Codex\2026-09-30\files-pasted-by-the-user-windows\outputs\550W-AI-Controller-Source\tests\550W.Tests\bin\Release\net8.0\550W.Tests.dll" adapterTypeName="executor://xunit/VsTestRunner2/netcoreapp" className="Controller550W.Tests.V2Tests" name="CloseRequiresConfirmationAndRenderedOverlay" />
    </UnitTest>
    <UnitTest name="Controller550W.Tests.DiagnosticExportTests.KnownEventsRetainUsefulMetricsWithoutNamesPathsOrFreeText(eventName: &quot;FIRST_VISUAL&quot;, detail: &quot;Private application, mode=optimized, latency=12.4m&quot;···, expected: &quot;latency=12.4&quot;)" storage="c:\users\administrator\documents\codex\2026-09-30\files-pasted-by-the-user-windows\outputs\550w-ai-controller-source\tests\550w.tests\bin\release\net8.0\550w.tests.dll" id="f4d3c49d-a215-d1a9-7c4f-70a68a260fe9">
      <Execution id="8f8d5276-f57e-41d0-b5b2-307124e005bb" />
      <TestMethod codeBase="C:\Users\Administrator\Documents\Codex\2026-09-30\files-pasted-by-the-user-windows\outputs\550W-AI-Controller-Source\tests\550W.Tests\bin\Release\net8.0\550W.Tests.dll" adapterTypeName="executor://xunit/VsTestRunner2/netcoreapp" className="Controller550W.Tests.DiagnosticExportTests" name="KnownEventsRetainUsefulMetricsWithoutNamesPathsOrFreeText" />
    </UnitTest>
    <UnitTest name="Controller550W.Tests.LifecycleTests.SeparateProfilesMaintainIndependentState" storage="c:\users\administrator\documents\codex\2026-09-30\files-pasted-by-the-user-windows\outputs\550w-ai-controller-source\tests\550w.tests\bin\release\net8.0\550w.tests.dll" id="3dd5ab7c-15f3-a2cc-1e10-b233d04b7e3f">
      <Execution id="037b81fb-7ba4-40fe-830f-ee972e258de8" />
      <TestMethod codeBase="C:\Users\Administrator\Documents\Codex\2026-09-30\files-pasted-by-the-user-windows\outputs\550W-AI-Controller-Source\tests\550W.Tests\bin\Release\net8.0\550W.Tests.dll" adapterTypeName="executor://xunit/VsTestRunner2/netcoreapp" className="Controller550W.Tests.LifecycleTests" name="SeparateProfilesMaintainIndependentState" />
    </UnitTest>
    <UnitTest name="Controller550W.Tests.ConfigurationTests.MedianAndJitterAreComputed" storage="c:\users\administrator\documents\codex\2026-09-30\files-pasted-by-the-user-windows\outputs\550w-ai-controller-source\tests\550w.tests\bin\release\net8.0\550w.tests.dll" id="d73c96b0-bdf1-4847-aca6-d7f158b511b7">
      <Execution id="728a28e1-ec61-4ded-8e30-fcea0dbeb5fa" />
      <TestMethod codeBase="C:\Users\Administrator\Documents\Codex\2026-09-30\files-pasted-by-the-user-windows\outputs\550W-AI-Controller-Source\tests\550W.Tests\bin\Release\net8.0\550W.Tests.dll" adapterTypeName="executor://xunit/VsTestRunner2/netcoreapp" className="Controller550W.Tests.ConfigurationTests" name="MedianAndJitterAreComputed" />
    </UnitTest>
    <UnitTest name="Controller550W.Tests.DiagnosticExportTests.KnownEventsRetainUsefulMetricsWithoutNamesPathsOrFreeText(eventName: &quot;ManagedLaunchFailed&quot;, detail: &quot;Private application, InvalidOperationException: se&quot;···, expected: &quot;exception=InvalidOperationException&quot;)" storage="c:\users\administrator\documents\codex\2026-09-30\files-pasted-by-the-user-windows\outputs\550w-ai-controller-source\tests\550w.tests\bin\release\net8.0\550w.tests.dll" id="13a8cb5d-c7d5-eaa8-1d38-63271557cd91">
      <Execution id="0f9f24d3-9598-45a5-830d-a7e2bec8eee9" />
      <TestMethod codeBase="C:\Users\Administrator\Documents\Codex\2026-09-30\files-pasted-by-the-user-windows\outputs\550W-AI-Controller-Source\tests\550W.Tests\bin\Release\net8.0\550W.Tests.dll" adapterTypeName="executor://xunit/VsTestRunner2/netcoreapp" className="Controller550W.Tests.DiagnosticExportTests" name="KnownEventsRetainUsefulMetricsWithoutNamesPathsOrFreeText" />
    </UnitTest>
  </TestDefinitions>
  <TestEntries>
    <TestEntry testId="5c77fe6b-0063-6368-68d9-660d2ccfa953" executionId="6dcb2813-8e79-4605-8c37-3fd73e35e52d" testListId="8c84fa94-04c1-424b-9868-57a2d4851a1d" />
    <TestEntry testId="e89e9136-dd31-77fd-fa92-8c7dac3e30b4" executionId="c3ae1d4d-4351-4c0e-90ac-e2b69d3229f5" testListId="8c84fa94-04c1-424b-9868-57a2d4851a1d" />
    <TestEntry testId="107fc5c9-32db-a991-2266-ad75cc6e43a3" executionId="38e88bea-703b-45ce-8b6b-a5382a7b7ecf" testListId="8c84fa94-04c1-424b-9868-57a2d4851a1d" />
    <TestEntry testId="13a8cb5d-c7d5-eaa8-1d38-63271557cd91" executionId="0f9f24d3-9598-45a5-830d-a7e2bec8eee9" testListId="8c84fa94-04c1-424b-9868-57a2d4851a1d" />
    <TestEntry testId="de5cf2a8-70af-de2c-112e-0a5ef59b6934" executionId="bff6aab1-3f84-40d1-b352-9e83157a48d1" testListId="8c84fa94-04c1-424b-9868-57a2d4851a1d" />
    <TestEntry testId="b1666c83-7c2e-a574-6a0b-ff50eec4e1ab" executionId="e5dd714c-8826-4a7f-9248-f79661cf363f" testListId="8c84fa94-04c1-424b-9868-57a2d4851a1d" />
    <TestEntry testId="d73c96b0-bdf1-4847-aca6-d7f158b511b7" executionId="728a28e1-ec61-4ded-8e30-fcea0dbeb5fa" testListId="8c84fa94-04c1-424b-9868-57a2d4851a1d" />
    <TestEntry testId="14424a31-a859-57f4-4c25-d0788262f870" executionId="68e46d8b-771e-40a9-b4f7-d59c6edaf449" testListId="8c84fa94-04c1-424b-9868-57a2d4851a1d" />
    <TestEntry testId="685a8b01-d22a-086e-97c6-0d4775e6fe2f" executionId="d076b437-613f-4c71-9da7-7add65240f46" testListId="8c84fa94-04c1-424b-9868-57a2d4851a1d" />
    <TestEntry testId="7af958e0-8b83-b448-76f1-3730f16e4242" executionId="b43c94a3-cbd9-4ed5-a80a-ff92318593c0" testListId="8c84fa94-04c1-424b-9868-57a2d4851a1d" />
    <TestEntry testId="7e7a74fd-aca6-83e6-4b13-179f2ce38c1d" executionId="3bfe9e61-24d8-4496-bea4-075222437ea3" testListId="8c84fa94-04c1-424b-9868-57a2d4851a1d" />
    <TestEntry testId="02d1b466-d44e-3071-ea9b-497afec82e3d" executionId="5ee6d720-9a8a-465b-81c7-021d7597cdd2" testListId="8c84fa94-04c1-424b-9868-57a2d4851a1d" />
    <TestEntry testId="419cf50e-47ce-ba1f-5250-51362e26c1be" executionId="ee095153-8dbb-49f6-9fc8-9e439f316af4" testListId="8c84fa94-04c1-424b-9868-57a2d4851a1d" />
    <TestEntry testId="1eee5067-8582-2d03-e1db-bf21306a54c2" executionId="47a6a051-b15e-4c91-adb8-8301b526d4eb" testListId="8c84fa94-04c1-424b-9868-57a2d4851a1d" />
    <TestEntry testId="2e26d8f9-49da-44d0-f843-9f020e87fa59" executionId="23dfbb6b-3ffa-42ce-9a0f-fd29735643b0" testListId="8c84fa94-04c1-424b-9868-57a2d4851a1d" />
    <TestEntry testId="983a6f23-fd72-db1d-de45-079f8d0ae00d" executionId="cd2e0b11-7d23-4e30-a3f3-8f30fbcdcdd9" testListId="8c84fa94-04c1-424b-9868-57a2d4851a1d" />
    <TestEntry testId="646a654c-ab0c-7ea8-5938-0910dca1fbfc" executionId="6dee958f-3ede-43c5-b91a-1058217ad27c" testListId="8c84fa94-04c1-424b-9868-57a2d4851a1d" />
    <TestEntry testId="0b9675c4-c5db-f7d3-0677-5785b0a62c9b" executionId="6bd9a3cf-72a2-4488-8c2b-6854f9391c03" testListId="8c84fa94-04c1-424b-9868-57a2d4851a1d" />
    <TestEntry testId="f48730bb-175c-ada5-29bb-e2a4fbd898a9" executionId="bfbbb464-99df-4ec3-9273-481957a89b4c" testListId="8c84fa94-04c1-424b-9868-57a2d4851a1d" />
    <TestEntry testId="8e068486-85dd-34dc-ac2f-f4cb401387b0" executionId="074098ed-9d83-4c55-b950-eead088ad1d3" testListId="8c84fa94-04c1-424b-9868-57a2d4851a1d" />
    <TestEntry testId="d7abb235-4b33-ce66-9c7c-0349378da387" executionId="cc6e3cce-4c17-464e-840e-1473aec6e1df" testListId="8c84fa94-04c1-424b-9868-57a2d4851a1d" />
    <TestEntry testId="ba5a10ea-be58-280e-4724-d81568cbda7c" executionId="d6d3fb6e-fdb4-425f-89bb-2c18bd24540f" testListId="8c84fa94-04c1-424b-9868-57a2d4851a1d" />
    <TestEntry testId="92d582ab-2962-5c92-311a-fed16040251c" executionId="b69a68d6-d230-49bd-9f4a-c6cdbf0cb7c8" testListId="8c84fa94-04c1-424b-9868-57a2d4851a1d" />
    <TestEntry testId="bd3d5c16-c619-db13-6fc0-a3ec71d92c04" executionId="d6bcf38d-db42-45e6-9175-b612a5399075" testListId="8c84fa94-04c1-424b-9868-57a2d4851a1d" />
    <TestEntry testId="44497ef4-1892-7533-6acf-870b07406c84" executionId="68d95cb7-191f-474b-af16-389fbb5ff08d" testListId="8c84fa94-04c1-424b-9868-57a2d4851a1d" />
    <TestEntry testId="839d9f97-1afa-1d02-d4c2-46dde4ba3f81" executionId="6dab7d8f-c6ab-4aeb-9edb-093d3c006800" testListId="8c84fa94-04c1-424b-9868-57a2d4851a1d" />
    <TestEntry testId="4d2fcd35-c6a3-46b7-d0d0-4025ae30816e" executionId="c0d3b09e-10b5-47b1-a63d-a038df2af33b" testListId="8c84fa94-04c1-424b-9868-57a2d4851a1d" />
    <TestEntry testId="9c45a16f-a062-a299-6775-45f3e77e27a8" executionId="48d33e4b-18d7-47cc-8a93-dd8c30dd3aca" testListId="8c84fa94-04c1-424b-9868-57a2d4851a1d" />
    <TestEntry testId="ab3dc1d5-c881-dfab-6a25-247551691f34" executionId="abf7c8fe-b925-42ea-8b26-ecfa7e835ba1" testListId="8c84fa94-04c1-424b-9868-57a2d4851a1d" />
    <TestEntry testId="577e7ba4-2fe8-32d3-ba72-cda1f862d9ca" executionId="05dd438d-b490-42c9-b590-5fb44b526416" testListId="8c84fa94-04c1-424b-9868-57a2d4851a1d" />
    <TestEntry testId="246a0c94-dd8d-199c-3051-4b10024a9988" executionId="7a7d526d-3619-4b2e-afd8-12308ea646ad" testListId="8c84fa94-04c1-424b-9868-57a2d4851a1d" />
    <TestEntry testId="f430841a-a0a8-69eb-9bd4-a87d1af96182" executionId="c4e4b072-91e1-48e7-934d-dbc62ff545ce" testListId="8c84fa94-04c1-424b-9868-57a2d4851a1d" />
    <TestEntry testId="86585fe1-a0db-bf67-3e18-ce518942c937" executionId="8e195b0c-5aa4-4da1-9a0f-ca2954b3f7a2" testListId="8c84fa94-04c1-424b-9868-57a2d4851a1d" />
    <TestEntry testId="3dd5ab7c-15f3-a2cc-1e10-b233d04b7e3f" executionId="037b81fb-7ba4-40fe-830f-ee972e258de8" testListId="8c84fa94-04c1-424b-9868-57a2d4851a1d" />
    <TestEntry testId="e084d7e9-2b94-f75e-8f66-0aba191e39f3" executionId="166bb6e5-4def-41b4-9900-841208b6f6ab" testListId="8c84fa94-04c1-424b-9868-57a2d4851a1d" />
    <TestEntry testId="cce6feb6-8799-82f9-38cc-b0e0e3c71810" executionId="4e14b456-cfe0-42fa-865c-0046c303df6d" testListId="8c84fa94-04c1-424b-9868-57a2d4851a1d" />
    <TestEntry testId="8f6605e0-a56e-88f4-6908-60614d724957" executionId="8401c3ac-3c59-4b99-836b-873c70b56e6b" testListId="8c84fa94-04c1-424b-9868-57a2d4851a1d" />
    <TestEntry testId="c18806b3-d6a9-6799-5383-2c898aca7054" executionId="adddd917-2e1b-4674-90e0-0e0304679ce1" testListId="8c84fa94-04c1-424b-9868-57a2d4851a1d" />
    <TestEntry testId="129116ca-170f-3bda-7464-323fe366388b" executionId="1ca72b25-60d6-40c4-a5c0-4e82561d7758" testListId="8c84fa94-04c1-424b-9868-57a2d4851a1d" />
    <TestEntry testId="48539d81-e352-ea1f-fda4-f916e8a63e4a" executionId="52b56e65-7602-49a3-9eb0-e9685b837f8b" testListId="8c84fa94-04c1-424b-9868-57a2d4851a1d" />
    <TestEntry testId="e99021be-22b2-95c2-3236-9c3ff0119325" executionId="f93446cd-1279-4e20-8e60-7f33e4bb898c" testListId="8c84fa94-04c1-424b-9868-57a2d4851a1d" />
    <TestEntry testId="9e822c85-5547-d7af-2e66-3a000818398b" executionId="e3f299cd-d677-401f-829c-1e92f31a4fd3" testListId="8c84fa94-04c1-424b-9868-57a2d4851a1d" />
    <TestEntry testId="cfd295e5-789c-a188-296d-75f4c7824af9" executionId="5cbb0bd1-b149-46a3-936e-53d6cc949fbb" testListId="8c84fa94-04c1-424b-9868-57a2d4851a1d" />
    <TestEntry testId="d924632d-070d-851d-2ec9-46f5970de3cb" executionId="912a4800-ad82-4af9-805b-42fbe463a381" testListId="8c84fa94-04c1-424b-9868-57a2d4851a1d" />
    <TestEntry testId="46b00c05-08c6-5b3d-1013-e1ab4a393f48" executionId="88adcf29-8f17-4182-b7b5-4eff57b1dcaf" testListId="8c84fa94-04c1-424b-9868-57a2d4851a1d" />
    <TestEntry testId="1c3882f8-0d17-28fe-9bbc-e78a6c742527" executionId="6927248a-10f8-480a-80e5-05a245576495" testListId="8c84fa94-04c1-424b-9868-57a2d4851a1d" />
    <TestEntry testId="b1ad8db7-76b8-71e0-1fc6-45e70dff5c2d" executionId="d8ac865f-e72d-4a01-bc82-9d2d7b6d79e8" testListId="8c84fa94-04c1-424b-9868-57a2d4851a1d" />
    <TestEntry testId="3ffa4f7b-a1dd-ff60-6871-e0501efb4c78" executionId="55be0376-ae9c-4902-9b64-7717b73bf7cc" testListId="8c84fa94-04c1-424b-9868-57a2d4851a1d" />
    <TestEntry testId="9c68d14a-b1fe-5eda-ff40-778411e4e06b" executionId="03ca859c-9846-48b5-b989-461079c8db82" testListId="8c84fa94-04c1-424b-9868-57a2d4851a1d" />
    <TestEntry testId="7c8e1b96-730d-c13b-0463-7e4ecdb612e0" executionId="b306c6be-f7c5-4d85-9e53-4f0c822f2ea6" testListId="8c84fa94-04c1-424b-9868-57a2d4851a1d" />
    <TestEntry testId="462cfcbc-8e7f-9950-aa00-7511c0e831ef" executionId="bd0d744d-e258-4d97-b68c-b7802cfccc07" testListId="8c84fa94-04c1-424b-9868-57a2d4851a1d" />
    <TestEntry testId="cfcd86fc-a9b0-2fc4-3a80-9997c5806f59" executionId="1021716a-8d7e-421f-9b6e-9ddf37dd3279" testListId="8c84fa94-04c1-424b-9868-57a2d4851a1d" />
    <TestEntry testId="0890fa60-ea56-1357-655c-506ea47273d0" executionId="f37c34a8-2e1f-4826-9244-92ed1968125e" testListId="8c84fa94-04c1-424b-9868-57a2d4851a1d" />
    <TestEntry testId="fba1076e-e2b6-102b-e8f1-068f49269e40" executionId="f2c4fa56-a7db-472d-b7f5-a2edea211630" testListId="8c84fa94-04c1-424b-9868-57a2d4851a1d" />
    <TestEntry testId="de39786d-4478-2ad5-b77f-fd3af4d99a61" executionId="deb5689b-ecd0-4eee-8e70-397468acc54a" testListId="8c84fa94-04c1-424b-9868-57a2d4851a1d" />
    <TestEntry testId="56f1596e-ea50-0120-43b6-eda0ac592700" executionId="93643488-bcd5-4f84-af76-34afa5541e57" testListId="8c84fa94-04c1-424b-9868-57a2d4851a1d" />
    <TestEntry testId="ad81afaf-5892-787c-9e6f-e073628401ec" executionId="1be8a51f-90f8-452e-8d5d-58ecb512c118" testListId="8c84fa94-04c1-424b-9868-57a2d4851a1d" />
    <TestEntry testId="f1dcd9f3-2b48-08b2-9df4-07285c4da3ca" executionId="3484e529-125a-4c77-bfb3-fcb5f46e2367" testListId="8c84fa94-04c1-424b-9868-57a2d4851a1d" />
    <TestEntry testId="f4d3c49d-a215-d1a9-7c4f-70a68a260fe9" executionId="8f8d5276-f57e-41d0-b5b2-307124e005bb" testListId="8c84fa94-04c1-424b-9868-57a2d4851a1d" />
  </TestEntries>
  <TestLists>
    <TestList name="列表中未列出的结果" id="8c84fa94-04c1-424b-9868-57a2d4851a1d" />
    <TestList name="所有已加载的结果" id="19431567-8539-422a-85d7-44ee4e166bda" />
  </TestLists>
  <ResultSummary outcome="Completed">
    <Counters total="59" executed="59" passed="59" failed="0" error="0" timeout="0" aborted="0" inconclusive="0" passedButRunAborted="0" notRunnable="0" notExecuted="0" disconnected="0" warning="0" completed="0" inProgress="0" pending="0" />
    <Output>
      <StdOut>[xUnit.net 00:00:00.00] xUnit.net VSTest Adapter v2.8.2+699d445a1a (64-bit .NET 8.0.31)&#xD;
[xUnit.net 00:00:00.09]   Discovering: 550W.Tests&#xD;
[xUnit.net 00:00:00.16]   Discovered:  550W.Tests&#xD;
[xUnit.net 00:00:00.16]   Starting:    550W.Tests&#xD;
[xUnit.net 00:00:00.55]   Finished:    550W.Tests&#xD;
</StdOut>
    </Output>
  </ResultSummary>
</TestRun>