2026-09-30T23:30:21.0599444+08:00 [WatcherStart] processEvents=True, fallback=5s
2026-09-30T23:30:21.7285973+08:00 [ManagedCloseState] Fixture AI, CloseRequested, session=e536f3a1933d4923a4dc66f9d142a556
2026-09-30T23:30:21.7295744+08:00 [ManagedCloseState] Fixture AI, ShutdownPreparing, session=e536f3a1933d4923a4dc66f9d142a556
2026-09-30T23:30:21.7507398+08:00 [ManagedCloseState] Fixture AI, WaitingConfirmation, session=e536f3a1933d4923a4dc66f9d142a556
2026-09-30T23:30:22.3496520+08:00 [CloseConfirmationShown] Fixture AI
2026-09-30T23:30:23.1189331+08:00 [FIRST_FRAME] Fixture AI, 
2026-09-30T23:30:26.3751132+08:00 [VISUAL_READY] Fixture AI, 
2026-09-30T23:30:26.4526007+08:00 [ShutdownPreloadReady] Fixture AI, 
2026-09-30T23:30:31.9854319+08:00 [ManagedCloseState] Fixture AI, ShutdownAnimating, session=e536f3a1933d4923a4dc66f9d142a556
2026-09-30T23:30:32.1440683+08:00 [SHUTDOWN_OVERLAY_VISIBLE] Fixture AI, confirmElapsed=157ms
2026-09-30T23:30:32.1843728+08:00 [SHUTDOWN_BEGIN] Fixture AI, 
2026-09-30T23:30:32.1853776+08:00 [SHUTDOWN_BEGIN_CONFIRMED] Fixture AI
2026-09-30T23:30:32.1863916+08:00 [MODULE_OFFLINE] Fixture AI, 
2026-09-30T23:30:32.2859057+08:00 [ManagedCloseState] Fixture AI, AppClosing, session=e536f3a1933d4923a4dc66f9d142a556
2026-09-30T23:30:32.2881872+08:00 [WM_CLOSE] Fixture AI, hwnd=13110028, sent=True
2026-09-30T23:30:32.4995112+08:00 [MODULE_OFFLINE] Fixture AI, 
2026-09-30T23:30:32.8112638+08:00 [MODULE_OFFLINE] Fixture AI, 
2026-09-30T23:30:33.0711230+08:00 [TargetStopped] Fixture AI, pids=1, windows=0
2026-09-30T23:30:33.1234936+08:00 [HUD_OFFLINE] Fixture AI, 
2026-09-30T23:30:33.8157249+08:00 [CRT_COLLAPSE] Fixture AI, 
2026-09-30T23:30:34.4701588+08:00 [POWER_OFF] Fixture AI, 
2026-09-30T23:30:35.2364944+08:00 [ANIMATION_FINISHED] Fixture AI, 
2026-09-30T23:30:35.3247151+08:00 [ManagedCloseState] Fixture AI, Stopped, session=e536f3a1933d4923a4dc66f9d142a556
