<?xml version="1.0" encoding="utf-8"?>
<TestRun id="ec5a3460-05a5-44b4-989e-58a8349586de" name="Administrator@PC202602281603H 2026-10-02 22:30:20" runUser="PC202602281603H\CodexSandboxOffline" xmlns="http://microsoft.com/schemas/VisualStudio/TeamTest/2010">
  <Times creation="2026-10-02T22:30:20.1341859+08:00" queuing="2026-10-02T22:30:20.1341859+08:00" start="2026-10-02T22:30:19.0455667+08:00" finish="2026-10-02T22:30:20.1699418+08:00" />
  <TestSettings name="default" id="a6510ff2-2767-4da7-942f-3eef3f3c8b10">
    <Deployment runDeploymentRoot="Administrator_PC202602281603H_2026-10-02_22_30_20" />
  </TestSettings>
  <Results>
    <UnitTestResult executionId="b1621057-68a5-4add-bef4-35ead56bc65e" testId="7c8e1b96-730d-c13b-0463-7e4ecdb612e0" testName="Controller550W.Tests.LifecycleTests.SlowAndFastReadyKeepTheirConfiguredStability(seconds: 2)" computerName="PC202602281603H" duration="00:00:00.0000255" startTime="2026-10-02T22:30:20.0944188+08:00" endTime="2026-10-02T22:30:20.0944188+08:00" testType="13cdc9d9-ddb5-4fa4-a97d-d965ccfc6d4b" outcome="Passed" testListId="8c84fa94-04c1-424b-9868-57a2d4851a1d" relativeResultsDirectory="b1621057-68a5-4add-bef4-35ead56bc65e" />
    <UnitTestResult executionId="6bb34576-27b0-4867-a66e-94a4253ba507" testId="bd3d5c16-c619-db13-6fc0-a3ec71d92c04" testName="Controller550W.Tests.LifecycleTests.DisabledProfileNeverTriggers" computerName="PC202602281603H" duration="00:00:00.0001660" startTime="2026-10-02T22:30:20.0947676+08:00" endTime="2026-10-02T22:30:20.0947676+08:00" testType="13cdc9d9-ddb5-4fa4-a97d-d965ccfc6d4b" outcome="Passed" testListId="8c84fa94-04c1-424b-9868-57a2d4851a1d" relativeResultsDirectory="6bb34576-27b0-4867-a66e-94a4253ba507" />
    <UnitTestResult executionId="e31a487d-43ab-4a8a-a41b-332a9c752a29" testId="48539d81-e352-ea1f-fda4-f916e8a63e4a" testName="Controller550W.Tests.LifecycleTests.SlowAndFastReadyKeepTheirConfiguredStability(seconds: 5)" computerName="PC202602281603H" duration="00:00:00.0001696" startTime="2026-10-02T22:30:20.0943780+08:00" endTime="2026-10-02T22:30:20.0943781+08:00" testType="13cdc9d9-ddb5-4fa4-a97d-d965ccfc6d4b" outcome="Passed" testListId="8c84fa94-04c1-424b-9868-57a2d4851a1d" relativeResultsDirectory="e31a487d-43ab-4a8a-a41b-332a9c752a29" />
    <UnitTestResult executionId="e3fff99e-1b44-4f5c-b34c-e416a344fc6e" testId="419cf50e-47ce-ba1f-5250-51362e26c1be" testName="Controller550W.Tests.LifecycleTests.MinimizedWindowIsStillPresent" computerName="PC202602281603H" duration="00:00:00.0001619" startTime="2026-10-02T22:30:20.0966108+08:00" endTime="2026-10-02T22:30:20.0966108+08:00" testType="13cdc9d9-ddb5-4fa4-a97d-d965ccfc6d4b" outcome="Passed" testListId="8c84fa94-04c1-424b-9868-57a2d4851a1d" relativeResultsDirectory="e3fff99e-1b44-4f5c-b34c-e416a344fc6e" />
    <UnitTestResult executionId="cd985615-10ba-4d21-8367-41672e8a1671" testId="c18806b3-d6a9-6799-5383-2c898aca7054" testName="Controller550W.Tests.LifecycleTests.ReadinessRequiresSameResponsiveWindowAndResetsOnFailure" computerName="PC202602281603H" duration="00:00:00.0001702" startTime="2026-10-02T22:30:20.0964411+08:00" endTime="2026-10-02T22:30:20.0964412+08:00" testType="13cdc9d9-ddb5-4fa4-a97d-d965ccfc6d4b" outcome="Passed" testListId="8c84fa94-04c1-424b-9868-57a2d4851a1d" relativeResultsDirectory="cd985615-10ba-4d21-8367-41672e8a1671" />
    <UnitTestResult executionId="6c0e6698-75c4-4171-9128-0e0e4fd9c6ff" testId="cce6feb6-8799-82f9-38cc-b0e0e3c71810" testName="Controller550W.Tests.LifecycleTests.HelpersDoNotRepeatBoot" computerName="PC202602281603H" duration="00:00:00.0036232" startTime="2026-10-02T22:30:20.0618166+08:00" endTime="2026-10-02T22:30:20.0618167+08:00" testType="13cdc9d9-ddb5-4fa4-a97d-d965ccfc6d4b" outcome="Passed" testListId="8c84fa94-04c1-424b-9868-57a2d4851a1d" relativeResultsDirectory="6c0e6698-75c4-4171-9128-0e0e4fd9c6ff" />
    <UnitTestResult executionId="9dc90f9e-0888-432e-ad67-e96d9d616c6a" testId="5af98d16-6a0b-7f2a-7b92-c4de842fe75f" testName="Controller550W.Tests.StartupLatencyTests.ExistingOrUninitializedOrDisabledOrManagedAppDoesNotReplay" computerName="PC202602281603H" duration="00:00:00.0004190" startTime="2026-10-02T22:30:20.0941514+08:00" endTime="2026-10-02T22:30:20.0941514+08:00" testType="13cdc9d9-ddb5-4fa4-a97d-d965ccfc6d4b" outcome="Passed" testListId="8c84fa94-04c1-424b-9868-57a2d4851a1d" relativeResultsDirectory="9dc90f9e-0888-432e-ad67-e96d9d616c6a" />
    <UnitTestResult executionId="9bb52703-e8ed-4fd9-aff7-2f58d4635762" testId="7e7a74fd-aca6-83e6-4b13-179f2ce38c1d" testName="Controller550W.Tests.LifecycleTests.DotsInExecutableNamesRemainPartOfTheName(configured: &quot;550W.ExternalFixture.exe&quot;, observed: &quot;550W.ExternalFixture&quot;)" computerName="PC202602281603H" duration="00:00:00.0005700" startTime="2026-10-02T22:30:20.0624933+08:00" endTime="2026-10-02T22:30:20.0624933+08:00" testType="13cdc9d9-ddb5-4fa4-a97d-d965ccfc6d4b" outcome="Passed" testListId="8c84fa94-04c1-424b-9868-57a2d4851a1d" relativeResultsDirectory="9bb52703-e8ed-4fd9-aff7-2f58d4635762" />
    <UnitTestResult executionId="971d09c9-1297-4c8c-b787-8b4c0688bea5" testId="fba1076e-e2b6-102b-e8f1-068f49269e40" testName="Controller550W.Tests.LifecycleTests.TrayHideReportsStopAndReopenMayPlayBoot" computerName="PC202602281603H" duration="00:00:00.0002175" startTime="2026-10-02T22:30:20.0947018+08:00" endTime="2026-10-02T22:30:20.0947018+08:00" testType="13cdc9d9-ddb5-4fa4-a97d-d965ccfc6d4b" outcome="Passed" testListId="8c84fa94-04c1-424b-9868-57a2d4851a1d" relativeResultsDirectory="971d09c9-1297-4c8c-b787-8b4c0688bea5" />
    <UnitTestResult executionId="4442840e-3dbf-42fb-95e5-819f950c2784" testId="3dd5ab7c-15f3-a2cc-1e10-b233d04b7e3f" testName="Controller550W.Tests.LifecycleTests.SeparateProfilesMaintainIndependentState" computerName="PC202602281603H" duration="00:00:00.0002669" startTime="2026-10-02T22:30:20.0944891+08:00" endTime="2026-10-02T22:30:20.0944891+08:00" testType="13cdc9d9-ddb5-4fa4-a97d-d965ccfc6d4b" outcome="Passed" testListId="8c84fa94-04c1-424b-9868-57a2d4851a1d" relativeResultsDirectory="4442840e-3dbf-42fb-95e5-819f950c2784" />
    <UnitTestResult executionId="90a73789-816a-4af4-a454-d8a31d1740bc" testId="5c77fe6b-0063-6368-68d9-660d2ccfa953" testName="Controller550W.Tests.LifecycleTests.SlowAndFastReadyKeepTheirConfiguredStability(seconds: 15)" computerName="PC202602281603H" duration="00:00:00.0004310" startTime="2026-10-02T22:30:20.0943192+08:00" endTime="2026-10-02T22:30:20.0943192+08:00" testType="13cdc9d9-ddb5-4fa4-a97d-d965ccfc6d4b" outcome="Passed" testListId="8c84fa94-04c1-424b-9868-57a2d4851a1d" relativeResultsDirectory="90a73789-816a-4af4-a454-d8a31d1740bc" />
    <UnitTestResult executionId="bc88e0bb-bdd2-42f2-b6b9-0fac61e08dff" testId="3ffa4f7b-a1dd-ff60-6871-e0501efb4c78" testName="Controller550W.Tests.LifecycleTests.DotsInExecutableNamesRemainPartOfTheName(configured: &quot;ai.client.v2.EXE&quot;, observed: &quot;AI.Client.v2&quot;)" computerName="PC202602281603H" duration="00:00:00.0000243" startTime="2026-10-02T22:30:20.0628355+08:00" endTime="2026-10-02T22:30:20.0628355+08:00" testType="13cdc9d9-ddb5-4fa4-a97d-d965ccfc6d4b" outcome="Passed" testListId="8c84fa94-04c1-424b-9868-57a2d4851a1d" relativeResultsDirectory="bc88e0bb-bdd2-42f2-b6b9-0fac61e08dff" />
    <UnitTestResult executionId="5ad7ef28-f7a6-4ca3-92b7-f8002b15c9f5" testId="1368a4c8-9dd7-3302-cc86-8633bee29f09" testName="Controller550W.Tests.StartupLatencyTests.ProcessFirstBootDoesNotRepeatWhenSlowWindowArrives(trigger: WindowShow)" computerName="PC202602281603H" duration="00:00:00.0002272" startTime="2026-10-02T22:30:20.0624193+08:00" endTime="2026-10-02T22:30:20.0624193+08:00" testType="13cdc9d9-ddb5-4fa4-a97d-d965ccfc6d4b" outcome="Passed" testListId="8c84fa94-04c1-424b-9868-57a2d4851a1d" relativeResultsDirectory="5ad7ef28-f7a6-4ca3-92b7-f8002b15c9f5" />
    <UnitTestResult executionId="fa29389a-9f22-4de1-8974-df22f13eb0b2" testId="7af958e0-8b83-b448-76f1-3730f16e4242" testName="Controller550W.Tests.LifecycleTests.ProcessAndOptionalFullPathBothMatch" computerName="PC202602281603H" duration="00:00:00.0002335" startTime="2026-10-02T22:30:20.0946367+08:00" endTime="2026-10-02T22:30:20.0946368+08:00" testType="13cdc9d9-ddb5-4fa4-a97d-d965ccfc6d4b" outcome="Passed" testListId="8c84fa94-04c1-424b-9868-57a2d4851a1d" relativeResultsDirectory="fa29389a-9f22-4de1-8974-df22f13eb0b2" />
    <UnitTestResult executionId="af44d19f-42e8-486e-bae7-69136c63e437" testId="0694badf-86bb-b18b-ec05-18db69cf2485" testName="Controller550W.Tests.StartupLatencyTests.ProcessCrashReleasesBootAndLaterRestartWorks" computerName="PC202602281603H" duration="00:00:00.1671573" startTime="2026-10-02T22:30:20.0576876+08:00" endTime="2026-10-02T22:30:20.0577146+08:00" testType="13cdc9d9-ddb5-4fa4-a97d-d965ccfc6d4b" outcome="Passed" testListId="8c84fa94-04c1-424b-9868-57a2d4851a1d" relativeResultsDirectory="af44d19f-42e8-486e-bae7-69136c63e437" />
    <UnitTestResult executionId="e2356e5f-41be-4ce7-b03a-f16f709c517d" testId="839d9f97-1afa-1d02-d4c2-46dde4ba3f81" testName="Controller550W.Tests.LifecycleTests.CrashDuringProcessBootEndsOverlay" computerName="PC202602281603H" duration="00:00:00.0001762" startTime="2026-10-02T22:30:20.0966717+08:00" endTime="2026-10-02T22:30:20.0966718+08:00" testType="13cdc9d9-ddb5-4fa4-a97d-d965ccfc6d4b" outcome="Passed" testListId="8c84fa94-04c1-424b-9868-57a2d4851a1d" relativeResultsDirectory="e2356e5f-41be-4ce7-b03a-f16f709c517d" />
    <UnitTestResult executionId="38c26020-faf4-490f-94b3-e4616be120cc" testId="ad81afaf-5892-787c-9e6f-e073628401ec" testName="Controller550W.Tests.LifecycleTests.OneHelperExitDoesNotStopTheApplication" computerName="PC202602281603H" duration="00:00:00.1752711" startTime="2026-10-02T22:30:20.0612495+08:00" endTime="2026-10-02T22:30:20.0612496+08:00" testType="13cdc9d9-ddb5-4fa4-a97d-d965ccfc6d4b" outcome="Passed" testListId="8c84fa94-04c1-424b-9868-57a2d4851a1d" relativeResultsDirectory="38c26020-faf4-490f-94b3-e4616be120cc" />
    <UnitTestResult executionId="911bfde3-f9fb-4f66-88fb-fe599735e7d2" testId="a2709a43-a28e-3086-c0d8-b65da68795f0" testName="Controller550W.Tests.StartupLatencyTests.NormalWindowReopenStillWorksAfterProcessFirstBoot" computerName="PC202602281603H" duration="00:00:00.0003018" startTime="2026-10-02T22:30:20.0627839+08:00" endTime="2026-10-02T22:30:20.0627843+08:00" testType="13cdc9d9-ddb5-4fa4-a97d-d965ccfc6d4b" outcome="Passed" testListId="8c84fa94-04c1-424b-9868-57a2d4851a1d" relativeResultsDirectory="911bfde3-f9fb-4f66-88fb-fe599735e7d2" />
    <UnitTestResult executionId="63dc51c2-0866-46e1-9667-3d725d2316ee" testId="e89e9136-dd31-77fd-fa92-8c7dac3e30b4" testName="Controller550W.Tests.LifecycleTests.DotsInExecutableNamesRemainPartOfTheName(configured: &quot;ChatGPT&quot;, observed: &quot;chatgpt.exe&quot;)" computerName="PC202602281603H" duration="00:00:00.0001827" startTime="2026-10-02T22:30:20.0627211+08:00" endTime="2026-10-02T22:30:20.0627211+08:00" testType="13cdc9d9-ddb5-4fa4-a97d-d965ccfc6d4b" outcome="Passed" testListId="8c84fa94-04c1-424b-9868-57a2d4851a1d" relativeResultsDirectory="63dc51c2-0866-46e1-9667-3d725d2316ee" />
    <UnitTestResult executionId="58689465-e194-4006-90b3-da125a1bf635" testId="9c68d14a-b1fe-5eda-ff40-778411e4e06b" testName="Controller550W.Tests.LifecycleTests.ExistingAppAtLoginDoesNotPlayBoot" computerName="PC202602281603H" duration="00:00:00.0001502" startTime="2026-10-02T22:30:20.0965419+08:00" endTime="2026-10-02T22:30:20.0965421+08:00" testType="13cdc9d9-ddb5-4fa4-a97d-d965ccfc6d4b" outcome="Passed" testListId="8c84fa94-04c1-424b-9868-57a2d4851a1d" relativeResultsDirectory="58689465-e194-4006-90b3-da125a1bf635" />
    <UnitTestResult executionId="49941536-30ba-4e56-84c4-9b33b68c7a11" testId="37bb5b4a-275c-b1c1-377f-c397dda0f07a" testName="Controller550W.Tests.StartupLatencyTests.ProcessFirstBootDoesNotRepeatWhenSlowWindowArrives(trigger: ProcessStart)" computerName="PC202602281603H" duration="00:00:00.0047272" startTime="2026-10-02T22:30:20.0621391+08:00" endTime="2026-10-02T22:30:20.0621392+08:00" testType="13cdc9d9-ddb5-4fa4-a97d-d965ccfc6d4b" outcome="Passed" testListId="8c84fa94-04c1-424b-9868-57a2d4851a1d" relativeResultsDirectory="49941536-30ba-4e56-84c4-9b33b68c7a11" />
    <UnitTestResult executionId="6ae8a374-bcd1-4fae-b655-d2ebeaf9a331" testId="86585fe1-a0db-bf67-3e18-ce518942c937" testName="Controller550W.Tests.LifecycleTests.MultipleWindowsDoNotRepeatBootOrPrematurelyShutdown" computerName="PC202602281603H" duration="00:00:00.0002906" startTime="2026-10-02T22:30:20.0945486+08:00" endTime="2026-10-02T22:30:20.0945487+08:00" testType="13cdc9d9-ddb5-4fa4-a97d-d965ccfc6d4b" outcome="Passed" testListId="8c84fa94-04c1-424b-9868-57a2d4851a1d" relativeResultsDirectory="6ae8a374-bcd1-4fae-b655-d2ebeaf9a331" />
  </Results>
  <TestDefinitions>
    <UnitTest name="Controller550W.Tests.StartupLatencyTests.ExistingOrUninitializedOrDisabledOrManagedAppDoesNotReplay" storage="c:\users\administrator\documents\codex\2026-09-30\files-pasted-by-the-user-windows\outputs\550w-ai-controller-source\tests\550w.tests\bin\release\net8.0\550w.tests.dll" id="5af98d16-6a0b-7f2a-7b92-c4de842fe75f">
      <Execution id="9dc90f9e-0888-432e-ad67-e96d9d616c6a" />
      <TestMethod codeBase="C:\Users\Administrator\Documents\Codex\2026-09-30\files-pasted-by-the-user-windows\outputs\550W-AI-Controller-Source\tests\550W.Tests\bin\Release\net8.0\550W.Tests.dll" adapterTypeName="executor://xunit/VsTestRunner2/netcoreapp" className="Controller550W.Tests.StartupLatencyTests" name="ExistingOrUninitializedOrDisabledOrManagedAppDoesNotReplay" />
    </UnitTest>
    <UnitTest name="Controller550W.Tests.LifecycleTests.ProcessAndOptionalFullPathBothMatch" storage="c:\users\administrator\documents\codex\2026-09-30\files-pasted-by-the-user-windows\outputs\550w-ai-controller-source\tests\550w.tests\bin\release\net8.0\550w.tests.dll" id="7af958e0-8b83-b448-76f1-3730f16e4242">
      <Execution id="fa29389a-9f22-4de1-8974-df22f13eb0b2" />
      <TestMethod codeBase="C:\Users\Administrator\Documents\Codex\2026-09-30\files-pasted-by-the-user-windows\outputs\550W-AI-Controller-Source\tests\550W.Tests\bin\Release\net8.0\550W.Tests.dll" adapterTypeName="executor://xunit/VsTestRunner2/netcoreapp" className="Controller550W.Tests.LifecycleTests" name="ProcessAndOptionalFullPathBothMatch" />
    </UnitTest>
    <UnitTest name="Controller550W.Tests.LifecycleTests.OneHelperExitDoesNotStopTheApplication" storage="c:\users\administrator\documents\codex\2026-09-30\files-pasted-by-the-user-windows\outputs\550w-ai-controller-source\tests\550w.tests\bin\release\net8.0\550w.tests.dll" id="ad81afaf-5892-787c-9e6f-e073628401ec">
      <Execution id="38c26020-faf4-490f-94b3-e4616be120cc" />
      <TestMethod codeBase="C:\Users\Administrator\Documents\Codex\2026-09-30\files-pasted-by-the-user-windows\outputs\550W-AI-Controller-Source\tests\550W.Tests\bin\Release\net8.0\550W.Tests.dll" adapterTypeName="executor://xunit/VsTestRunner2/netcoreapp" className="Controller550W.Tests.LifecycleTests" name="OneHelperExitDoesNotStopTheApplication" />
    </UnitTest>
    <UnitTest name="Controller550W.Tests.LifecycleTests.ExistingAppAtLoginDoesNotPlayBoot" storage="c:\users\administrator\documents\codex\2026-09-30\files-pasted-by-the-user-windows\outputs\550w-ai-controller-source\tests\550w.tests\bin\release\net8.0\550w.tests.dll" id="9c68d14a-b1fe-5eda-ff40-778411e4e06b">
      <Execution id="58689465-e194-4006-90b3-da125a1bf635" />
      <TestMethod codeBase="C:\Users\Administrator\Documents\Codex\2026-09-30\files-pasted-by-the-user-windows\outputs\550W-AI-Controller-Source\tests\550W.Tests\bin\Release\net8.0\550W.Tests.dll" adapterTypeName="executor://xunit/VsTestRunner2/netcoreapp" className="Controller550W.Tests.LifecycleTests" name="ExistingAppAtLoginDoesNotPlayBoot" />
    </UnitTest>
    <UnitTest name="Controller550W.Tests.StartupLatencyTests.ProcessCrashReleasesBootAndLaterRestartWorks" storage="c:\users\administrator\documents\codex\2026-09-30\files-pasted-by-the-user-windows\outputs\550w-ai-controller-source\tests\550w.tests\bin\release\net8.0\550w.tests.dll" id="0694badf-86bb-b18b-ec05-18db69cf2485">
      <Execution id="af44d19f-42e8-486e-bae7-69136c63e437" />
      <TestMethod codeBase="C:\Users\Administrator\Documents\Codex\2026-09-30\files-pasted-by-the-user-windows\outputs\550W-AI-Controller-Source\tests\550W.Tests\bin\Release\net8.0\550W.Tests.dll" adapterTypeName="executor://xunit/VsTestRunner2/netcoreapp" className="Controller550W.Tests.StartupLatencyTests" name="ProcessCrashReleasesBootAndLaterRestartWorks" />
    </UnitTest>
    <UnitTest name="Controller550W.Tests.LifecycleTests.CrashDuringProcessBootEndsOverlay" storage="c:\users\administrator\documents\codex\2026-09-30\files-pasted-by-the-user-windows\outputs\550w-ai-controller-source\tests\550w.tests\bin\release\net8.0\550w.tests.dll" id="839d9f97-1afa-1d02-d4c2-46dde4ba3f81">
      <Execution id="e2356e5f-41be-4ce7-b03a-f16f709c517d" />
      <TestMethod codeBase="C:\Users\Administrator\Documents\Codex\2026-09-30\files-pasted-by-the-user-windows\outputs\550W-AI-Controller-Source\tests\550W.Tests\bin\Release\net8.0\550W.Tests.dll" adapterTypeName="executor://xunit/VsTestRunner2/netcoreapp" className="Controller550W.Tests.LifecycleTests" name="CrashDuringProcessBootEndsOverlay" />
    </UnitTest>
    <UnitTest name="Controller550W.Tests.StartupLatencyTests.ProcessFirstBootDoesNotRepeatWhenSlowWindowArrives(trigger: WindowShow)" storage="c:\users\administrator\documents\codex\2026-09-30\files-pasted-by-the-user-windows\outputs\550w-ai-controller-source\tests\550w.tests\bin\release\net8.0\550w.tests.dll" id="1368a4c8-9dd7-3302-cc86-8633bee29f09">
      <Execution id="5ad7ef28-f7a6-4ca3-92b7-f8002b15c9f5" />
      <TestMethod codeBase="C:\Users\Administrator\Documents\Codex\2026-09-30\files-pasted-by-the-user-windows\outputs\550W-AI-Controller-Source\tests\550W.Tests\bin\Release\net8.0\550W.Tests.dll" adapterTypeName="executor://xunit/VsTestRunner2/netcoreapp" className="Controller550W.Tests.StartupLatencyTests" name="ProcessFirstBootDoesNotRepeatWhenSlowWindowArrives" />
    </UnitTest>
    <UnitTest name="Controller550W.Tests.LifecycleTests.DisabledProfileNeverTriggers" storage="c:\users\administrator\documents\codex\2026-09-30\files-pasted-by-the-user-windows\outputs\550w-ai-controller-source\tests\550w.tests\bin\release\net8.0\550w.tests.dll" id="bd3d5c16-c619-db13-6fc0-a3ec71d92c04">
      <Execution id="6bb34576-27b0-4867-a66e-94a4253ba507" />
      <TestMethod codeBase="C:\Users\Administrator\Documents\Codex\2026-09-30\files-pasted-by-the-user-windows\outputs\550W-AI-Controller-Source\tests\550W.Tests\bin\Release\net8.0\550W.Tests.dll" adapterTypeName="executor://xunit/VsTestRunner2/netcoreapp" className="Controller550W.Tests.LifecycleTests" name="DisabledProfileNeverTriggers" />
    </UnitTest>
    <UnitTest name="Controller550W.Tests.LifecycleTests.DotsInExecutableNamesRemainPartOfTheName(configured: &quot;ChatGPT&quot;, observed: &quot;chatgpt.exe&quot;)" storage="c:\users\administrator\documents\codex\2026-09-30\files-pasted-by-the-user-windows\outputs\550w-ai-controller-source\tests\550w.tests\bin\release\net8.0\550w.tests.dll" id="e89e9136-dd31-77fd-fa92-8c7dac3e30b4">
      <Execution id="63dc51c2-0866-46e1-9667-3d725d2316ee" />
      <TestMethod codeBase="C:\Users\Administrator\Documents\Codex\2026-09-30\files-pasted-by-the-user-windows\outputs\550W-AI-Controller-Source\tests\550W.Tests\bin\Release\net8.0\550W.Tests.dll" adapterTypeName="executor://xunit/VsTestRunner2/netcoreapp" className="Controller550W.Tests.LifecycleTests" name="DotsInExecutableNamesRemainPartOfTheName" />
    </UnitTest>
    <UnitTest name="Controller550W.Tests.LifecycleTests.TrayHideReportsStopAndReopenMayPlayBoot" storage="c:\users\administrator\documents\codex\2026-09-30\files-pasted-by-the-user-windows\outputs\550w-ai-controller-source\tests\550w.tests\bin\release\net8.0\550w.tests.dll" id="fba1076e-e2b6-102b-e8f1-068f49269e40">
      <Execution id="971d09c9-1297-4c8c-b787-8b4c0688bea5" />
      <TestMethod codeBase="C:\Users\Administrator\Documents\Codex\2026-09-30\files-pasted-by-the-user-windows\outputs\550W-AI-Controller-Source\tests\550W.Tests\bin\Release\net8.0\550W.Tests.dll" adapterTypeName="executor://xunit/VsTestRunner2/netcoreapp" className="Controller550W.Tests.LifecycleTests" name="TrayHideReportsStopAndReopenMayPlayBoot" />
    </UnitTest>
    <UnitTest name="Controller550W.Tests.LifecycleTests.SlowAndFastReadyKeepTheirConfiguredStability(seconds: 5)" storage="c:\users\administrator\documents\codex\2026-09-30\files-pasted-by-the-user-windows\outputs\550w-ai-controller-source\tests\550w.tests\bin\release\net8.0\550w.tests.dll" id="48539d81-e352-ea1f-fda4-f916e8a63e4a">
      <Execution id="e31a487d-43ab-4a8a-a41b-332a9c752a29" />
      <TestMethod codeBase="C:\Users\Administrator\Documents\Codex\2026-09-30\files-pasted-by-the-user-windows\outputs\550W-AI-Controller-Source\tests\550W.Tests\bin\Release\net8.0\550W.Tests.dll" adapterTypeName="executor://xunit/VsTestRunner2/netcoreapp" className="Controller550W.Tests.LifecycleTests" name="SlowAndFastReadyKeepTheirConfiguredStability" />
    </UnitTest>
    <UnitTest name="Controller550W.Tests.LifecycleTests.SlowAndFastReadyKeepTheirConfiguredStability(seconds: 15)" storage="c:\users\administrator\documents\codex\2026-09-30\files-pasted-by-the-user-windows\outputs\550w-ai-controller-source\tests\550w.tests\bin\release\net8.0\550w.tests.dll" id="5c77fe6b-0063-6368-68d9-660d2ccfa953">
      <Execution id="90a73789-816a-4af4-a454-d8a31d1740bc" />
      <TestMethod codeBase="C:\Users\Administrator\Documents\Codex\2026-09-30\files-pasted-by-the-user-windows\outputs\550W-AI-Controller-Source\tests\550W.Tests\bin\Release\net8.0\550W.Tests.dll" adapterTypeName="executor://xunit/VsTestRunner2/netcoreapp" className="Controller550W.Tests.LifecycleTests" name="SlowAndFastReadyKeepTheirConfiguredStability" />
    </UnitTest>
    <UnitTest name="Controller550W.Tests.LifecycleTests.SlowAndFastReadyKeepTheirConfiguredStability(seconds: 2)" storage="c:\users\administrator\documents\codex\2026-09-30\files-pasted-by-the-user-windows\outputs\550w-ai-controller-source\tests\550w.tests\bin\release\net8.0\550w.tests.dll" id="7c8e1b96-730d-c13b-0463-7e4ecdb612e0">
      <Execution id="b1621057-68a5-4add-bef4-35ead56bc65e" />
      <TestMethod codeBase="C:\Users\Administrator\Documents\Codex\2026-09-30\files-pasted-by-the-user-windows\outputs\550W-AI-Controller-Source\tests\550W.Tests\bin\Release\net8.0\550W.Tests.dll" adapterTypeName="executor://xunit/VsTestRunner2/netcoreapp" className="Controller550W.Tests.LifecycleTests" name="SlowAndFastReadyKeepTheirConfiguredStability" />
    </UnitTest>
    <UnitTest name="Controller550W.Tests.LifecycleTests.ReadinessRequiresSameResponsiveWindowAndResetsOnFailure" storage="c:\users\administrator\documents\codex\2026-09-30\files-pasted-by-the-user-windows\outputs\550w-ai-controller-source\tests\550w.tests\bin\release\net8.0\550w.tests.dll" id="c18806b3-d6a9-6799-5383-2c898aca7054">
      <Execution id="cd985615-10ba-4d21-8367-41672e8a1671" />
      <TestMethod codeBase="C:\Users\Administrator\Documents\Codex\2026-09-30\files-pasted-by-the-user-windows\outputs\550W-AI-Controller-Source\tests\550W.Tests\bin\Release\net8.0\550W.Tests.dll" adapterTypeName="executor://xunit/VsTestRunner2/netcoreapp" className="Controller550W.Tests.LifecycleTests" name="ReadinessRequiresSameResponsiveWindowAndResetsOnFailure" />
    </UnitTest>
    <UnitTest name="Controller550W.Tests.LifecycleTests.MultipleWindowsDoNotRepeatBootOrPrematurelyShutdown" storage="c:\users\administrator\documents\codex\2026-09-30\files-pasted-by-the-user-windows\outputs\550w-ai-controller-source\tests\550w.tests\bin\release\net8.0\550w.tests.dll" id="86585fe1-a0db-bf67-3e18-ce518942c937">
      <Execution id="6ae8a374-bcd1-4fae-b655-d2ebeaf9a331" />
      <TestMethod codeBase="C:\Users\Administrator\Documents\Codex\2026-09-30\files-pasted-by-the-user-windows\outputs\550W-AI-Controller-Source\tests\550W.Tests\bin\Release\net8.0\550W.Tests.dll" adapterTypeName="executor://xunit/VsTestRunner2/netcoreapp" className="Controller550W.Tests.LifecycleTests" name="MultipleWindowsDoNotRepeatBootOrPrematurelyShutdown" />
    </UnitTest>
    <UnitTest name="Controller550W.Tests.StartupLatencyTests.NormalWindowReopenStillWorksAfterProcessFirstBoot" storage="c:\users\administrator\documents\codex\2026-09-30\files-pasted-by-the-user-windows\outputs\550w-ai-controller-source\tests\550w.tests\bin\release\net8.0\550w.tests.dll" id="a2709a43-a28e-3086-c0d8-b65da68795f0">
      <Execution id="911bfde3-f9fb-4f66-88fb-fe599735e7d2" />
      <TestMethod codeBase="C:\Users\Administrator\Documents\Codex\2026-09-30\files-pasted-by-the-user-windows\outputs\550W-AI-Controller-Source\tests\550W.Tests\bin\Release\net8.0\550W.Tests.dll" adapterTypeName="executor://xunit/VsTestRunner2/netcoreapp" className="Controller550W.Tests.StartupLatencyTests" name="NormalWindowReopenStillWorksAfterProcessFirstBoot" />
    </UnitTest>
    <UnitTest name="Controller550W.Tests.LifecycleTests.SeparateProfilesMaintainIndependentState" storage="c:\users\administrator\documents\codex\2026-09-30\files-pasted-by-the-user-windows\outputs\550w-ai-controller-source\tests\550w.tests\bin\release\net8.0\550w.tests.dll" id="3dd5ab7c-15f3-a2cc-1e10-b233d04b7e3f">
      <Execution id="4442840e-3dbf-42fb-95e5-819f950c2784" />
      <TestMethod codeBase="C:\Users\Administrator\Documents\Codex\2026-09-30\files-pasted-by-the-user-windows\outputs\550W-AI-Controller-Source\tests\550W.Tests\bin\Release\net8.0\550W.Tests.dll" adapterTypeName="executor://xunit/VsTestRunner2/netcoreapp" className="Controller550W.Tests.LifecycleTests" name="SeparateProfilesMaintainIndependentState" />
    </UnitTest>
    <UnitTest name="Controller550W.Tests.StartupLatencyTests.ProcessFirstBootDoesNotRepeatWhenSlowWindowArrives(trigger: ProcessStart)" storage="c:\users\administrator\documents\codex\2026-09-30\files-pasted-by-the-user-windows\outputs\550w-ai-controller-source\tests\550w.tests\bin\release\net8.0\550w.tests.dll" id="37bb5b4a-275c-b1c1-377f-c397dda0f07a">
      <Execution id="49941536-30ba-4e56-84c4-9b33b68c7a11" />
      <TestMethod codeBase="C:\Users\Administrator\Documents\Codex\2026-09-30\files-pasted-by-the-user-windows\outputs\550W-AI-Controller-Source\tests\550W.Tests\bin\Release\net8.0\550W.Tests.dll" adapterTypeName="executor://xunit/VsTestRunner2/netcoreapp" className="Controller550W.Tests.StartupLatencyTests" name="ProcessFirstBootDoesNotRepeatWhenSlowWindowArrives" />
    </UnitTest>
    <UnitTest name="Controller550W.Tests.LifecycleTests.DotsInExecutableNamesRemainPartOfTheName(configured: &quot;ai.client.v2.EXE&quot;, observed: &quot;AI.Client.v2&quot;)" storage="c:\users\administrator\documents\codex\2026-09-30\files-pasted-by-the-user-windows\outputs\550w-ai-controller-source\tests\550w.tests\bin\release\net8.0\550w.tests.dll" id="3ffa4f7b-a1dd-ff60-6871-e0501efb4c78">
      <Execution id="bc88e0bb-bdd2-42f2-b6b9-0fac61e08dff" />
      <TestMethod codeBase="C:\Users\Administrator\Documents\Codex\2026-09-30\files-pasted-by-the-user-windows\outputs\550W-AI-Controller-Source\tests\550W.Tests\bin\Release\net8.0\550W.Tests.dll" adapterTypeName="executor://xunit/VsTestRunner2/netcoreapp" className="Controller550W.Tests.LifecycleTests" name="DotsInExecutableNamesRemainPartOfTheName" />
    </UnitTest>
    <UnitTest name="Controller550W.Tests.LifecycleTests.MinimizedWindowIsStillPresent" storage="c:\users\administrator\documents\codex\2026-09-30\files-pasted-by-the-user-windows\outputs\550w-ai-controller-source\tests\550w.tests\bin\release\net8.0\550w.tests.dll" id="419cf50e-47ce-ba1f-5250-51362e26c1be">
      <Execution id="e3fff99e-1b44-4f5c-b34c-e416a344fc6e" />
      <TestMethod codeBase="C:\Users\Administrator\Documents\Codex\2026-09-30\files-pasted-by-the-user-windows\outputs\550W-AI-Controller-Source\tests\550W.Tests\bin\Release\net8.0\550W.Tests.dll" adapterTypeName="executor://xunit/VsTestRunner2/netcoreapp" className="Controller550W.Tests.LifecycleTests" name="MinimizedWindowIsStillPresent" />
    </UnitTest>
    <UnitTest name="Controller550W.Tests.LifecycleTests.DotsInExecutableNamesRemainPartOfTheName(configured: &quot;550W.ExternalFixture.exe&quot;, observed: &quot;550W.ExternalFixture&quot;)" storage="c:\users\administrator\documents\codex\2026-09-30\files-pasted-by-the-user-windows\outputs\550w-ai-controller-source\tests\550w.tests\bin\release\net8.0\550w.tests.dll" id="7e7a74fd-aca6-83e6-4b13-179f2ce38c1d">
      <Execution id="9bb52703-e8ed-4fd9-aff7-2f58d4635762" />
      <TestMethod codeBase="C:\Users\Administrator\Documents\Codex\2026-09-30\files-pasted-by-the-user-windows\outputs\550W-AI-Controller-Source\tests\550W.Tests\bin\Release\net8.0\550W.Tests.dll" adapterTypeName="executor://xunit/VsTestRunner2/netcoreapp" className="Controller550W.Tests.LifecycleTests" name="DotsInExecutableNamesRemainPartOfTheName" />
    </UnitTest>
    <UnitTest name="Controller550W.Tests.LifecycleTests.HelpersDoNotRepeatBoot" storage="c:\users\administrator\documents\codex\2026-09-30\files-pasted-by-the-user-windows\outputs\550w-ai-controller-source\tests\550w.tests\bin\release\net8.0\550w.tests.dll" id="cce6feb6-8799-82f9-38cc-b0e0e3c71810">
      <Execution id="6c0e6698-75c4-4171-9128-0e0e4fd9c6ff" />
      <TestMethod codeBase="C:\Users\Administrator\Documents\Codex\2026-09-30\files-pasted-by-the-user-windows\outputs\550W-AI-Controller-Source\tests\550W.Tests\bin\Release\net8.0\550W.Tests.dll" adapterTypeName="executor://xunit/VsTestRunner2/netcoreapp" className="Controller550W.Tests.LifecycleTests" name="HelpersDoNotRepeatBoot" />
    </UnitTest>
  </TestDefinitions>
  <TestEntries>
    <TestEntry testId="7c8e1b96-730d-c13b-0463-7e4ecdb612e0" executionId="b1621057-68a5-4add-bef4-35ead56bc65e" testListId="8c84fa94-04c1-424b-9868-57a2d4851a1d" />
    <TestEntry testId="bd3d5c16-c619-db13-6fc0-a3ec71d92c04" executionId="6bb34576-27b0-4867-a66e-94a4253ba507" testListId="8c84fa94-04c1-424b-9868-57a2d4851a1d" />
    <TestEntry testId="48539d81-e352-ea1f-fda4-f916e8a63e4a" executionId="e31a487d-43ab-4a8a-a41b-332a9c752a29" testListId="8c84fa94-04c1-424b-9868-57a2d4851a1d" />
    <TestEntry testId="419cf50e-47ce-ba1f-5250-51362e26c1be" executionId="e3fff99e-1b44-4f5c-b34c-e416a344fc6e" testListId="8c84fa94-04c1-424b-9868-57a2d4851a1d" />
    <TestEntry testId="c18806b3-d6a9-6799-5383-2c898aca7054" executionId="cd985615-10ba-4d21-8367-41672e8a1671" testListId="8c84fa94-04c1-424b-9868-57a2d4851a1d" />
    <TestEntry testId="cce6feb6-8799-82f9-38cc-b0e0e3c71810" executionId="6c0e6698-75c4-4171-9128-0e0e4fd9c6ff" testListId="8c84fa94-04c1-424b-9868-57a2d4851a1d" />
    <TestEntry testId="5af98d16-6a0b-7f2a-7b92-c4de842fe75f" executionId="9dc90f9e-0888-432e-ad67-e96d9d616c6a" testListId="8c84fa94-04c1-424b-9868-57a2d4851a1d" />
    <TestEntry testId="7e7a74fd-aca6-83e6-4b13-179f2ce38c1d" executionId="9bb52703-e8ed-4fd9-aff7-2f58d4635762" testListId="8c84fa94-04c1-424b-9868-57a2d4851a1d" />
    <TestEntry testId="fba1076e-e2b6-102b-e8f1-068f49269e40" executionId="971d09c9-1297-4c8c-b787-8b4c0688bea5" testListId="8c84fa94-04c1-424b-9868-57a2d4851a1d" />
    <TestEntry testId="3dd5ab7c-15f3-a2cc-1e10-b233d04b7e3f" executionId="4442840e-3dbf-42fb-95e5-819f950c2784" testListId="8c84fa94-04c1-424b-9868-57a2d4851a1d" />
    <TestEntry testId="5c77fe6b-0063-6368-68d9-660d2ccfa953" executionId="90a73789-816a-4af4-a454-d8a31d1740bc" testListId="8c84fa94-04c1-424b-9868-57a2d4851a1d" />
    <TestEntry testId="3ffa4f7b-a1dd-ff60-6871-e0501efb4c78" executionId="bc88e0bb-bdd2-42f2-b6b9-0fac61e08dff" testListId="8c84fa94-04c1-424b-9868-57a2d4851a1d" />
    <TestEntry testId="1368a4c8-9dd7-3302-cc86-8633bee29f09" executionId="5ad7ef28-f7a6-4ca3-92b7-f8002b15c9f5" testListId="8c84fa94-04c1-424b-9868-57a2d4851a1d" />
    <TestEntry testId="7af958e0-8b83-b448-76f1-3730f16e4242" executionId="fa29389a-9f22-4de1-8974-df22f13eb0b2" testListId="8c84fa94-04c1-424b-9868-57a2d4851a1d" />
    <TestEntry testId="0694badf-86bb-b18b-ec05-18db69cf2485" executionId="af44d19f-42e8-486e-bae7-69136c63e437" testListId="8c84fa94-04c1-424b-9868-57a2d4851a1d" />
    <TestEntry testId="839d9f97-1afa-1d02-d4c2-46dde4ba3f81" executionId="e2356e5f-41be-4ce7-b03a-f16f709c517d" testListId="8c84fa94-04c1-424b-9868-57a2d4851a1d" />
    <TestEntry testId="ad81afaf-5892-787c-9e6f-e073628401ec" executionId="38c26020-faf4-490f-94b3-e4616be120cc" testListId="8c84fa94-04c1-424b-9868-57a2d4851a1d" />
    <TestEntry testId="a2709a43-a28e-3086-c0d8-b65da68795f0" executionId="911bfde3-f9fb-4f66-88fb-fe599735e7d2" testListId="8c84fa94-04c1-424b-9868-57a2d4851a1d" />
    <TestEntry testId="e89e9136-dd31-77fd-fa92-8c7dac3e30b4" executionId="63dc51c2-0866-46e1-9667-3d725d2316ee" testListId="8c84fa94-04c1-424b-9868-57a2d4851a1d" />
    <TestEntry testId="9c68d14a-b1fe-5eda-ff40-778411e4e06b" executionId="58689465-e194-4006-90b3-da125a1bf635" testListId="8c84fa94-04c1-424b-9868-57a2d4851a1d" />
    <TestEntry testId="37bb5b4a-275c-b1c1-377f-c397dda0f07a" executionId="49941536-30ba-4e56-84c4-9b33b68c7a11" testListId="8c84fa94-04c1-424b-9868-57a2d4851a1d" />
    <TestEntry testId="86585fe1-a0db-bf67-3e18-ce518942c937" executionId="6ae8a374-bcd1-4fae-b655-d2ebeaf9a331" testListId="8c84fa94-04c1-424b-9868-57a2d4851a1d" />
  </TestEntries>
  <TestLists>
    <TestList name="列表中未列出的结果" id="8c84fa94-04c1-424b-9868-57a2d4851a1d" />
    <TestList name="所有已加载的结果" id="19431567-8539-422a-85d7-44ee4e166bda" />
  </TestLists>
  <ResultSummary outcome="Completed">
    <Counters total="22" executed="22" passed="22" failed="0" error="0" timeout="0" aborted="0" inconclusive="0" passedButRunAborted="0" notRunnable="0" notExecuted="0" disconnected="0" warning="0" completed="0" inProgress="0" pending="0" />
    <Output>
      <StdOut>[xUnit.net 00:00:00.00] xUnit.net VSTest Adapter v2.8.2+699d445a1a (64-bit .NET 8.0.31)&#xD;
[xUnit.net 00:00:00.09]   Discovering: 550W.Tests&#xD;
[xUnit.net 00:00:00.16]   Discovered:  550W.Tests&#xD;
[xUnit.net 00:00:00.17]   Starting:    550W.Tests&#xD;
[xUnit.net 00:00:00.42]   Finished:    550W.Tests&#xD;
</StdOut>
    </Output>
  </ResultSummary>
</TestRun>