<?xml version="1.0" encoding="utf-8"?>
<TestRun id="da5e883f-a7b6-4ac3-8bec-c0eeb6630a8f" name="Administrator@PC202602281603H 2026-10-03 15:58:40" runUser="PC202602281603H\CodexSandboxOffline" xmlns="http://microsoft.com/schemas/VisualStudio/TeamTest/2010">
  <Times creation="2026-10-03T15:58:40.2730130+08:00" queuing="2026-10-03T15:58:40.2730131+08:00" start="2026-10-03T15:58:39.3333662+08:00" finish="2026-10-03T15:58:40.4228494+08:00" />
  <TestSettings name="default" id="cb3aa8f0-5570-456f-925f-c3a6f3fa03c8">
    <Deployment runDeploymentRoot="Administrator_PC202602281603H_2026-10-03_15_58_40" />
  </TestSettings>
  <Results>
    <UnitTestResult executionId="0f0ce72f-1dd6-4891-9c3c-2925d52c96a0" testId="46b00c05-08c6-5b3d-1013-e1ab4a393f48" testName="Controller550W.Tests.V3ConfigurationTests.IndependentModeStartsFromCurrentDefaultsAndStaysIndependent" computerName="PC202602281603H" duration="00:00:00.0004261" startTime="2026-10-03T15:58:40.2990509+08:00" endTime="2026-10-03T15:58:40.2990510+08:00" testType="13cdc9d9-ddb5-4fa4-a97d-d965ccfc6d4b" outcome="Passed" testListId="8c84fa94-04c1-424b-9868-57a2d4851a1d" relativeResultsDirectory="0f0ce72f-1dd6-4891-9c3c-2925d52c96a0" />
    <UnitTestResult executionId="682b526a-a3aa-41bc-a005-22b53a86dd8c" testId="625c74eb-993e-53c3-42e1-92831f198fe6" testName="Controller550W.Tests.V45TimingConfigurationTests.InvalidCombinationIsRejectedWithoutChangingInputs(idle: 1000, total: 800)" computerName="PC202602281603H" duration="00:00:00.0151555" startTime="2026-10-03T15:58:40.2799159+08:00" endTime="2026-10-03T15:58:40.2799160+08:00" testType="13cdc9d9-ddb5-4fa4-a97d-d965ccfc6d4b" outcome="Passed" testListId="8c84fa94-04c1-424b-9868-57a2d4851a1d" relativeResultsDirectory="682b526a-a3aa-41bc-a005-22b53a86dd8c" />
    <UnitTestResult executionId="5b1db79a-81f6-42a6-9e19-e9e415c5a2ff" testId="0890fa60-ea56-1357-655c-506ea47273d0" testName="Controller550W.Tests.ConfigurationTests.StableRequiresThreeSuccessfulSamples(successes: 2, expected: &quot;degraded&quot;)" computerName="PC202602281603H" duration="00:00:00.0000082" startTime="2026-10-03T15:58:40.1943032+08:00" endTime="2026-10-03T15:58:40.1943032+08:00" testType="13cdc9d9-ddb5-4fa4-a97d-d965ccfc6d4b" outcome="Passed" testListId="8c84fa94-04c1-424b-9868-57a2d4851a1d" relativeResultsDirectory="5b1db79a-81f6-42a6-9e19-e9e415c5a2ff" />
    <UnitTestResult executionId="79424c12-b782-4bbc-b220-8e0d6c17cb25" testId="b1666c83-7c2e-a574-6a0b-ff50eec4e1ab" testName="Controller550W.Tests.V3ConfigurationTests.UnversionedImportMigratesAndNullSectionsAreRecovered" computerName="PC202602281603H" duration="00:00:00.0007728" startTime="2026-10-03T15:58:40.3004667+08:00" endTime="2026-10-03T15:58:40.3004668+08:00" testType="13cdc9d9-ddb5-4fa4-a97d-d965ccfc6d4b" outcome="Passed" testListId="8c84fa94-04c1-424b-9868-57a2d4851a1d" relativeResultsDirectory="79424c12-b782-4bbc-b220-8e0d6c17cb25" />
    <UnitTestResult executionId="43130fa4-c529-40be-b73c-e7f1854451ba" testId="e084d7e9-2b94-f75e-8f66-0aba191e39f3" testName="Controller550W.Tests.ConfigurationTests.StableRequiresThreeSuccessfulSamples(successes: 0, expected: &quot;offline&quot;)" computerName="PC202602281603H" duration="00:00:00.0000104" startTime="2026-10-03T15:58:40.1942653+08:00" endTime="2026-10-03T15:58:40.1942653+08:00" testType="13cdc9d9-ddb5-4fa4-a97d-d965ccfc6d4b" outcome="Passed" testListId="8c84fa94-04c1-424b-9868-57a2d4851a1d" relativeResultsDirectory="43130fa4-c529-40be-b73c-e7f1854451ba" />
    <UnitTestResult executionId="32c580ea-ae6d-4e80-a8e6-61a35077d696" testId="fd771734-6c43-9d75-70fb-70dafeaf2ad4" testName="Controller550W.Tests.V45TimingConfigurationTests.LegacyGlobalAndIndependentTimingsMigrateOnce" computerName="PC202602281603H" duration="00:00:00.0106354" startTime="2026-10-03T15:58:40.2981959+08:00" endTime="2026-10-03T15:58:40.2981959+08:00" testType="13cdc9d9-ddb5-4fa4-a97d-d965ccfc6d4b" outcome="Passed" testListId="8c84fa94-04c1-424b-9868-57a2d4851a1d" relativeResultsDirectory="32c580ea-ae6d-4e80-a8e6-61a35077d696" />
    <UnitTestResult executionId="caa2d872-efb0-4de3-9881-b90ef2aab8db" testId="cfd295e5-789c-a188-296d-75f4c7824af9" testName="Controller550W.Tests.ConfigurationTests.HighJitterIsUnstable" computerName="PC202602281603H" duration="00:00:00.0001610" startTime="2026-10-03T15:58:40.1957308+08:00" endTime="2026-10-03T15:58:40.1957309+08:00" testType="13cdc9d9-ddb5-4fa4-a97d-d965ccfc6d4b" outcome="Passed" testListId="8c84fa94-04c1-424b-9868-57a2d4851a1d" relativeResultsDirectory="caa2d872-efb0-4de3-9881-b90ef2aab8db" />
    <UnitTestResult executionId="1801e07a-c276-4688-9895-9cb9537aaa32" testId="ae26601a-21bd-1ec2-876b-8aa09219f985" testName="Controller550W.Tests.V45TimingConfigurationTests.InvalidIndependentTimingBlocksSaveButUnusedOverrideDoesNot" computerName="PC202602281603H" duration="00:00:00.0007635" startTime="2026-10-03T15:58:40.2869914+08:00" endTime="2026-10-03T15:58:40.2869914+08:00" testType="13cdc9d9-ddb5-4fa4-a97d-d965ccfc6d4b" outcome="Passed" testListId="8c84fa94-04c1-424b-9868-57a2d4851a1d" relativeResultsDirectory="1801e07a-c276-4688-9895-9cb9537aaa32" />
    <UnitTestResult executionId="5cf25cbe-d628-44f7-a9c1-e4ee6a6c853c" testId="25761158-e341-c732-a130-807c0be24dc2" testName="Controller550W.Tests.V45TimingConfigurationTests.OldLargestSeparateDurationsAreNotTruncatedDuringMigration" computerName="PC202602281603H" duration="00:00:00.0007105" startTime="2026-10-03T15:58:40.2811826+08:00" endTime="2026-10-03T15:58:40.2811827+08:00" testType="13cdc9d9-ddb5-4fa4-a97d-d965ccfc6d4b" outcome="Passed" testListId="8c84fa94-04c1-424b-9868-57a2d4851a1d" relativeResultsDirectory="5cf25cbe-d628-44f7-a9c1-e4ee6a6c853c" />
    <UnitTestResult executionId="884207b2-2f9b-49e1-a169-8abb9563214b" testId="26dffd20-1919-c690-6d25-9ece0f27f866" testName="Controller550W.Tests.V45TimingConfigurationTests.ExplicitNewFieldWinsIncludingMixedCaseAndPartialImports" computerName="PC202602281603H" duration="00:00:00.0005418" startTime="2026-10-03T15:58:40.2875183+08:00" endTime="2026-10-03T15:58:40.2875185+08:00" testType="13cdc9d9-ddb5-4fa4-a97d-d965ccfc6d4b" outcome="Passed" testListId="8c84fa94-04c1-424b-9868-57a2d4851a1d" relativeResultsDirectory="884207b2-2f9b-49e1-a169-8abb9563214b" />
    <UnitTestResult executionId="65f881ac-7748-46cb-ae3e-671fb70bcc50" testId="175f7de8-4a70-66ad-1b9f-e8db58940e49" testName="Controller550W.Tests.V45TimingConfigurationTests.InvalidCombinationIsRejectedWithoutChangingInputs(idle: 1000, total: 1000)" computerName="PC202602281603H" duration="00:00:00.0004701" startTime="2026-10-03T15:58:40.2804252+08:00" endTime="2026-10-03T15:58:40.2804253+08:00" testType="13cdc9d9-ddb5-4fa4-a97d-d965ccfc6d4b" outcome="Passed" testListId="8c84fa94-04c1-424b-9868-57a2d4851a1d" relativeResultsDirectory="65f881ac-7748-46cb-ae3e-671fb70bcc50" />
    <UnitTestResult executionId="e22608a1-03e6-4e51-b126-7efc72b997dc" testId="35bb71ef-289c-51e2-c571-ba0d677abb46" testName="Controller550W.Tests.V45TimingConfigurationTests.OneMillisecondRegroupAndZeroLogoHoldRemainExact" computerName="PC202602281603H" duration="00:00:00.0001227" startTime="2026-10-03T15:58:40.2647600+08:00" endTime="2026-10-03T15:58:40.2647601+08:00" testType="13cdc9d9-ddb5-4fa4-a97d-d965ccfc6d4b" outcome="Passed" testListId="8c84fa94-04c1-424b-9868-57a2d4851a1d" relativeResultsDirectory="e22608a1-03e6-4e51-b126-7efc72b997dc" />
    <UnitTestResult executionId="f43a64c9-8f17-443c-852c-0098d4162dc8" testId="b1ad8db7-76b8-71e0-1fc6-45e70dff5c2d" testName="Controller550W.Tests.V3ConfigurationTests.BulkApplyCopiesReusableSettingsWhilePreservingEveryApplicationIdentity" computerName="PC202602281603H" duration="00:00:00.0129468" startTime="2026-10-03T15:58:40.3134738+08:00" endTime="2026-10-03T15:58:40.3134738+08:00" testType="13cdc9d9-ddb5-4fa4-a97d-d965ccfc6d4b" outcome="Passed" testListId="8c84fa94-04c1-424b-9868-57a2d4851a1d" relativeResultsDirectory="f43a64c9-8f17-443c-852c-0098d4162dc8" />
    <UnitTestResult executionId="88ecb992-f0b4-42d7-a280-734a09a904f6" testId="d73c96b0-bdf1-4847-aca6-d7f158b511b7" testName="Controller550W.Tests.ConfigurationTests.MedianAndJitterAreComputed" computerName="PC202602281603H" duration="00:00:00.0051453" startTime="2026-10-03T15:58:40.1955271+08:00" endTime="2026-10-03T15:58:40.1955272+08:00" testType="13cdc9d9-ddb5-4fa4-a97d-d965ccfc6d4b" outcome="Passed" testListId="8c84fa94-04c1-424b-9868-57a2d4851a1d" relativeResultsDirectory="88ecb992-f0b4-42d7-a280-734a09a904f6" />
    <UnitTestResult executionId="672f83d5-27c3-4f6d-b461-3ecddbc47985" testId="56f1596e-ea50-0120-43b6-eda0ac592700" testName="Controller550W.Tests.ConfigurationTests.ValidationBoundsTimersAndFiltersEndpoints" computerName="PC202602281603H" duration="00:00:00.0102657" startTime="2026-10-03T15:58:40.2060628+08:00" endTime="2026-10-03T15:58:40.2060629+08:00" testType="13cdc9d9-ddb5-4fa4-a97d-d965ccfc6d4b" outcome="Passed" testListId="8c84fa94-04c1-424b-9868-57a2d4851a1d" relativeResultsDirectory="672f83d5-27c3-4f6d-b461-3ecddbc47985" />
    <UnitTestResult executionId="5d8eef61-9ef7-49b3-aca5-57dbead93aa1" testId="cfcd86fc-a9b0-2fc4-3a80-9997c5806f59" testName="Controller550W.Tests.V3ConfigurationTests.BulkApplyUsesVisibleGlobalDefaultsWhenSourceFollowsGlobal" computerName="PC202602281603H" duration="00:00:00.0005404" startTime="2026-10-03T15:58:40.2996402+08:00" endTime="2026-10-03T15:58:40.2996403+08:00" testType="13cdc9d9-ddb5-4fa4-a97d-d965ccfc6d4b" outcome="Passed" testListId="8c84fa94-04c1-424b-9868-57a2d4851a1d" relativeResultsDirectory="5d8eef61-9ef7-49b3-aca5-57dbead93aa1" />
    <UnitTestResult executionId="a1853169-0a52-4323-82a7-03ec1522913a" testId="bcd3a637-b968-655b-ebe3-c11763287f6f" testName="Controller550W.Tests.V45TimingConfigurationTests.FollowGlobalIndependentAndBulkCopyUseAllThreeTimingsWithoutIdentityChanges" computerName="PC202602281603H" duration="00:00:00.0041764" startTime="2026-10-03T15:58:40.2854097+08:00" endTime="2026-10-03T15:58:40.2854098+08:00" testType="13cdc9d9-ddb5-4fa4-a97d-d965ccfc6d4b" outcome="Passed" testListId="8c84fa94-04c1-424b-9868-57a2d4851a1d" relativeResultsDirectory="a1853169-0a52-4323-82a7-03ec1522913a" />
    <UnitTestResult executionId="624f2e70-8f0d-4584-971e-723bf09b6208" testId="de5cf2a8-70af-de2c-112e-0a5ef59b6934" testName="Controller550W.Tests.V3ConfigurationTests.ResolvingSessionDoesNotMutateSavedSettingsAndGlobalMuteAlwaysWins" computerName="PC202602281603H" duration="00:00:00.1125572" startTime="2026-10-03T15:58:40.2849427+08:00" endTime="2026-10-03T15:58:40.2849428+08:00" testType="13cdc9d9-ddb5-4fa4-a97d-d965ccfc6d4b" outcome="Passed" testListId="8c84fa94-04c1-424b-9868-57a2d4851a1d" relativeResultsDirectory="624f2e70-8f0d-4584-971e-723bf09b6208" />
    <UnitTestResult executionId="232ffde4-fdb3-42d2-9881-9954f789a4b6" testId="1c3882f8-0d17-28fe-9bbc-e78a6c742527" testName="Controller550W.Tests.ConfigurationTests.AtomicSaveRetainsPreviousConfigBackup" computerName="PC202602281603H" duration="00:00:00.0245388" startTime="2026-10-03T15:58:40.3227397+08:00" endTime="2026-10-03T15:58:40.3227398+08:00" testType="13cdc9d9-ddb5-4fa4-a97d-d965ccfc6d4b" outcome="Passed" testListId="8c84fa94-04c1-424b-9868-57a2d4851a1d" relativeResultsDirectory="232ffde4-fdb3-42d2-9881-9954f789a4b6" />
    <UnitTestResult executionId="3d8cd96b-6556-4ad3-8dbf-03b82b6f0a00" testId="8e068486-85dd-34dc-ac2f-f4cb401387b0" testName="Controller550W.Tests.ConfigurationTests.StableRequiresThreeSuccessfulSamples(successes: 1, expected: &quot;degraded&quot;)" computerName="PC202602281603H" duration="00:00:00.0143947" startTime="2026-10-03T15:58:40.1902759+08:00" endTime="2026-10-03T15:58:40.1903092+08:00" testType="13cdc9d9-ddb5-4fa4-a97d-d965ccfc6d4b" outcome="Passed" testListId="8c84fa94-04c1-424b-9868-57a2d4851a1d" relativeResultsDirectory="3d8cd96b-6556-4ad3-8dbf-03b82b6f0a00" />
    <UnitTestResult executionId="24b60ae2-d510-4827-87e3-e80863a74458" testId="577e7ba4-2fe8-32d3-ba72-cda1f862d9ca" testName="Controller550W.Tests.V3ConfigurationTests.V2MigrationPreservesCustomizedAppsButLetsUntouchedAppsFollowGlobal" computerName="PC202602281603H" duration="00:00:00.0123772" startTime="2026-10-03T15:58:40.2982191+08:00" endTime="2026-10-03T15:58:40.2982192+08:00" testType="13cdc9d9-ddb5-4fa4-a97d-d965ccfc6d4b" outcome="Passed" testListId="8c84fa94-04c1-424b-9868-57a2d4851a1d" relativeResultsDirectory="24b60ae2-d510-4827-87e3-e80863a74458" />
    <UnitTestResult executionId="4a3cb266-ff0b-45d5-8805-767207e15784" testId="246a0c94-dd8d-199c-3051-4b10024a9988" testName="Controller550W.Tests.ConfigurationTests.CorruptConfigIsPreservedAndRecovers" computerName="PC202602281603H" duration="00:00:00.0198079" startTime="2026-10-03T15:58:40.3426033+08:00" endTime="2026-10-03T15:58:40.3426035+08:00" testType="13cdc9d9-ddb5-4fa4-a97d-d965ccfc6d4b" outcome="Passed" testListId="8c84fa94-04c1-424b-9868-57a2d4851a1d" relativeResultsDirectory="4a3cb266-ff0b-45d5-8805-767207e15784" />
    <UnitTestResult executionId="5b5d0a45-13c2-4468-883b-0bb76344bd86" testId="646a654c-ab0c-7ea8-5938-0910dca1fbfc" testName="Controller550W.Tests.V3ConfigurationTests.NewParametersAreBoundedForGlobalAndIndependentSettings" computerName="PC202602281603H" duration="00:00:00.0004382" startTime="2026-10-03T15:58:40.2869384+08:00" endTime="2026-10-03T15:58:40.2869385+08:00" testType="13cdc9d9-ddb5-4fa4-a97d-d965ccfc6d4b" outcome="Passed" testListId="8c84fa94-04c1-424b-9868-57a2d4851a1d" relativeResultsDirectory="5b5d0a45-13c2-4468-883b-0bb76344bd86" />
    <UnitTestResult executionId="85a29da2-cbc4-42ae-ab87-477ccd24925b" testId="e75a35eb-dc83-63a0-ebc8-138f70d63c20" testName="Controller550W.Tests.V45TimingConfigurationTests.NewDefaultsContainIdleAndPreserveCompleteLogoHold" computerName="PC202602281603H" duration="00:00:00.0921199" startTime="2026-10-03T15:58:40.2645273+08:00" endTime="2026-10-03T15:58:40.2645274+08:00" testType="13cdc9d9-ddb5-4fa4-a97d-d965ccfc6d4b" outcome="Passed" testListId="8c84fa94-04c1-424b-9868-57a2d4851a1d" relativeResultsDirectory="85a29da2-cbc4-42ae-ab87-477ccd24925b" />
    <UnitTestResult executionId="d24cbb37-f18f-4cb2-9606-f92612f9e70a" testId="83b3c80e-6e79-6c61-4ddc-51b7e3a0ca12" testName="Controller550W.Tests.V45TimingConfigurationTests.V2OverrideMigrationCopiesTheAlreadyMigratedGlobalTiming" computerName="PC202602281603H" duration="00:00:00.0006506" startTime="2026-10-03T15:58:40.2870411+08:00" endTime="2026-10-03T15:58:40.2870412+08:00" testType="13cdc9d9-ddb5-4fa4-a97d-d965ccfc6d4b" outcome="Passed" testListId="8c84fa94-04c1-424b-9868-57a2d4851a1d" relativeResultsDirectory="d24cbb37-f18f-4cb2-9606-f92612f9e70a" />
    <UnitTestResult executionId="a50a44f2-858b-407a-bdf2-bec0f1a0fb9f" testId="ab3dc1d5-c881-dfab-6a25-247551691f34" testName="Controller550W.Tests.V3ConfigurationTests.FollowGlobalUsesCurrentDefaultsAndIgnoresObsoleteProfileValues" computerName="PC202602281603H" duration="00:00:00.0002822" startTime="2026-10-03T15:58:40.2852849+08:00" endTime="2026-10-03T15:58:40.2852850+08:00" testType="13cdc9d9-ddb5-4fa4-a97d-d965ccfc6d4b" outcome="Passed" testListId="8c84fa94-04c1-424b-9868-57a2d4851a1d" relativeResultsDirectory="a50a44f2-858b-407a-bdf2-bec0f1a0fb9f" />
    <UnitTestResult executionId="a3ead3a6-944d-4958-b369-37d532c4087e" testId="1eee5067-8582-2d03-e1db-bf21306a54c2" testName="Controller550W.Tests.V3ConfigurationTests.LegacyCustomMinimumRetainsThePreviouslyLargerGlobalMinimum" computerName="PC202602281603H" duration="00:00:00.0003244" startTime="2026-10-03T15:58:40.2985733+08:00" endTime="2026-10-03T15:58:40.2985734+08:00" testType="13cdc9d9-ddb5-4fa4-a97d-d965ccfc6d4b" outcome="Passed" testListId="8c84fa94-04c1-424b-9868-57a2d4851a1d" relativeResultsDirectory="a3ead3a6-944d-4958-b369-37d532c4087e" />
    <UnitTestResult executionId="aa183f76-4d0e-468a-be76-5f6afd1b27ad" testId="685a8b01-d22a-086e-97c6-0d4775e6fe2f" testName="Controller550W.Tests.ConfigurationTests.StableRequiresThreeSuccessfulSamples(successes: 3, expected: &quot;stable&quot;)" computerName="PC202602281603H" duration="00:00:00.0003493" startTime="2026-10-03T15:58:40.1938684+08:00" endTime="2026-10-03T15:58:40.1938685+08:00" testType="13cdc9d9-ddb5-4fa4-a97d-d965ccfc6d4b" outcome="Passed" testListId="8c84fa94-04c1-424b-9868-57a2d4851a1d" relativeResultsDirectory="aa183f76-4d0e-468a-be76-5f6afd1b27ad" />
    <UnitTestResult executionId="b04e0462-33fc-4315-b578-8099d11c8dcc" testId="e99021be-22b2-95c2-3236-9c3ff0119325" testName="Controller550W.Tests.ConfigurationTests.ConfigAndSoundSettingsRoundTrip" computerName="PC202602281603H" duration="00:00:00.0920241" startTime="2026-10-03T15:58:40.2981455+08:00" endTime="2026-10-03T15:58:40.2981455+08:00" testType="13cdc9d9-ddb5-4fa4-a97d-d965ccfc6d4b" outcome="Passed" testListId="8c84fa94-04c1-424b-9868-57a2d4851a1d" relativeResultsDirectory="b04e0462-33fc-4315-b578-8099d11c8dcc" />
  </Results>
  <TestDefinitions>
    <UnitTest name="Controller550W.Tests.V3ConfigurationTests.BulkApplyCopiesReusableSettingsWhilePreservingEveryApplicationIdentity" storage="c:\users\administrator\documents\codex\2026-09-30\files-pasted-by-the-user-windows\outputs\550w-ai-controller-source\tests\550w.tests\bin\release\net8.0\550w.tests.dll" id="b1ad8db7-76b8-71e0-1fc6-45e70dff5c2d">
      <Execution id="f43a64c9-8f17-443c-852c-0098d4162dc8" />
      <TestMethod codeBase="C:\Users\Administrator\Documents\Codex\2026-09-30\files-pasted-by-the-user-windows\outputs\550W-AI-Controller-Source\tests\550W.Tests\bin\Release\net8.0\550W.Tests.dll" adapterTypeName="executor://xunit/VsTestRunner2/netcoreapp" className="Controller550W.Tests.V3ConfigurationTests" name="BulkApplyCopiesReusableSettingsWhilePreservingEveryApplicationIdentity" />
    </UnitTest>
    <UnitTest name="Controller550W.Tests.V45TimingConfigurationTests.V2OverrideMigrationCopiesTheAlreadyMigratedGlobalTiming" storage="c:\users\administrator\documents\codex\2026-09-30\files-pasted-by-the-user-windows\outputs\550w-ai-controller-source\tests\550w.tests\bin\release\net8.0\550w.tests.dll" id="83b3c80e-6e79-6c61-4ddc-51b7e3a0ca12">
      <Execution id="d24cbb37-f18f-4cb2-9606-f92612f9e70a" />
      <TestMethod codeBase="C:\Users\Administrator\Documents\Codex\2026-09-30\files-pasted-by-the-user-windows\outputs\550W-AI-Controller-Source\tests\550W.Tests\bin\Release\net8.0\550W.Tests.dll" adapterTypeName="executor://xunit/VsTestRunner2/netcoreapp" className="Controller550W.Tests.V45TimingConfigurationTests" name="V2OverrideMigrationCopiesTheAlreadyMigratedGlobalTiming" />
    </UnitTest>
    <UnitTest name="Controller550W.Tests.ConfigurationTests.HighJitterIsUnstable" storage="c:\users\administrator\documents\codex\2026-09-30\files-pasted-by-the-user-windows\outputs\550w-ai-controller-source\tests\550w.tests\bin\release\net8.0\550w.tests.dll" id="cfd295e5-789c-a188-296d-75f4c7824af9">
      <Execution id="caa2d872-efb0-4de3-9881-b90ef2aab8db" />
      <TestMethod codeBase="C:\Users\Administrator\Documents\Codex\2026-09-30\files-pasted-by-the-user-windows\outputs\550W-AI-Controller-Source\tests\550W.Tests\bin\Release\net8.0\550W.Tests.dll" adapterTypeName="executor://xunit/VsTestRunner2/netcoreapp" className="Controller550W.Tests.ConfigurationTests" name="HighJitterIsUnstable" />
    </UnitTest>
    <UnitTest name="Controller550W.Tests.ConfigurationTests.StableRequiresThreeSuccessfulSamples(successes: 3, expected: &quot;stable&quot;)" storage="c:\users\administrator\documents\codex\2026-09-30\files-pasted-by-the-user-windows\outputs\550w-ai-controller-source\tests\550w.tests\bin\release\net8.0\550w.tests.dll" id="685a8b01-d22a-086e-97c6-0d4775e6fe2f">
      <Execution id="aa183f76-4d0e-468a-be76-5f6afd1b27ad" />
      <TestMethod codeBase="C:\Users\Administrator\Documents\Codex\2026-09-30\files-pasted-by-the-user-windows\outputs\550W-AI-Controller-Source\tests\550W.Tests\bin\Release\net8.0\550W.Tests.dll" adapterTypeName="executor://xunit/VsTestRunner2/netcoreapp" className="Controller550W.Tests.ConfigurationTests" name="StableRequiresThreeSuccessfulSamples" />
    </UnitTest>
    <UnitTest name="Controller550W.Tests.V3ConfigurationTests.IndependentModeStartsFromCurrentDefaultsAndStaysIndependent" storage="c:\users\administrator\documents\codex\2026-09-30\files-pasted-by-the-user-windows\outputs\550w-ai-controller-source\tests\550w.tests\bin\release\net8.0\550w.tests.dll" id="46b00c05-08c6-5b3d-1013-e1ab4a393f48">
      <Execution id="0f0ce72f-1dd6-4891-9c3c-2925d52c96a0" />
      <TestMethod codeBase="C:\Users\Administrator\Documents\Codex\2026-09-30\files-pasted-by-the-user-windows\outputs\550W-AI-Controller-Source\tests\550W.Tests\bin\Release\net8.0\550W.Tests.dll" adapterTypeName="executor://xunit/VsTestRunner2/netcoreapp" className="Controller550W.Tests.V3ConfigurationTests" name="IndependentModeStartsFromCurrentDefaultsAndStaysIndependent" />
    </UnitTest>
    <UnitTest name="Controller550W.Tests.V3ConfigurationTests.FollowGlobalUsesCurrentDefaultsAndIgnoresObsoleteProfileValues" storage="c:\users\administrator\documents\codex\2026-09-30\files-pasted-by-the-user-windows\outputs\550w-ai-controller-source\tests\550w.tests\bin\release\net8.0\550w.tests.dll" id="ab3dc1d5-c881-dfab-6a25-247551691f34">
      <Execution id="a50a44f2-858b-407a-bdf2-bec0f1a0fb9f" />
      <TestMethod codeBase="C:\Users\Administrator\Documents\Codex\2026-09-30\files-pasted-by-the-user-windows\outputs\550W-AI-Controller-Source\tests\550W.Tests\bin\Release\net8.0\550W.Tests.dll" adapterTypeName="executor://xunit/VsTestRunner2/netcoreapp" className="Controller550W.Tests.V3ConfigurationTests" name="FollowGlobalUsesCurrentDefaultsAndIgnoresObsoleteProfileValues" />
    </UnitTest>
    <UnitTest name="Controller550W.Tests.ConfigurationTests.StableRequiresThreeSuccessfulSamples(successes: 0, expected: &quot;offline&quot;)" storage="c:\users\administrator\documents\codex\2026-09-30\files-pasted-by-the-user-windows\outputs\550w-ai-controller-source\tests\550w.tests\bin\release\net8.0\550w.tests.dll" id="e084d7e9-2b94-f75e-8f66-0aba191e39f3">
      <Execution id="43130fa4-c529-40be-b73c-e7f1854451ba" />
      <TestMethod codeBase="C:\Users\Administrator\Documents\Codex\2026-09-30\files-pasted-by-the-user-windows\outputs\550W-AI-Controller-Source\tests\550W.Tests\bin\Release\net8.0\550W.Tests.dll" adapterTypeName="executor://xunit/VsTestRunner2/netcoreapp" className="Controller550W.Tests.ConfigurationTests" name="StableRequiresThreeSuccessfulSamples" />
    </UnitTest>
    <UnitTest name="Controller550W.Tests.V3ConfigurationTests.ResolvingSessionDoesNotMutateSavedSettingsAndGlobalMuteAlwaysWins" storage="c:\users\administrator\documents\codex\2026-09-30\files-pasted-by-the-user-windows\outputs\550w-ai-controller-source\tests\550w.tests\bin\release\net8.0\550w.tests.dll" id="de5cf2a8-70af-de2c-112e-0a5ef59b6934">
      <Execution id="624f2e70-8f0d-4584-971e-723bf09b6208" />
      <TestMethod codeBase="C:\Users\Administrator\Documents\Codex\2026-09-30\files-pasted-by-the-user-windows\outputs\550W-AI-Controller-Source\tests\550W.Tests\bin\Release\net8.0\550W.Tests.dll" adapterTypeName="executor://xunit/VsTestRunner2/netcoreapp" className="Controller550W.Tests.V3ConfigurationTests" name="ResolvingSessionDoesNotMutateSavedSettingsAndGlobalMuteAlwaysWins" />
    </UnitTest>
    <UnitTest name="Controller550W.Tests.V45TimingConfigurationTests.InvalidCombinationIsRejectedWithoutChangingInputs(idle: 1000, total: 1000)" storage="c:\users\administrator\documents\codex\2026-09-30\files-pasted-by-the-user-windows\outputs\550w-ai-controller-source\tests\550w.tests\bin\release\net8.0\550w.tests.dll" id="175f7de8-4a70-66ad-1b9f-e8db58940e49">
      <Execution id="65f881ac-7748-46cb-ae3e-671fb70bcc50" />
      <TestMethod codeBase="C:\Users\Administrator\Documents\Codex\2026-09-30\files-pasted-by-the-user-windows\outputs\550W-AI-Controller-Source\tests\550W.Tests\bin\Release\net8.0\550W.Tests.dll" adapterTypeName="executor://xunit/VsTestRunner2/netcoreapp" className="Controller550W.Tests.V45TimingConfigurationTests" name="InvalidCombinationIsRejectedWithoutChangingInputs" />
    </UnitTest>
    <UnitTest name="Controller550W.Tests.V45TimingConfigurationTests.OldLargestSeparateDurationsAreNotTruncatedDuringMigration" storage="c:\users\administrator\documents\codex\2026-09-30\files-pasted-by-the-user-windows\outputs\550w-ai-controller-source\tests\550w.tests\bin\release\net8.0\550w.tests.dll" id="25761158-e341-c732-a130-807c0be24dc2">
      <Execution id="5cf25cbe-d628-44f7-a9c1-e4ee6a6c853c" />
      <TestMethod codeBase="C:\Users\Administrator\Documents\Codex\2026-09-30\files-pasted-by-the-user-windows\outputs\550W-AI-Controller-Source\tests\550W.Tests\bin\Release\net8.0\550W.Tests.dll" adapterTypeName="executor://xunit/VsTestRunner2/netcoreapp" className="Controller550W.Tests.V45TimingConfigurationTests" name="OldLargestSeparateDurationsAreNotTruncatedDuringMigration" />
    </UnitTest>
    <UnitTest name="Controller550W.Tests.V45TimingConfigurationTests.InvalidCombinationIsRejectedWithoutChangingInputs(idle: 1000, total: 800)" storage="c:\users\administrator\documents\codex\2026-09-30\files-pasted-by-the-user-windows\outputs\550w-ai-controller-source\tests\550w.tests\bin\release\net8.0\550w.tests.dll" id="625c74eb-993e-53c3-42e1-92831f198fe6">
      <Execution id="682b526a-a3aa-41bc-a005-22b53a86dd8c" />
      <TestMethod codeBase="C:\Users\Administrator\Documents\Codex\2026-09-30\files-pasted-by-the-user-windows\outputs\550W-AI-Controller-Source\tests\550W.Tests\bin\Release\net8.0\550W.Tests.dll" adapterTypeName="executor://xunit/VsTestRunner2/netcoreapp" className="Controller550W.Tests.V45TimingConfigurationTests" name="InvalidCombinationIsRejectedWithoutChangingInputs" />
    </UnitTest>
    <UnitTest name="Controller550W.Tests.ConfigurationTests.StableRequiresThreeSuccessfulSamples(successes: 2, expected: &quot;degraded&quot;)" storage="c:\users\administrator\documents\codex\2026-09-30\files-pasted-by-the-user-windows\outputs\550w-ai-controller-source\tests\550w.tests\bin\release\net8.0\550w.tests.dll" id="0890fa60-ea56-1357-655c-506ea47273d0">
      <Execution id="5b1db79a-81f6-42a6-9e19-e9e415c5a2ff" />
      <TestMethod codeBase="C:\Users\Administrator\Documents\Codex\2026-09-30\files-pasted-by-the-user-windows\outputs\550W-AI-Controller-Source\tests\550W.Tests\bin\Release\net8.0\550W.Tests.dll" adapterTypeName="executor://xunit/VsTestRunner2/netcoreapp" className="Controller550W.Tests.ConfigurationTests" name="StableRequiresThreeSuccessfulSamples" />
    </UnitTest>
    <UnitTest name="Controller550W.Tests.V45TimingConfigurationTests.LegacyGlobalAndIndependentTimingsMigrateOnce" storage="c:\users\administrator\documents\codex\2026-09-30\files-pasted-by-the-user-windows\outputs\550w-ai-controller-source\tests\550w.tests\bin\release\net8.0\550w.tests.dll" id="fd771734-6c43-9d75-70fb-70dafeaf2ad4">
      <Execution id="32c580ea-ae6d-4e80-a8e6-61a35077d696" />
      <TestMethod codeBase="C:\Users\Administrator\Documents\Codex\2026-09-30\files-pasted-by-the-user-windows\outputs\550W-AI-Controller-Source\tests\550W.Tests\bin\Release\net8.0\550W.Tests.dll" adapterTypeName="executor://xunit/VsTestRunner2/netcoreapp" className="Controller550W.Tests.V45TimingConfigurationTests" name="LegacyGlobalAndIndependentTimingsMigrateOnce" />
    </UnitTest>
    <UnitTest name="Controller550W.Tests.V45TimingConfigurationTests.ExplicitNewFieldWinsIncludingMixedCaseAndPartialImports" storage="c:\users\administrator\documents\codex\2026-09-30\files-pasted-by-the-user-windows\outputs\550w-ai-controller-source\tests\550w.tests\bin\release\net8.0\550w.tests.dll" id="26dffd20-1919-c690-6d25-9ece0f27f866">
      <Execution id="884207b2-2f9b-49e1-a169-8abb9563214b" />
      <TestMethod codeBase="C:\Users\Administrator\Documents\Codex\2026-09-30\files-pasted-by-the-user-windows\outputs\550W-AI-Controller-Source\tests\550W.Tests\bin\Release\net8.0\550W.Tests.dll" adapterTypeName="executor://xunit/VsTestRunner2/netcoreapp" className="Controller550W.Tests.V45TimingConfigurationTests" name="ExplicitNewFieldWinsIncludingMixedCaseAndPartialImports" />
    </UnitTest>
    <UnitTest name="Controller550W.Tests.V45TimingConfigurationTests.InvalidIndependentTimingBlocksSaveButUnusedOverrideDoesNot" storage="c:\users\administrator\documents\codex\2026-09-30\files-pasted-by-the-user-windows\outputs\550w-ai-controller-source\tests\550w.tests\bin\release\net8.0\550w.tests.dll" id="ae26601a-21bd-1ec2-876b-8aa09219f985">
      <Execution id="1801e07a-c276-4688-9895-9cb9537aaa32" />
      <TestMethod codeBase="C:\Users\Administrator\Documents\Codex\2026-09-30\files-pasted-by-the-user-windows\outputs\550W-AI-Controller-Source\tests\550W.Tests\bin\Release\net8.0\550W.Tests.dll" adapterTypeName="executor://xunit/VsTestRunner2/netcoreapp" className="Controller550W.Tests.V45TimingConfigurationTests" name="InvalidIndependentTimingBlocksSaveButUnusedOverrideDoesNot" />
    </UnitTest>
    <UnitTest name="Controller550W.Tests.V45TimingConfigurationTests.NewDefaultsContainIdleAndPreserveCompleteLogoHold" storage="c:\users\administrator\documents\codex\2026-09-30\files-pasted-by-the-user-windows\outputs\550w-ai-controller-source\tests\550w.tests\bin\release\net8.0\550w.tests.dll" id="e75a35eb-dc83-63a0-ebc8-138f70d63c20">
      <Execution id="85a29da2-cbc4-42ae-ab87-477ccd24925b" />
      <TestMethod codeBase="C:\Users\Administrator\Documents\Codex\2026-09-30\files-pasted-by-the-user-windows\outputs\550W-AI-Controller-Source\tests\550W.Tests\bin\Release\net8.0\550W.Tests.dll" adapterTypeName="executor://xunit/VsTestRunner2/netcoreapp" className="Controller550W.Tests.V45TimingConfigurationTests" name="NewDefaultsContainIdleAndPreserveCompleteLogoHold" />
    </UnitTest>
    <UnitTest name="Controller550W.Tests.V3ConfigurationTests.LegacyCustomMinimumRetainsThePreviouslyLargerGlobalMinimum" storage="c:\users\administrator\documents\codex\2026-09-30\files-pasted-by-the-user-windows\outputs\550w-ai-controller-source\tests\550w.tests\bin\release\net8.0\550w.tests.dll" id="1eee5067-8582-2d03-e1db-bf21306a54c2">
      <Execution id="a3ead3a6-944d-4958-b369-37d532c4087e" />
      <TestMethod codeBase="C:\Users\Administrator\Documents\Codex\2026-09-30\files-pasted-by-the-user-windows\outputs\550W-AI-Controller-Source\tests\550W.Tests\bin\Release\net8.0\550W.Tests.dll" adapterTypeName="executor://xunit/VsTestRunner2/netcoreapp" className="Controller550W.Tests.V3ConfigurationTests" name="LegacyCustomMinimumRetainsThePreviouslyLargerGlobalMinimum" />
    </UnitTest>
    <UnitTest name="Controller550W.Tests.V3ConfigurationTests.NewParametersAreBoundedForGlobalAndIndependentSettings" storage="c:\users\administrator\documents\codex\2026-09-30\files-pasted-by-the-user-windows\outputs\550w-ai-controller-source\tests\550w.tests\bin\release\net8.0\550w.tests.dll" id="646a654c-ab0c-7ea8-5938-0910dca1fbfc">
      <Execution id="5b5d0a45-13c2-4468-883b-0bb76344bd86" />
      <TestMethod codeBase="C:\Users\Administrator\Documents\Codex\2026-09-30\files-pasted-by-the-user-windows\outputs\550W-AI-Controller-Source\tests\550W.Tests\bin\Release\net8.0\550W.Tests.dll" adapterTypeName="executor://xunit/VsTestRunner2/netcoreapp" className="Controller550W.Tests.V3ConfigurationTests" name="NewParametersAreBoundedForGlobalAndIndependentSettings" />
    </UnitTest>
    <UnitTest name="Controller550W.Tests.ConfigurationTests.ValidationBoundsTimersAndFiltersEndpoints" storage="c:\users\administrator\documents\codex\2026-09-30\files-pasted-by-the-user-windows\outputs\550w-ai-controller-source\tests\550w.tests\bin\release\net8.0\550w.tests.dll" id="56f1596e-ea50-0120-43b6-eda0ac592700">
      <Execution id="672f83d5-27c3-4f6d-b461-3ecddbc47985" />
      <TestMethod codeBase="C:\Users\Administrator\Documents\Codex\2026-09-30\files-pasted-by-the-user-windows\outputs\550W-AI-Controller-Source\tests\550W.Tests\bin\Release\net8.0\550W.Tests.dll" adapterTypeName="executor://xunit/VsTestRunner2/netcoreapp" className="Controller550W.Tests.ConfigurationTests" name="ValidationBoundsTimersAndFiltersEndpoints" />
    </UnitTest>
    <UnitTest name="Controller550W.Tests.ConfigurationTests.AtomicSaveRetainsPreviousConfigBackup" storage="c:\users\administrator\documents\codex\2026-09-30\files-pasted-by-the-user-windows\outputs\550w-ai-controller-source\tests\550w.tests\bin\release\net8.0\550w.tests.dll" id="1c3882f8-0d17-28fe-9bbc-e78a6c742527">
      <Execution id="232ffde4-fdb3-42d2-9881-9954f789a4b6" />
      <TestMethod codeBase="C:\Users\Administrator\Documents\Codex\2026-09-30\files-pasted-by-the-user-windows\outputs\550W-AI-Controller-Source\tests\550W.Tests\bin\Release\net8.0\550W.Tests.dll" adapterTypeName="executor://xunit/VsTestRunner2/netcoreapp" className="Controller550W.Tests.ConfigurationTests" name="AtomicSaveRetainsPreviousConfigBackup" />
    </UnitTest>
    <UnitTest name="Controller550W.Tests.ConfigurationTests.MedianAndJitterAreComputed" storage="c:\users\administrator\documents\codex\2026-09-30\files-pasted-by-the-user-windows\outputs\550w-ai-controller-source\tests\550w.tests\bin\release\net8.0\550w.tests.dll" id="d73c96b0-bdf1-4847-aca6-d7f158b511b7">
      <Execution id="88ecb992-f0b4-42d7-a280-734a09a904f6" />
      <TestMethod codeBase="C:\Users\Administrator\Documents\Codex\2026-09-30\files-pasted-by-the-user-windows\outputs\550W-AI-Controller-Source\tests\550W.Tests\bin\Release\net8.0\550W.Tests.dll" adapterTypeName="executor://xunit/VsTestRunner2/netcoreapp" className="Controller550W.Tests.ConfigurationTests" name="MedianAndJitterAreComputed" />
    </UnitTest>
    <UnitTest name="Controller550W.Tests.V45TimingConfigurationTests.FollowGlobalIndependentAndBulkCopyUseAllThreeTimingsWithoutIdentityChanges" storage="c:\users\administrator\documents\codex\2026-09-30\files-pasted-by-the-user-windows\outputs\550w-ai-controller-source\tests\550w.tests\bin\release\net8.0\550w.tests.dll" id="bcd3a637-b968-655b-ebe3-c11763287f6f">
      <Execution id="a1853169-0a52-4323-82a7-03ec1522913a" />
      <TestMethod codeBase="C:\Users\Administrator\Documents\Codex\2026-09-30\files-pasted-by-the-user-windows\outputs\550W-AI-Controller-Source\tests\550W.Tests\bin\Release\net8.0\550W.Tests.dll" adapterTypeName="executor://xunit/VsTestRunner2/netcoreapp" className="Controller550W.Tests.V45TimingConfigurationTests" name="FollowGlobalIndependentAndBulkCopyUseAllThreeTimingsWithoutIdentityChanges" />
    </UnitTest>
    <UnitTest name="Controller550W.Tests.ConfigurationTests.CorruptConfigIsPreservedAndRecovers" storage="c:\users\administrator\documents\codex\2026-09-30\files-pasted-by-the-user-windows\outputs\550w-ai-controller-source\tests\550w.tests\bin\release\net8.0\550w.tests.dll" id="246a0c94-dd8d-199c-3051-4b10024a9988">
      <Execution id="4a3cb266-ff0b-45d5-8805-767207e15784" />
      <TestMethod codeBase="C:\Users\Administrator\Documents\Codex\2026-09-30\files-pasted-by-the-user-windows\outputs\550W-AI-Controller-Source\tests\550W.Tests\bin\Release\net8.0\550W.Tests.dll" adapterTypeName="executor://xunit/VsTestRunner2/netcoreapp" className="Controller550W.Tests.ConfigurationTests" name="CorruptConfigIsPreservedAndRecovers" />
    </UnitTest>
    <UnitTest name="Controller550W.Tests.ConfigurationTests.ConfigAndSoundSettingsRoundTrip" storage="c:\users\administrator\documents\codex\2026-09-30\files-pasted-by-the-user-windows\outputs\550w-ai-controller-source\tests\550w.tests\bin\release\net8.0\550w.tests.dll" id="e99021be-22b2-95c2-3236-9c3ff0119325">
      <Execution id="b04e0462-33fc-4315-b578-8099d11c8dcc" />
      <TestMethod codeBase="C:\Users\Administrator\Documents\Codex\2026-09-30\files-pasted-by-the-user-windows\outputs\550W-AI-Controller-Source\tests\550W.Tests\bin\Release\net8.0\550W.Tests.dll" adapterTypeName="executor://xunit/VsTestRunner2/netcoreapp" className="Controller550W.Tests.ConfigurationTests" name="ConfigAndSoundSettingsRoundTrip" />
    </UnitTest>
    <UnitTest name="Controller550W.Tests.V3ConfigurationTests.V2MigrationPreservesCustomizedAppsButLetsUntouchedAppsFollowGlobal" storage="c:\users\administrator\documents\codex\2026-09-30\files-pasted-by-the-user-windows\outputs\550w-ai-controller-source\tests\550w.tests\bin\release\net8.0\550w.tests.dll" id="577e7ba4-2fe8-32d3-ba72-cda1f862d9ca">
      <Execution id="24b60ae2-d510-4827-87e3-e80863a74458" />
      <TestMethod codeBase="C:\Users\Administrator\Documents\Codex\2026-09-30\files-pasted-by-the-user-windows\outputs\550W-AI-Controller-Source\tests\550W.Tests\bin\Release\net8.0\550W.Tests.dll" adapterTypeName="executor://xunit/VsTestRunner2/netcoreapp" className="Controller550W.Tests.V3ConfigurationTests" name="V2MigrationPreservesCustomizedAppsButLetsUntouchedAppsFollowGlobal" />
    </UnitTest>
    <UnitTest name="Controller550W.Tests.V3ConfigurationTests.UnversionedImportMigratesAndNullSectionsAreRecovered" storage="c:\users\administrator\documents\codex\2026-09-30\files-pasted-by-the-user-windows\outputs\550w-ai-controller-source\tests\550w.tests\bin\release\net8.0\550w.tests.dll" id="b1666c83-7c2e-a574-6a0b-ff50eec4e1ab">
      <Execution id="79424c12-b782-4bbc-b220-8e0d6c17cb25" />
      <TestMethod codeBase="C:\Users\Administrator\Documents\Codex\2026-09-30\files-pasted-by-the-user-windows\outputs\550W-AI-Controller-Source\tests\550W.Tests\bin\Release\net8.0\550W.Tests.dll" adapterTypeName="executor://xunit/VsTestRunner2/netcoreapp" className="Controller550W.Tests.V3ConfigurationTests" name="UnversionedImportMigratesAndNullSectionsAreRecovered" />
    </UnitTest>
    <UnitTest name="Controller550W.Tests.V3ConfigurationTests.BulkApplyUsesVisibleGlobalDefaultsWhenSourceFollowsGlobal" storage="c:\users\administrator\documents\codex\2026-09-30\files-pasted-by-the-user-windows\outputs\550w-ai-controller-source\tests\550w.tests\bin\release\net8.0\550w.tests.dll" id="cfcd86fc-a9b0-2fc4-3a80-9997c5806f59">
      <Execution id="5d8eef61-9ef7-49b3-aca5-57dbead93aa1" />
      <TestMethod codeBase="C:\Users\Administrator\Documents\Codex\2026-09-30\files-pasted-by-the-user-windows\outputs\550W-AI-Controller-Source\tests\550W.Tests\bin\Release\net8.0\550W.Tests.dll" adapterTypeName="executor://xunit/VsTestRunner2/netcoreapp" className="Controller550W.Tests.V3ConfigurationTests" name="BulkApplyUsesVisibleGlobalDefaultsWhenSourceFollowsGlobal" />
    </UnitTest>
    <UnitTest name="Controller550W.Tests.ConfigurationTests.StableRequiresThreeSuccessfulSamples(successes: 1, expected: &quot;degraded&quot;)" storage="c:\users\administrator\documents\codex\2026-09-30\files-pasted-by-the-user-windows\outputs\550w-ai-controller-source\tests\550w.tests\bin\release\net8.0\550w.tests.dll" id="8e068486-85dd-34dc-ac2f-f4cb401387b0">
      <Execution id="3d8cd96b-6556-4ad3-8dbf-03b82b6f0a00" />
      <TestMethod codeBase="C:\Users\Administrator\Documents\Codex\2026-09-30\files-pasted-by-the-user-windows\outputs\550W-AI-Controller-Source\tests\550W.Tests\bin\Release\net8.0\550W.Tests.dll" adapterTypeName="executor://xunit/VsTestRunner2/netcoreapp" className="Controller550W.Tests.ConfigurationTests" name="StableRequiresThreeSuccessfulSamples" />
    </UnitTest>
    <UnitTest name="Controller550W.Tests.V45TimingConfigurationTests.OneMillisecondRegroupAndZeroLogoHoldRemainExact" storage="c:\users\administrator\documents\codex\2026-09-30\files-pasted-by-the-user-windows\outputs\550w-ai-controller-source\tests\550w.tests\bin\release\net8.0\550w.tests.dll" id="35bb71ef-289c-51e2-c571-ba0d677abb46">
      <Execution id="e22608a1-03e6-4e51-b126-7efc72b997dc" />
      <TestMethod codeBase="C:\Users\Administrator\Documents\Codex\2026-09-30\files-pasted-by-the-user-windows\outputs\550W-AI-Controller-Source\tests\550W.Tests\bin\Release\net8.0\550W.Tests.dll" adapterTypeName="executor://xunit/VsTestRunner2/netcoreapp" className="Controller550W.Tests.V45TimingConfigurationTests" name="OneMillisecondRegroupAndZeroLogoHoldRemainExact" />
    </UnitTest>
  </TestDefinitions>
  <TestEntries>
    <TestEntry testId="46b00c05-08c6-5b3d-1013-e1ab4a393f48" executionId="0f0ce72f-1dd6-4891-9c3c-2925d52c96a0" testListId="8c84fa94-04c1-424b-9868-57a2d4851a1d" />
    <TestEntry testId="625c74eb-993e-53c3-42e1-92831f198fe6" executionId="682b526a-a3aa-41bc-a005-22b53a86dd8c" testListId="8c84fa94-04c1-424b-9868-57a2d4851a1d" />
    <TestEntry testId="0890fa60-ea56-1357-655c-506ea47273d0" executionId="5b1db79a-81f6-42a6-9e19-e9e415c5a2ff" testListId="8c84fa94-04c1-424b-9868-57a2d4851a1d" />
    <TestEntry testId="b1666c83-7c2e-a574-6a0b-ff50eec4e1ab" executionId="79424c12-b782-4bbc-b220-8e0d6c17cb25" testListId="8c84fa94-04c1-424b-9868-57a2d4851a1d" />
    <TestEntry testId="e084d7e9-2b94-f75e-8f66-0aba191e39f3" executionId="43130fa4-c529-40be-b73c-e7f1854451ba" testListId="8c84fa94-04c1-424b-9868-57a2d4851a1d" />
    <TestEntry testId="fd771734-6c43-9d75-70fb-70dafeaf2ad4" executionId="32c580ea-ae6d-4e80-a8e6-61a35077d696" testListId="8c84fa94-04c1-424b-9868-57a2d4851a1d" />
    <TestEntry testId="cfd295e5-789c-a188-296d-75f4c7824af9" executionId="caa2d872-efb0-4de3-9881-b90ef2aab8db" testListId="8c84fa94-04c1-424b-9868-57a2d4851a1d" />
    <TestEntry testId="ae26601a-21bd-1ec2-876b-8aa09219f985" executionId="1801e07a-c276-4688-9895-9cb9537aaa32" testListId="8c84fa94-04c1-424b-9868-57a2d4851a1d" />
    <TestEntry testId="25761158-e341-c732-a130-807c0be24dc2" executionId="5cf25cbe-d628-44f7-a9c1-e4ee6a6c853c" testListId="8c84fa94-04c1-424b-9868-57a2d4851a1d" />
    <TestEntry testId="26dffd20-1919-c690-6d25-9ece0f27f866" executionId="884207b2-2f9b-49e1-a169-8abb9563214b" testListId="8c84fa94-04c1-424b-9868-57a2d4851a1d" />
    <TestEntry testId="175f7de8-4a70-66ad-1b9f-e8db58940e49" executionId="65f881ac-7748-46cb-ae3e-671fb70bcc50" testListId="8c84fa94-04c1-424b-9868-57a2d4851a1d" />
    <TestEntry testId="35bb71ef-289c-51e2-c571-ba0d677abb46" executionId="e22608a1-03e6-4e51-b126-7efc72b997dc" testListId="8c84fa94-04c1-424b-9868-57a2d4851a1d" />
    <TestEntry testId="b1ad8db7-76b8-71e0-1fc6-45e70dff5c2d" executionId="f43a64c9-8f17-443c-852c-0098d4162dc8" testListId="8c84fa94-04c1-424b-9868-57a2d4851a1d" />
    <TestEntry testId="d73c96b0-bdf1-4847-aca6-d7f158b511b7" executionId="88ecb992-f0b4-42d7-a280-734a09a904f6" testListId="8c84fa94-04c1-424b-9868-57a2d4851a1d" />
    <TestEntry testId="56f1596e-ea50-0120-43b6-eda0ac592700" executionId="672f83d5-27c3-4f6d-b461-3ecddbc47985" testListId="8c84fa94-04c1-424b-9868-57a2d4851a1d" />
    <TestEntry testId="cfcd86fc-a9b0-2fc4-3a80-9997c5806f59" executionId="5d8eef61-9ef7-49b3-aca5-57dbead93aa1" testListId="8c84fa94-04c1-424b-9868-57a2d4851a1d" />
    <TestEntry testId="bcd3a637-b968-655b-ebe3-c11763287f6f" executionId="a1853169-0a52-4323-82a7-03ec1522913a" testListId="8c84fa94-04c1-424b-9868-57a2d4851a1d" />
    <TestEntry testId="de5cf2a8-70af-de2c-112e-0a5ef59b6934" executionId="624f2e70-8f0d-4584-971e-723bf09b6208" testListId="8c84fa94-04c1-424b-9868-57a2d4851a1d" />
    <TestEntry testId="1c3882f8-0d17-28fe-9bbc-e78a6c742527" executionId="232ffde4-fdb3-42d2-9881-9954f789a4b6" testListId="8c84fa94-04c1-424b-9868-57a2d4851a1d" />
    <TestEntry testId="8e068486-85dd-34dc-ac2f-f4cb401387b0" executionId="3d8cd96b-6556-4ad3-8dbf-03b82b6f0a00" testListId="8c84fa94-04c1-424b-9868-57a2d4851a1d" />
    <TestEntry testId="577e7ba4-2fe8-32d3-ba72-cda1f862d9ca" executionId="24b60ae2-d510-4827-87e3-e80863a74458" testListId="8c84fa94-04c1-424b-9868-57a2d4851a1d" />
    <TestEntry testId="246a0c94-dd8d-199c-3051-4b10024a9988" executionId="4a3cb266-ff0b-45d5-8805-767207e15784" testListId="8c84fa94-04c1-424b-9868-57a2d4851a1d" />
    <TestEntry testId="646a654c-ab0c-7ea8-5938-0910dca1fbfc" executionId="5b5d0a45-13c2-4468-883b-0bb76344bd86" testListId="8c84fa94-04c1-424b-9868-57a2d4851a1d" />
    <TestEntry testId="e75a35eb-dc83-63a0-ebc8-138f70d63c20" executionId="85a29da2-cbc4-42ae-ab87-477ccd24925b" testListId="8c84fa94-04c1-424b-9868-57a2d4851a1d" />
    <TestEntry testId="83b3c80e-6e79-6c61-4ddc-51b7e3a0ca12" executionId="d24cbb37-f18f-4cb2-9606-f92612f9e70a" testListId="8c84fa94-04c1-424b-9868-57a2d4851a1d" />
    <TestEntry testId="ab3dc1d5-c881-dfab-6a25-247551691f34" executionId="a50a44f2-858b-407a-bdf2-bec0f1a0fb9f" testListId="8c84fa94-04c1-424b-9868-57a2d4851a1d" />
    <TestEntry testId="1eee5067-8582-2d03-e1db-bf21306a54c2" executionId="a3ead3a6-944d-4958-b369-37d532c4087e" testListId="8c84fa94-04c1-424b-9868-57a2d4851a1d" />
    <TestEntry testId="685a8b01-d22a-086e-97c6-0d4775e6fe2f" executionId="aa183f76-4d0e-468a-be76-5f6afd1b27ad" testListId="8c84fa94-04c1-424b-9868-57a2d4851a1d" />
    <TestEntry testId="e99021be-22b2-95c2-3236-9c3ff0119325" executionId="b04e0462-33fc-4315-b578-8099d11c8dcc" testListId="8c84fa94-04c1-424b-9868-57a2d4851a1d" />
  </TestEntries>
  <TestLists>
    <TestList name="列表中未列出的结果" id="8c84fa94-04c1-424b-9868-57a2d4851a1d" />
    <TestList name="所有已加载的结果" id="19431567-8539-422a-85d7-44ee4e166bda" />
  </TestLists>
  <ResultSummary outcome="Completed">
    <Counters total="29" executed="29" passed="29" failed="0" error="0" timeout="0" aborted="0" inconclusive="0" passedButRunAborted="0" notRunnable="0" notExecuted="0" disconnected="0" warning="0" completed="0" inProgress="0" pending="0" />
    <Output>
      <StdOut>[xUnit.net 00:00:00.00] xUnit.net VSTest Adapter v2.8.2+699d445a1a (64-bit .NET 8.0.31)&#xD;
[xUnit.net 00:00:00.09]   Discovering: 550W.Tests&#xD;
[xUnit.net 00:00:00.16]   Discovered:  550W.Tests&#xD;
[xUnit.net 00:00:00.16]   Starting:    550W.Tests&#xD;
[xUnit.net 00:00:00.38]   Finished:    550W.Tests&#xD;
</StdOut>
    </Output>
  </ResultSummary>
</TestRun>