<?xml version="1.0" encoding="utf-8"?>
<TestRun id="b1c0ce97-a2f0-4bab-b7bf-f9afddf14877" name="Administrator@PC202602281603H 2026-10-01 01:20:05" runUser="PC202602281603H\CodexSandboxOffline" xmlns="http://microsoft.com/schemas/VisualStudio/TeamTest/2010">
  <Times creation="2026-10-01T01:20:05.4482704+08:00" queuing="2026-10-01T01:20:05.4482705+08:00" start="2026-10-01T01:20:04.5067620+08:00" finish="2026-10-01T01:20:05.6818505+08:00" />
  <TestSettings name="default" id="2ef2c01a-c243-496b-911d-a3e5c6f724c1">
    <Deployment runDeploymentRoot="Administrator_PC202602281603H_2026-10-01_01_20_05" />
  </TestSettings>
  <Results>
    <UnitTestResult executionId="74834f01-a291-4d6c-a9e8-b7948e086d03" testId="7e7a74fd-aca6-83e6-4b13-179f2ce38c1d" testName="Controller550W.Tests.LifecycleTests.DotsInExecutableNamesRemainPartOfTheName(configured: &quot;550W.ExternalFixture.exe&quot;, observed: &quot;550W.ExternalFixture&quot;)" computerName="PC202602281603H" duration="00:00:00.0005312" startTime="2026-10-01T01:20:05.5060357+08:00" endTime="2026-10-01T01:20:05.5060357+08:00" testType="13cdc9d9-ddb5-4fa4-a97d-d965ccfc6d4b" outcome="Passed" testListId="8c84fa94-04c1-424b-9868-57a2d4851a1d" relativeResultsDirectory="74834f01-a291-4d6c-a9e8-b7948e086d03" />
    <UnitTestResult executionId="8a534c74-8a24-441d-85c0-ab06fe216c0c" testId="92d582ab-2962-5c92-311a-fed16040251c" testName="Controller550W.Tests.V2Tests.ConfirmedFailureAllowsNormalCloseExactlyOnce" computerName="PC202602281603H" duration="00:00:00.0001307" startTime="2026-10-01T01:20:05.5348738+08:00" endTime="2026-10-01T01:20:05.5348739+08:00" testType="13cdc9d9-ddb5-4fa4-a97d-d965ccfc6d4b" outcome="Passed" testListId="8c84fa94-04c1-424b-9868-57a2d4851a1d" relativeResultsDirectory="8a534c74-8a24-441d-85c0-ab06fe216c0c" />
    <UnitTestResult executionId="ebc7237c-7697-41f3-ad3f-f817bc1b191f" testId="4d2fcd35-c6a3-46b7-d0d0-4025ae30816e" testName="Controller550W.Tests.V2Tests.OrdinaryExitNeverRequestsShutdownAnimation" computerName="PC202602281603H" duration="00:00:00.0001959" startTime="2026-10-01T01:20:05.5156318+08:00" endTime="2026-10-01T01:20:05.5156319+08:00" testType="13cdc9d9-ddb5-4fa4-a97d-d965ccfc6d4b" outcome="Passed" testListId="8c84fa94-04c1-424b-9868-57a2d4851a1d" relativeResultsDirectory="ebc7237c-7697-41f3-ad3f-f817bc1b191f" />
    <UnitTestResult executionId="5f68b761-2e89-4851-b547-9d14503eed32" testId="3dd5ab7c-15f3-a2cc-1e10-b233d04b7e3f" testName="Controller550W.Tests.LifecycleTests.SeparateProfilesMaintainIndependentState" computerName="PC202602281603H" duration="00:00:00.0002451" startTime="2026-10-01T01:20:05.5062833+08:00" endTime="2026-10-01T01:20:05.5062833+08:00" testType="13cdc9d9-ddb5-4fa4-a97d-d965ccfc6d4b" outcome="Passed" testListId="8c84fa94-04c1-424b-9868-57a2d4851a1d" relativeResultsDirectory="5f68b761-2e89-4851-b547-9d14503eed32" />
    <UnitTestResult executionId="40d605f1-225a-444b-bd7e-153979983b9e" testId="86585fe1-a0db-bf67-3e18-ce518942c937" testName="Controller550W.Tests.LifecycleTests.MultipleWindowsDoNotRepeatBootOrPrematurelyShutdown" computerName="PC202602281603H" duration="00:00:00.0002791" startTime="2026-10-01T01:20:05.5066050+08:00" endTime="2026-10-01T01:20:05.5066051+08:00" testType="13cdc9d9-ddb5-4fa4-a97d-d965ccfc6d4b" outcome="Passed" testListId="8c84fa94-04c1-424b-9868-57a2d4851a1d" relativeResultsDirectory="40d605f1-225a-444b-bd7e-153979983b9e" />
    <UnitTestResult executionId="f80877c8-38b0-418a-9331-48b5fac9c2a9" testId="107fc5c9-32db-a991-2266-ad75cc6e43a3" testName="Controller550W.Tests.V2Tests.CaptionCoordinatesRemainPhysicalAcrossDpi(scale: 1)" computerName="PC202602281603H" duration="00:00:00.0000106" startTime="2026-10-01T01:20:05.5043992+08:00" endTime="2026-10-01T01:20:05.5043993+08:00" testType="13cdc9d9-ddb5-4fa4-a97d-d965ccfc6d4b" outcome="Passed" testListId="8c84fa94-04c1-424b-9868-57a2d4851a1d" relativeResultsDirectory="f80877c8-38b0-418a-9331-48b5fac9c2a9" />
    <UnitTestResult executionId="65f99020-b8b0-4a86-a997-4321bcef86ab" testId="f430841a-a0a8-69eb-9bd4-a87d1af96182" testName="Controller550W.Tests.V2Tests.UnsafeCaptionRectangleFallsBack" computerName="PC202602281603H" duration="00:00:00.0001583" startTime="2026-10-01T01:20:05.5346660+08:00" endTime="2026-10-01T01:20:05.5346661+08:00" testType="13cdc9d9-ddb5-4fa4-a97d-d965ccfc6d4b" outcome="Passed" testListId="8c84fa94-04c1-424b-9868-57a2d4851a1d" relativeResultsDirectory="65f99020-b8b0-4a86-a997-4321bcef86ab" />
    <UnitTestResult executionId="743b2961-c932-4eaa-9043-ffe756ff327d" testId="f48730bb-175c-ada5-29bb-e2a4fbd898a9" testName="Controller550W.Tests.V2Tests.CancelReturnsToRunningWithoutClose" computerName="PC202602281603H" duration="00:00:00.0002307" startTime="2026-10-01T01:20:05.5034400+08:00" endTime="2026-10-01T01:20:05.5034401+08:00" testType="13cdc9d9-ddb5-4fa4-a97d-d965ccfc6d4b" outcome="Passed" testListId="8c84fa94-04c1-424b-9868-57a2d4851a1d" relativeResultsDirectory="743b2961-c932-4eaa-9043-ffe756ff327d" />
    <UnitTestResult executionId="5eec85be-2816-40cd-b9ea-89e16af1413a" testId="0b9675c4-c5db-f7d3-0677-5785b0a62c9b" testName="Controller550W.Tests.V2Tests.DefaultsKeepLaunchAndCloseIndependent" computerName="PC202602281603H" duration="00:00:00.0027506" startTime="2026-10-01T01:20:05.5153725+08:00" endTime="2026-10-01T01:20:05.5153728+08:00" testType="13cdc9d9-ddb5-4fa4-a97d-d965ccfc6d4b" outcome="Passed" testListId="8c84fa94-04c1-424b-9868-57a2d4851a1d" relativeResultsDirectory="5eec85be-2816-40cd-b9ea-89e16af1413a" />
    <UnitTestResult executionId="982a71dc-72a3-4ef2-93fb-cd071c36f4ac" testId="9c68d14a-b1fe-5eda-ff40-778411e4e06b" testName="Controller550W.Tests.LifecycleTests.ExistingAppAtLoginDoesNotPlayBoot" computerName="PC202602281603H" duration="00:00:00.0001133" startTime="2026-10-01T01:20:05.5077215+08:00" endTime="2026-10-01T01:20:05.5077216+08:00" testType="13cdc9d9-ddb5-4fa4-a97d-d965ccfc6d4b" outcome="Passed" testListId="8c84fa94-04c1-424b-9868-57a2d4851a1d" relativeResultsDirectory="982a71dc-72a3-4ef2-93fb-cd071c36f4ac" />
    <UnitTestResult executionId="37121373-cd47-4452-a509-64f3c90804b2" testId="e89e9136-dd31-77fd-fa92-8c7dac3e30b4" testName="Controller550W.Tests.LifecycleTests.DotsInExecutableNamesRemainPartOfTheName(configured: &quot;ChatGPT&quot;, observed: &quot;chatgpt.exe&quot;)" computerName="PC202602281603H" duration="00:00:00.0001650" startTime="2026-10-01T01:20:05.5060824+08:00" endTime="2026-10-01T01:20:05.5060824+08:00" testType="13cdc9d9-ddb5-4fa4-a97d-d965ccfc6d4b" outcome="Passed" testListId="8c84fa94-04c1-424b-9868-57a2d4851a1d" relativeResultsDirectory="37121373-cd47-4452-a509-64f3c90804b2" />
    <UnitTestResult executionId="2e6276a5-ec43-490a-aa40-840b5364e57b" testId="56f1596e-ea50-0120-43b6-eda0ac592700" testName="Controller550W.Tests.ConfigurationTests.ValidationBoundsTimersAndFiltersEndpoints" computerName="PC202602281603H" duration="00:00:00.0102039" startTime="2026-10-01T01:20:05.3770218+08:00" endTime="2026-10-01T01:20:05.3770218+08:00" testType="13cdc9d9-ddb5-4fa4-a97d-d965ccfc6d4b" outcome="Passed" testListId="8c84fa94-04c1-424b-9868-57a2d4851a1d" relativeResultsDirectory="2e6276a5-ec43-490a-aa40-840b5364e57b" />
    <UnitTestResult executionId="44e6e8ca-5489-4d88-95fc-7954b48d1354" testId="bd3d5c16-c619-db13-6fc0-a3ec71d92c04" testName="Controller550W.Tests.LifecycleTests.DisabledProfileNeverTriggers" computerName="PC202602281603H" duration="00:00:00.0001808" startTime="2026-10-01T01:20:05.5073940+08:00" endTime="2026-10-01T01:20:05.5073941+08:00" testType="13cdc9d9-ddb5-4fa4-a97d-d965ccfc6d4b" outcome="Passed" testListId="8c84fa94-04c1-424b-9868-57a2d4851a1d" relativeResultsDirectory="44e6e8ca-5489-4d88-95fc-7954b48d1354" />
    <UnitTestResult executionId="f95ace07-d231-45fb-a70b-11e4d75669d5" testId="d73c96b0-bdf1-4847-aca6-d7f158b511b7" testName="Controller550W.Tests.ConfigurationTests.MedianAndJitterAreComputed" computerName="PC202602281603H" duration="00:00:00.0050050" startTime="2026-10-01T01:20:05.3665146+08:00" endTime="2026-10-01T01:20:05.3665149+08:00" testType="13cdc9d9-ddb5-4fa4-a97d-d965ccfc6d4b" outcome="Passed" testListId="8c84fa94-04c1-424b-9868-57a2d4851a1d" relativeResultsDirectory="f95ace07-d231-45fb-a70b-11e4d75669d5" />
    <UnitTestResult executionId="e603ace2-95e8-46a5-b68b-78c1a7e745b3" testId="de39786d-4478-2ad5-b77f-fd3af4d99a61" testName="Controller550W.Tests.V2Tests.CloseRequiresConfirmationAndRenderedOverlay" computerName="PC202602281603H" duration="00:00:00.1620723" startTime="2026-10-01T01:20:05.5031222+08:00" endTime="2026-10-01T01:20:05.5031223+08:00" testType="13cdc9d9-ddb5-4fa4-a97d-d965ccfc6d4b" outcome="Passed" testListId="8c84fa94-04c1-424b-9868-57a2d4851a1d" relativeResultsDirectory="e603ace2-95e8-46a5-b68b-78c1a7e745b3" />
    <UnitTestResult executionId="12e7861a-49dd-493a-a2cc-fbd6291022f0" testId="e084d7e9-2b94-f75e-8f66-0aba191e39f3" testName="Controller550W.Tests.ConfigurationTests.StableRequiresThreeSuccessfulSamples(successes: 0, expected: &quot;offline&quot;)" computerName="PC202602281603H" duration="00:00:00.0000105" startTime="2026-10-01T01:20:05.3655325+08:00" endTime="2026-10-01T01:20:05.3655326+08:00" testType="13cdc9d9-ddb5-4fa4-a97d-d965ccfc6d4b" outcome="Passed" testListId="8c84fa94-04c1-424b-9868-57a2d4851a1d" relativeResultsDirectory="12e7861a-49dd-493a-a2cc-fbd6291022f0" />
    <UnitTestResult executionId="574be775-426d-4671-b557-cb8caa17f493" testId="02d1b466-d44e-3071-ea9b-497afec82e3d" testName="Controller550W.Tests.V2Tests.StartupWindowRebuildDoesNotRepeatBoot" computerName="PC202602281603H" duration="00:00:00.0003928" startTime="2026-10-01T01:20:05.5162315+08:00" endTime="2026-10-01T01:20:05.5162316+08:00" testType="13cdc9d9-ddb5-4fa4-a97d-d965ccfc6d4b" outcome="Passed" testListId="8c84fa94-04c1-424b-9868-57a2d4851a1d" relativeResultsDirectory="574be775-426d-4671-b557-cb8caa17f493" />
    <UnitTestResult executionId="2f2cbbac-695f-44be-b8ce-5f76f787d9f5" testId="48539d81-e352-ea1f-fda4-f916e8a63e4a" testName="Controller550W.Tests.LifecycleTests.SlowAndFastReadyKeepTheirConfiguredStability(seconds: 5)" computerName="PC202602281603H" duration="00:00:00.0001778" startTime="2026-10-01T01:20:05.5062038+08:00" endTime="2026-10-01T01:20:05.5062038+08:00" testType="13cdc9d9-ddb5-4fa4-a97d-d965ccfc6d4b" outcome="Passed" testListId="8c84fa94-04c1-424b-9868-57a2d4851a1d" relativeResultsDirectory="2f2cbbac-695f-44be-b8ce-5f76f787d9f5" />
    <UnitTestResult executionId="e9982f29-0c7a-4d01-b740-1fa542305574" testId="cce6feb6-8799-82f9-38cc-b0e0e3c71810" testName="Controller550W.Tests.LifecycleTests.HelpersDoNotRepeatBoot" computerName="PC202602281603H" duration="00:00:00.0029659" startTime="2026-10-01T01:20:05.5043459+08:00" endTime="2026-10-01T01:20:05.5043460+08:00" testType="13cdc9d9-ddb5-4fa4-a97d-d965ccfc6d4b" outcome="Passed" testListId="8c84fa94-04c1-424b-9868-57a2d4851a1d" relativeResultsDirectory="e9982f29-0c7a-4d01-b740-1fa542305574" />
    <UnitTestResult executionId="342b5329-ca98-421c-aa6a-847516c7f55b" testId="419cf50e-47ce-ba1f-5250-51362e26c1be" testName="Controller550W.Tests.LifecycleTests.MinimizedWindowIsStillPresent" computerName="PC202602281603H" duration="00:00:00.0001383" startTime="2026-10-01T01:20:05.5079140+08:00" endTime="2026-10-01T01:20:05.5079140+08:00" testType="13cdc9d9-ddb5-4fa4-a97d-d965ccfc6d4b" outcome="Passed" testListId="8c84fa94-04c1-424b-9868-57a2d4851a1d" relativeResultsDirectory="342b5329-ca98-421c-aa6a-847516c7f55b" />
    <UnitTestResult executionId="8ab17551-38fe-415c-9bd3-15bb39ce7a47" testId="fba1076e-e2b6-102b-e8f1-068f49269e40" testName="Controller550W.Tests.LifecycleTests.TrayHideReportsStopAndReopenMayPlayBoot" computerName="PC202602281603H" duration="00:00:00.0001878" startTime="2026-10-01T01:20:05.5073422+08:00" endTime="2026-10-01T01:20:05.5073423+08:00" testType="13cdc9d9-ddb5-4fa4-a97d-d965ccfc6d4b" outcome="Passed" testListId="8c84fa94-04c1-424b-9868-57a2d4851a1d" relativeResultsDirectory="8ab17551-38fe-415c-9bd3-15bb39ce7a47" />
    <UnitTestResult executionId="145aa827-e33b-4a17-8bbd-089aa4e8a38b" testId="7af958e0-8b83-b448-76f1-3730f16e4242" testName="Controller550W.Tests.LifecycleTests.ProcessAndOptionalFullPathBothMatch" computerName="PC202602281603H" duration="00:00:00.0002198" startTime="2026-10-01T01:20:05.5068706+08:00" endTime="2026-10-01T01:20:05.5068707+08:00" testType="13cdc9d9-ddb5-4fa4-a97d-d965ccfc6d4b" outcome="Passed" testListId="8c84fa94-04c1-424b-9868-57a2d4851a1d" relativeResultsDirectory="145aa827-e33b-4a17-8bbd-089aa4e8a38b" />
    <UnitTestResult executionId="e5899bc2-a7f6-45f3-8599-f7650e0953a7" testId="3ffa4f7b-a1dd-ff60-6871-e0501efb4c78" testName="Controller550W.Tests.LifecycleTests.DotsInExecutableNamesRemainPartOfTheName(configured: &quot;ai.client.v2.EXE&quot;, observed: &quot;AI.Client.v2&quot;)" computerName="PC202602281603H" duration="00:00:00.0000143" startTime="2026-10-01T01:20:05.5061158+08:00" endTime="2026-10-01T01:20:05.5061159+08:00" testType="13cdc9d9-ddb5-4fa4-a97d-d965ccfc6d4b" outcome="Passed" testListId="8c84fa94-04c1-424b-9868-57a2d4851a1d" relativeResultsDirectory="e5899bc2-a7f6-45f3-8599-f7650e0953a7" />
    <UnitTestResult executionId="2c2fa79a-c518-472a-8bc3-0bb5180a02b1" testId="0890fa60-ea56-1357-655c-506ea47273d0" testName="Controller550W.Tests.ConfigurationTests.StableRequiresThreeSuccessfulSamples(successes: 2, expected: &quot;degraded&quot;)" computerName="PC202602281603H" duration="00:00:00.0000071" startTime="2026-10-01T01:20:05.3655789+08:00" endTime="2026-10-01T01:20:05.3655790+08:00" testType="13cdc9d9-ddb5-4fa4-a97d-d965ccfc6d4b" outcome="Passed" testListId="8c84fa94-04c1-424b-9868-57a2d4851a1d" relativeResultsDirectory="2c2fa79a-c518-472a-8bc3-0bb5180a02b1" />
    <UnitTestResult executionId="49d8c6a3-25ec-41d0-9203-9aa3ef4c4933" testId="5c77fe6b-0063-6368-68d9-660d2ccfa953" testName="Controller550W.Tests.LifecycleTests.SlowAndFastReadyKeepTheirConfiguredStability(seconds: 15)" computerName="PC202602281603H" duration="00:00:00.0004257" startTime="2026-10-01T01:20:05.5061596+08:00" endTime="2026-10-01T01:20:05.5061597+08:00" testType="13cdc9d9-ddb5-4fa4-a97d-d965ccfc6d4b" outcome="Passed" testListId="8c84fa94-04c1-424b-9868-57a2d4851a1d" relativeResultsDirectory="49d8c6a3-25ec-41d0-9203-9aa3ef4c4933" />
    <UnitTestResult executionId="aba0d5d2-4e4d-403a-8dd1-ea8cf7ce457e" testId="9e822c85-5547-d7af-2e66-3a000818398b" testName="Controller550W.Tests.V2Tests.MigratesV1WithoutLosingAudioOrProfiles" computerName="PC202602281603H" duration="00:00:00.0178554" startTime="2026-10-01T01:20:05.5344528+08:00" endTime="2026-10-01T01:20:05.5344530+08:00" testType="13cdc9d9-ddb5-4fa4-a97d-d965ccfc6d4b" outcome="Passed" testListId="8c84fa94-04c1-424b-9868-57a2d4851a1d" relativeResultsDirectory="aba0d5d2-4e4d-403a-8dd1-ea8cf7ce457e" />
    <UnitTestResult executionId="27780aac-5066-40ba-8585-55091ef9b146" testId="7c8e1b96-730d-c13b-0463-7e4ecdb612e0" testName="Controller550W.Tests.LifecycleTests.SlowAndFastReadyKeepTheirConfiguredStability(seconds: 2)" computerName="PC202602281603H" duration="00:00:00.0000113" startTime="2026-10-01T01:20:05.5062415+08:00" endTime="2026-10-01T01:20:05.5062415+08:00" testType="13cdc9d9-ddb5-4fa4-a97d-d965ccfc6d4b" outcome="Passed" testListId="8c84fa94-04c1-424b-9868-57a2d4851a1d" relativeResultsDirectory="27780aac-5066-40ba-8585-55091ef9b146" />
    <UnitTestResult executionId="00edbb6e-50b1-444e-835a-cffc9d042ed8" testId="685a8b01-d22a-086e-97c6-0d4775e6fe2f" testName="Controller550W.Tests.ConfigurationTests.StableRequiresThreeSuccessfulSamples(successes: 3, expected: &quot;stable&quot;)" computerName="PC202602281603H" duration="00:00:00.0003230" startTime="2026-10-01T01:20:05.3651695+08:00" endTime="2026-10-01T01:20:05.3651696+08:00" testType="13cdc9d9-ddb5-4fa4-a97d-d965ccfc6d4b" outcome="Passed" testListId="8c84fa94-04c1-424b-9868-57a2d4851a1d" relativeResultsDirectory="00edbb6e-50b1-444e-835a-cffc9d042ed8" />
    <UnitTestResult executionId="4964e1a8-2868-44a8-9839-824b4e23304d" testId="d7abb235-4b33-ce66-9c7c-0349378da387" testName="Controller550W.Tests.V2Tests.CaptionCoordinatesRemainPhysicalAcrossDpi(scale: 2)" computerName="PC202602281603H" duration="00:00:00.0005249" startTime="2026-10-01T01:20:05.5040692+08:00" endTime="2026-10-01T01:20:05.5040693+08:00" testType="13cdc9d9-ddb5-4fa4-a97d-d965ccfc6d4b" outcome="Passed" testListId="8c84fa94-04c1-424b-9868-57a2d4851a1d" relativeResultsDirectory="4964e1a8-2868-44a8-9839-824b4e23304d" />
    <UnitTestResult executionId="0aca443f-e706-4916-84f0-6f09776a4a18" testId="e99021be-22b2-95c2-3236-9c3ff0119325" testName="Controller550W.Tests.ConfigurationTests.ConfigAndSoundSettingsRoundTrip" computerName="PC202602281603H" duration="00:00:00.1458533" startTime="2026-10-01T01:20:05.5229852+08:00" endTime="2026-10-01T01:20:05.5229853+08:00" testType="13cdc9d9-ddb5-4fa4-a97d-d965ccfc6d4b" outcome="Passed" testListId="8c84fa94-04c1-424b-9868-57a2d4851a1d" relativeResultsDirectory="0aca443f-e706-4916-84f0-6f09776a4a18" />
    <UnitTestResult executionId="64421fcd-31cb-40d3-a25d-cd2047dca6e2" testId="c18806b3-d6a9-6799-5383-2c898aca7054" testName="Controller550W.Tests.LifecycleTests.ReadinessRequiresSameResponsiveWindowAndResetsOnFailure" computerName="PC202602281603H" duration="00:00:00.0001613" startTime="2026-10-01T01:20:05.5075626+08:00" endTime="2026-10-01T01:20:05.5075627+08:00" testType="13cdc9d9-ddb5-4fa4-a97d-d965ccfc6d4b" outcome="Passed" testListId="8c84fa94-04c1-424b-9868-57a2d4851a1d" relativeResultsDirectory="64421fcd-31cb-40d3-a25d-cd2047dca6e2" />
    <UnitTestResult executionId="ea41c5f5-b94c-49bc-b44e-4ca74f018e4d" testId="d924632d-070d-851d-2ec9-46f5970de3cb" testName="Controller550W.Tests.V2Tests.CaptionCoordinatesRemainPhysicalAcrossDpi(scale: 1.5)" computerName="PC202602281603H" duration="00:00:00.0001952" startTime="2026-10-01T01:20:05.5043133+08:00" endTime="2026-10-01T01:20:05.5043133+08:00" testType="13cdc9d9-ddb5-4fa4-a97d-d965ccfc6d4b" outcome="Passed" testListId="8c84fa94-04c1-424b-9868-57a2d4851a1d" relativeResultsDirectory="ea41c5f5-b94c-49bc-b44e-4ca74f018e4d" />
    <UnitTestResult executionId="8cbe381c-1294-433f-8ee4-075ee6e7fbcc" testId="983a6f23-fd72-db1d-de45-079f8d0ae00d" testName="Controller550W.Tests.V2Tests.ProfileV2SettingsRoundTrip" computerName="PC202602281603H" duration="00:00:00.0080481" startTime="2026-10-01T01:20:05.5125133+08:00" endTime="2026-10-01T01:20:05.5125135+08:00" testType="13cdc9d9-ddb5-4fa4-a97d-d965ccfc6d4b" outcome="Passed" testListId="8c84fa94-04c1-424b-9868-57a2d4851a1d" relativeResultsDirectory="8cbe381c-1294-433f-8ee4-075ee6e7fbcc" />
    <UnitTestResult executionId="ff248ce7-c15e-460a-9df5-28b719c7711a" testId="9c45a16f-a062-a299-6775-45f3e77e27a8" testName="Controller550W.Tests.V2Tests.CaptionCoordinatesRemainPhysicalAcrossDpi(scale: 1.25)" computerName="PC202602281603H" duration="00:00:00.0000065" startTime="2026-10-01T01:20:05.5044497+08:00" endTime="2026-10-01T01:20:05.5044498+08:00" testType="13cdc9d9-ddb5-4fa4-a97d-d965ccfc6d4b" outcome="Passed" testListId="8c84fa94-04c1-424b-9868-57a2d4851a1d" relativeResultsDirectory="ff248ce7-c15e-460a-9df5-28b719c7711a" />
    <UnitTestResult executionId="8c9d8c7d-d821-4b87-971f-29e9f5b5a9d6" testId="462cfcbc-8e7f-9950-aa00-7511c0e831ef" testName="Controller550W.Tests.V2Tests.ManagedLaunchDeduplicatesFirstProcessAndWindow" computerName="PC202602281603H" duration="00:00:00.0003634" startTime="2026-10-01T01:20:05.5164857+08:00" endTime="2026-10-01T01:20:05.5164858+08:00" testType="13cdc9d9-ddb5-4fa4-a97d-d965ccfc6d4b" outcome="Passed" testListId="8c84fa94-04c1-424b-9868-57a2d4851a1d" relativeResultsDirectory="8c9d8c7d-d821-4b87-971f-29e9f5b5a9d6" />
    <UnitTestResult executionId="c6ef0969-0c36-4944-b7c4-3e940f904e64" testId="839d9f97-1afa-1d02-d4c2-46dde4ba3f81" testName="Controller550W.Tests.LifecycleTests.CrashDuringProcessBootEndsOverlay" computerName="PC202602281603H" duration="00:00:00.0001626" startTime="2026-10-01T01:20:05.5081308+08:00" endTime="2026-10-01T01:20:05.5081309+08:00" testType="13cdc9d9-ddb5-4fa4-a97d-d965ccfc6d4b" outcome="Passed" testListId="8c84fa94-04c1-424b-9868-57a2d4851a1d" relativeResultsDirectory="c6ef0969-0c36-4944-b7c4-3e940f904e64" />
    <UnitTestResult executionId="9fead959-b74f-432a-81e9-bfd5a259b482" testId="ad81afaf-5892-787c-9e6f-e073628401ec" testName="Controller550W.Tests.LifecycleTests.OneHelperExitDoesNotStopTheApplication" computerName="PC202602281603H" duration="00:00:00.1602553" startTime="2026-10-01T01:20:05.5013122+08:00" endTime="2026-10-01T01:20:05.5013126+08:00" testType="13cdc9d9-ddb5-4fa4-a97d-d965ccfc6d4b" outcome="Passed" testListId="8c84fa94-04c1-424b-9868-57a2d4851a1d" relativeResultsDirectory="9fead959-b74f-432a-81e9-bfd5a259b482" />
    <UnitTestResult executionId="1be0ca95-6684-4ee3-9d66-802b87254a4e" testId="1c3882f8-0d17-28fe-9bbc-e78a6c742527" testName="Controller550W.Tests.ConfigurationTests.AtomicSaveRetainsPreviousConfigBackup" computerName="PC202602281603H" duration="00:00:00.0392427" startTime="2026-10-01T01:20:05.5623304+08:00" endTime="2026-10-01T01:20:05.5623306+08:00" testType="13cdc9d9-ddb5-4fa4-a97d-d965ccfc6d4b" outcome="Passed" testListId="8c84fa94-04c1-424b-9868-57a2d4851a1d" relativeResultsDirectory="1be0ca95-6684-4ee3-9d66-802b87254a4e" />
    <UnitTestResult executionId="b335f1f4-c0fa-4786-95f8-285c45409451" testId="8e068486-85dd-34dc-ac2f-f4cb401387b0" testName="Controller550W.Tests.ConfigurationTests.StableRequiresThreeSuccessfulSamples(successes: 1, expected: &quot;degraded&quot;)" computerName="PC202602281603H" duration="00:00:00.0140235" startTime="2026-10-01T01:20:05.3615421+08:00" endTime="2026-10-01T01:20:05.3615868+08:00" testType="13cdc9d9-ddb5-4fa4-a97d-d965ccfc6d4b" outcome="Passed" testListId="8c84fa94-04c1-424b-9868-57a2d4851a1d" relativeResultsDirectory="b335f1f4-c0fa-4786-95f8-285c45409451" />
    <UnitTestResult executionId="2a7e95a7-0e86-44b8-a5e8-4dfc1922abd8" testId="cfd295e5-789c-a188-296d-75f4c7824af9" testName="Controller550W.Tests.ConfigurationTests.HighJitterIsUnstable" computerName="PC202602281603H" duration="00:00:00.0001670" startTime="2026-10-01T01:20:05.3667352+08:00" endTime="2026-10-01T01:20:05.3667353+08:00" testType="13cdc9d9-ddb5-4fa4-a97d-d965ccfc6d4b" outcome="Passed" testListId="8c84fa94-04c1-424b-9868-57a2d4851a1d" relativeResultsDirectory="2a7e95a7-0e86-44b8-a5e8-4dfc1922abd8" />
    <UnitTestResult executionId="9baf42a0-6712-4e03-9337-54bad4f9eba7" testId="246a0c94-dd8d-199c-3051-4b10024a9988" testName="Controller550W.Tests.ConfigurationTests.CorruptConfigIsPreservedAndRecovers" computerName="PC202602281603H" duration="00:00:00.0419339" startTime="2026-10-01T01:20:05.6043818+08:00" endTime="2026-10-01T01:20:05.6043819+08:00" testType="13cdc9d9-ddb5-4fa4-a97d-d965ccfc6d4b" outcome="Passed" testListId="8c84fa94-04c1-424b-9868-57a2d4851a1d" relativeResultsDirectory="9baf42a0-6712-4e03-9337-54bad4f9eba7" />
  </Results>
  <TestDefinitions>
    <UnitTest name="Controller550W.Tests.LifecycleTests.ProcessAndOptionalFullPathBothMatch" storage="c:\users\administrator\documents\codex\2026-09-30\files-pasted-by-the-user-windows\outputs\550w-ai-controller-source\tests\550w.tests\bin\release\net8.0\550w.tests.dll" id="7af958e0-8b83-b448-76f1-3730f16e4242">
      <Execution id="145aa827-e33b-4a17-8bbd-089aa4e8a38b" />
      <TestMethod codeBase="C:\Users\Administrator\Documents\Codex\2026-09-30\files-pasted-by-the-user-windows\outputs\550W-AI-Controller-Source\tests\550W.Tests\bin\Release\net8.0\550W.Tests.dll" adapterTypeName="executor://xunit/VsTestRunner2/netcoreapp" className="Controller550W.Tests.LifecycleTests" name="ProcessAndOptionalFullPathBothMatch" />
    </UnitTest>
    <UnitTest name="Controller550W.Tests.LifecycleTests.OneHelperExitDoesNotStopTheApplication" storage="c:\users\administrator\documents\codex\2026-09-30\files-pasted-by-the-user-windows\outputs\550w-ai-controller-source\tests\550w.tests\bin\release\net8.0\550w.tests.dll" id="ad81afaf-5892-787c-9e6f-e073628401ec">
      <Execution id="9fead959-b74f-432a-81e9-bfd5a259b482" />
      <TestMethod codeBase="C:\Users\Administrator\Documents\Codex\2026-09-30\files-pasted-by-the-user-windows\outputs\550W-AI-Controller-Source\tests\550W.Tests\bin\Release\net8.0\550W.Tests.dll" adapterTypeName="executor://xunit/VsTestRunner2/netcoreapp" className="Controller550W.Tests.LifecycleTests" name="OneHelperExitDoesNotStopTheApplication" />
    </UnitTest>
    <UnitTest name="Controller550W.Tests.LifecycleTests.ExistingAppAtLoginDoesNotPlayBoot" storage="c:\users\administrator\documents\codex\2026-09-30\files-pasted-by-the-user-windows\outputs\550w-ai-controller-source\tests\550w.tests\bin\release\net8.0\550w.tests.dll" id="9c68d14a-b1fe-5eda-ff40-778411e4e06b">
      <Execution id="982a71dc-72a3-4ef2-93fb-cd071c36f4ac" />
      <TestMethod codeBase="C:\Users\Administrator\Documents\Codex\2026-09-30\files-pasted-by-the-user-windows\outputs\550W-AI-Controller-Source\tests\550W.Tests\bin\Release\net8.0\550W.Tests.dll" adapterTypeName="executor://xunit/VsTestRunner2/netcoreapp" className="Controller550W.Tests.LifecycleTests" name="ExistingAppAtLoginDoesNotPlayBoot" />
    </UnitTest>
    <UnitTest name="Controller550W.Tests.V2Tests.ProfileV2SettingsRoundTrip" storage="c:\users\administrator\documents\codex\2026-09-30\files-pasted-by-the-user-windows\outputs\550w-ai-controller-source\tests\550w.tests\bin\release\net8.0\550w.tests.dll" id="983a6f23-fd72-db1d-de45-079f8d0ae00d">
      <Execution id="8cbe381c-1294-433f-8ee4-075ee6e7fbcc" />
      <TestMethod codeBase="C:\Users\Administrator\Documents\Codex\2026-09-30\files-pasted-by-the-user-windows\outputs\550W-AI-Controller-Source\tests\550W.Tests\bin\Release\net8.0\550W.Tests.dll" adapterTypeName="executor://xunit/VsTestRunner2/netcoreapp" className="Controller550W.Tests.V2Tests" name="ProfileV2SettingsRoundTrip" />
    </UnitTest>
    <UnitTest name="Controller550W.Tests.V2Tests.ConfirmedFailureAllowsNormalCloseExactlyOnce" storage="c:\users\administrator\documents\codex\2026-09-30\files-pasted-by-the-user-windows\outputs\550w-ai-controller-source\tests\550w.tests\bin\release\net8.0\550w.tests.dll" id="92d582ab-2962-5c92-311a-fed16040251c">
      <Execution id="8a534c74-8a24-441d-85c0-ab06fe216c0c" />
      <TestMethod codeBase="C:\Users\Administrator\Documents\Codex\2026-09-30\files-pasted-by-the-user-windows\outputs\550W-AI-Controller-Source\tests\550W.Tests\bin\Release\net8.0\550W.Tests.dll" adapterTypeName="executor://xunit/VsTestRunner2/netcoreapp" className="Controller550W.Tests.V2Tests" name="ConfirmedFailureAllowsNormalCloseExactlyOnce" />
    </UnitTest>
    <UnitTest name="Controller550W.Tests.V2Tests.StartupWindowRebuildDoesNotRepeatBoot" storage="c:\users\administrator\documents\codex\2026-09-30\files-pasted-by-the-user-windows\outputs\550w-ai-controller-source\tests\550w.tests\bin\release\net8.0\550w.tests.dll" id="02d1b466-d44e-3071-ea9b-497afec82e3d">
      <Execution id="574be775-426d-4671-b557-cb8caa17f493" />
      <TestMethod codeBase="C:\Users\Administrator\Documents\Codex\2026-09-30\files-pasted-by-the-user-windows\outputs\550W-AI-Controller-Source\tests\550W.Tests\bin\Release\net8.0\550W.Tests.dll" adapterTypeName="executor://xunit/VsTestRunner2/netcoreapp" className="Controller550W.Tests.V2Tests" name="StartupWindowRebuildDoesNotRepeatBoot" />
    </UnitTest>
    <UnitTest name="Controller550W.Tests.LifecycleTests.CrashDuringProcessBootEndsOverlay" storage="c:\users\administrator\documents\codex\2026-09-30\files-pasted-by-the-user-windows\outputs\550w-ai-controller-source\tests\550w.tests\bin\release\net8.0\550w.tests.dll" id="839d9f97-1afa-1d02-d4c2-46dde4ba3f81">
      <Execution id="c6ef0969-0c36-4944-b7c4-3e940f904e64" />
      <TestMethod codeBase="C:\Users\Administrator\Documents\Codex\2026-09-30\files-pasted-by-the-user-windows\outputs\550W-AI-Controller-Source\tests\550W.Tests\bin\Release\net8.0\550W.Tests.dll" adapterTypeName="executor://xunit/VsTestRunner2/netcoreapp" className="Controller550W.Tests.LifecycleTests" name="CrashDuringProcessBootEndsOverlay" />
    </UnitTest>
    <UnitTest name="Controller550W.Tests.V2Tests.CaptionCoordinatesRemainPhysicalAcrossDpi(scale: 1.25)" storage="c:\users\administrator\documents\codex\2026-09-30\files-pasted-by-the-user-windows\outputs\550w-ai-controller-source\tests\550w.tests\bin\release\net8.0\550w.tests.dll" id="9c45a16f-a062-a299-6775-45f3e77e27a8">
      <Execution id="ff248ce7-c15e-460a-9df5-28b719c7711a" />
      <TestMethod codeBase="C:\Users\Administrator\Documents\Codex\2026-09-30\files-pasted-by-the-user-windows\outputs\550W-AI-Controller-Source\tests\550W.Tests\bin\Release\net8.0\550W.Tests.dll" adapterTypeName="executor://xunit/VsTestRunner2/netcoreapp" className="Controller550W.Tests.V2Tests" name="CaptionCoordinatesRemainPhysicalAcrossDpi" />
    </UnitTest>
    <UnitTest name="Controller550W.Tests.ConfigurationTests.HighJitterIsUnstable" storage="c:\users\administrator\documents\codex\2026-09-30\files-pasted-by-the-user-windows\outputs\550w-ai-controller-source\tests\550w.tests\bin\release\net8.0\550w.tests.dll" id="cfd295e5-789c-a188-296d-75f4c7824af9">
      <Execution id="2a7e95a7-0e86-44b8-a5e8-4dfc1922abd8" />
      <TestMethod codeBase="C:\Users\Administrator\Documents\Codex\2026-09-30\files-pasted-by-the-user-windows\outputs\550W-AI-Controller-Source\tests\550W.Tests\bin\Release\net8.0\550W.Tests.dll" adapterTypeName="executor://xunit/VsTestRunner2/netcoreapp" className="Controller550W.Tests.ConfigurationTests" name="HighJitterIsUnstable" />
    </UnitTest>
    <UnitTest name="Controller550W.Tests.ConfigurationTests.StableRequiresThreeSuccessfulSamples(successes: 3, expected: &quot;stable&quot;)" storage="c:\users\administrator\documents\codex\2026-09-30\files-pasted-by-the-user-windows\outputs\550w-ai-controller-source\tests\550w.tests\bin\release\net8.0\550w.tests.dll" id="685a8b01-d22a-086e-97c6-0d4775e6fe2f">
      <Execution id="00edbb6e-50b1-444e-835a-cffc9d042ed8" />
      <TestMethod codeBase="C:\Users\Administrator\Documents\Codex\2026-09-30\files-pasted-by-the-user-windows\outputs\550W-AI-Controller-Source\tests\550W.Tests\bin\Release\net8.0\550W.Tests.dll" adapterTypeName="executor://xunit/VsTestRunner2/netcoreapp" className="Controller550W.Tests.ConfigurationTests" name="StableRequiresThreeSuccessfulSamples" />
    </UnitTest>
    <UnitTest name="Controller550W.Tests.LifecycleTests.DisabledProfileNeverTriggers" storage="c:\users\administrator\documents\codex\2026-09-30\files-pasted-by-the-user-windows\outputs\550w-ai-controller-source\tests\550w.tests\bin\release\net8.0\550w.tests.dll" id="bd3d5c16-c619-db13-6fc0-a3ec71d92c04">
      <Execution id="44e6e8ca-5489-4d88-95fc-7954b48d1354" />
      <TestMethod codeBase="C:\Users\Administrator\Documents\Codex\2026-09-30\files-pasted-by-the-user-windows\outputs\550W-AI-Controller-Source\tests\550W.Tests\bin\Release\net8.0\550W.Tests.dll" adapterTypeName="executor://xunit/VsTestRunner2/netcoreapp" className="Controller550W.Tests.LifecycleTests" name="DisabledProfileNeverTriggers" />
    </UnitTest>
    <UnitTest name="Controller550W.Tests.LifecycleTests.TrayHideReportsStopAndReopenMayPlayBoot" storage="c:\users\administrator\documents\codex\2026-09-30\files-pasted-by-the-user-windows\outputs\550w-ai-controller-source\tests\550w.tests\bin\release\net8.0\550w.tests.dll" id="fba1076e-e2b6-102b-e8f1-068f49269e40">
      <Execution id="8ab17551-38fe-415c-9bd3-15bb39ce7a47" />
      <TestMethod codeBase="C:\Users\Administrator\Documents\Codex\2026-09-30\files-pasted-by-the-user-windows\outputs\550W-AI-Controller-Source\tests\550W.Tests\bin\Release\net8.0\550W.Tests.dll" adapterTypeName="executor://xunit/VsTestRunner2/netcoreapp" className="Controller550W.Tests.LifecycleTests" name="TrayHideReportsStopAndReopenMayPlayBoot" />
    </UnitTest>
    <UnitTest name="Controller550W.Tests.LifecycleTests.DotsInExecutableNamesRemainPartOfTheName(configured: &quot;ChatGPT&quot;, observed: &quot;chatgpt.exe&quot;)" storage="c:\users\administrator\documents\codex\2026-09-30\files-pasted-by-the-user-windows\outputs\550w-ai-controller-source\tests\550w.tests\bin\release\net8.0\550w.tests.dll" id="e89e9136-dd31-77fd-fa92-8c7dac3e30b4">
      <Execution id="37121373-cd47-4452-a509-64f3c90804b2" />
      <TestMethod codeBase="C:\Users\Administrator\Documents\Codex\2026-09-30\files-pasted-by-the-user-windows\outputs\550W-AI-Controller-Source\tests\550W.Tests\bin\Release\net8.0\550W.Tests.dll" adapterTypeName="executor://xunit/VsTestRunner2/netcoreapp" className="Controller550W.Tests.LifecycleTests" name="DotsInExecutableNamesRemainPartOfTheName" />
    </UnitTest>
    <UnitTest name="Controller550W.Tests.LifecycleTests.SlowAndFastReadyKeepTheirConfiguredStability(seconds: 5)" storage="c:\users\administrator\documents\codex\2026-09-30\files-pasted-by-the-user-windows\outputs\550w-ai-controller-source\tests\550w.tests\bin\release\net8.0\550w.tests.dll" id="48539d81-e352-ea1f-fda4-f916e8a63e4a">
      <Execution id="2f2cbbac-695f-44be-b8ce-5f76f787d9f5" />
      <TestMethod codeBase="C:\Users\Administrator\Documents\Codex\2026-09-30\files-pasted-by-the-user-windows\outputs\550W-AI-Controller-Source\tests\550W.Tests\bin\Release\net8.0\550W.Tests.dll" adapterTypeName="executor://xunit/VsTestRunner2/netcoreapp" className="Controller550W.Tests.LifecycleTests" name="SlowAndFastReadyKeepTheirConfiguredStability" />
    </UnitTest>
    <UnitTest name="Controller550W.Tests.V2Tests.CaptionCoordinatesRemainPhysicalAcrossDpi(scale: 1)" storage="c:\users\administrator\documents\codex\2026-09-30\files-pasted-by-the-user-windows\outputs\550w-ai-controller-source\tests\550w.tests\bin\release\net8.0\550w.tests.dll" id="107fc5c9-32db-a991-2266-ad75cc6e43a3">
      <Execution id="f80877c8-38b0-418a-9331-48b5fac9c2a9" />
      <TestMethod codeBase="C:\Users\Administrator\Documents\Codex\2026-09-30\files-pasted-by-the-user-windows\outputs\550W-AI-Controller-Source\tests\550W.Tests\bin\Release\net8.0\550W.Tests.dll" adapterTypeName="executor://xunit/VsTestRunner2/netcoreapp" className="Controller550W.Tests.V2Tests" name="CaptionCoordinatesRemainPhysicalAcrossDpi" />
    </UnitTest>
    <UnitTest name="Controller550W.Tests.LifecycleTests.SlowAndFastReadyKeepTheirConfiguredStability(seconds: 15)" storage="c:\users\administrator\documents\codex\2026-09-30\files-pasted-by-the-user-windows\outputs\550w-ai-controller-source\tests\550w.tests\bin\release\net8.0\550w.tests.dll" id="5c77fe6b-0063-6368-68d9-660d2ccfa953">
      <Execution id="49d8c6a3-25ec-41d0-9203-9aa3ef4c4933" />
      <TestMethod codeBase="C:\Users\Administrator\Documents\Codex\2026-09-30\files-pasted-by-the-user-windows\outputs\550W-AI-Controller-Source\tests\550W.Tests\bin\Release\net8.0\550W.Tests.dll" adapterTypeName="executor://xunit/VsTestRunner2/netcoreapp" className="Controller550W.Tests.LifecycleTests" name="SlowAndFastReadyKeepTheirConfiguredStability" />
    </UnitTest>
    <UnitTest name="Controller550W.Tests.ConfigurationTests.StableRequiresThreeSuccessfulSamples(successes: 0, expected: &quot;offline&quot;)" storage="c:\users\administrator\documents\codex\2026-09-30\files-pasted-by-the-user-windows\outputs\550w-ai-controller-source\tests\550w.tests\bin\release\net8.0\550w.tests.dll" id="e084d7e9-2b94-f75e-8f66-0aba191e39f3">
      <Execution id="12e7861a-49dd-493a-a2cc-fbd6291022f0" />
      <TestMethod codeBase="C:\Users\Administrator\Documents\Codex\2026-09-30\files-pasted-by-the-user-windows\outputs\550W-AI-Controller-Source\tests\550W.Tests\bin\Release\net8.0\550W.Tests.dll" adapterTypeName="executor://xunit/VsTestRunner2/netcoreapp" className="Controller550W.Tests.ConfigurationTests" name="StableRequiresThreeSuccessfulSamples" />
    </UnitTest>
    <UnitTest name="Controller550W.Tests.V2Tests.UnsafeCaptionRectangleFallsBack" storage="c:\users\administrator\documents\codex\2026-09-30\files-pasted-by-the-user-windows\outputs\550w-ai-controller-source\tests\550w.tests\bin\release\net8.0\550w.tests.dll" id="f430841a-a0a8-69eb-9bd4-a87d1af96182">
      <Execution id="65f99020-b8b0-4a86-a997-4321bcef86ab" />
      <TestMethod codeBase="C:\Users\Administrator\Documents\Codex\2026-09-30\files-pasted-by-the-user-windows\outputs\550W-AI-Controller-Source\tests\550W.Tests\bin\Release\net8.0\550W.Tests.dll" adapterTypeName="executor://xunit/VsTestRunner2/netcoreapp" className="Controller550W.Tests.V2Tests" name="UnsafeCaptionRectangleFallsBack" />
    </UnitTest>
    <UnitTest name="Controller550W.Tests.V2Tests.DefaultsKeepLaunchAndCloseIndependent" storage="c:\users\administrator\documents\codex\2026-09-30\files-pasted-by-the-user-windows\outputs\550w-ai-controller-source\tests\550w.tests\bin\release\net8.0\550w.tests.dll" id="0b9675c4-c5db-f7d3-0677-5785b0a62c9b">
      <Execution id="5eec85be-2816-40cd-b9ea-89e16af1413a" />
      <TestMethod codeBase="C:\Users\Administrator\Documents\Codex\2026-09-30\files-pasted-by-the-user-windows\outputs\550W-AI-Controller-Source\tests\550W.Tests\bin\Release\net8.0\550W.Tests.dll" adapterTypeName="executor://xunit/VsTestRunner2/netcoreapp" className="Controller550W.Tests.V2Tests" name="DefaultsKeepLaunchAndCloseIndependent" />
    </UnitTest>
    <UnitTest name="Controller550W.Tests.V2Tests.OrdinaryExitNeverRequestsShutdownAnimation" storage="c:\users\administrator\documents\codex\2026-09-30\files-pasted-by-the-user-windows\outputs\550w-ai-controller-source\tests\550w.tests\bin\release\net8.0\550w.tests.dll" id="4d2fcd35-c6a3-46b7-d0d0-4025ae30816e">
      <Execution id="ebc7237c-7697-41f3-ad3f-f817bc1b191f" />
      <TestMethod codeBase="C:\Users\Administrator\Documents\Codex\2026-09-30\files-pasted-by-the-user-windows\outputs\550W-AI-Controller-Source\tests\550W.Tests\bin\Release\net8.0\550W.Tests.dll" adapterTypeName="executor://xunit/VsTestRunner2/netcoreapp" className="Controller550W.Tests.V2Tests" name="OrdinaryExitNeverRequestsShutdownAnimation" />
    </UnitTest>
    <UnitTest name="Controller550W.Tests.LifecycleTests.SlowAndFastReadyKeepTheirConfiguredStability(seconds: 2)" storage="c:\users\administrator\documents\codex\2026-09-30\files-pasted-by-the-user-windows\outputs\550w-ai-controller-source\tests\550w.tests\bin\release\net8.0\550w.tests.dll" id="7c8e1b96-730d-c13b-0463-7e4ecdb612e0">
      <Execution id="27780aac-5066-40ba-8585-55091ef9b146" />
      <TestMethod codeBase="C:\Users\Administrator\Documents\Codex\2026-09-30\files-pasted-by-the-user-windows\outputs\550W-AI-Controller-Source\tests\550W.Tests\bin\Release\net8.0\550W.Tests.dll" adapterTypeName="executor://xunit/VsTestRunner2/netcoreapp" className="Controller550W.Tests.LifecycleTests" name="SlowAndFastReadyKeepTheirConfiguredStability" />
    </UnitTest>
    <UnitTest name="Controller550W.Tests.V2Tests.CaptionCoordinatesRemainPhysicalAcrossDpi(scale: 1.5)" storage="c:\users\administrator\documents\codex\2026-09-30\files-pasted-by-the-user-windows\outputs\550w-ai-controller-source\tests\550w.tests\bin\release\net8.0\550w.tests.dll" id="d924632d-070d-851d-2ec9-46f5970de3cb">
      <Execution id="ea41c5f5-b94c-49bc-b44e-4ca74f018e4d" />
      <TestMethod codeBase="C:\Users\Administrator\Documents\Codex\2026-09-30\files-pasted-by-the-user-windows\outputs\550W-AI-Controller-Source\tests\550W.Tests\bin\Release\net8.0\550W.Tests.dll" adapterTypeName="executor://xunit/VsTestRunner2/netcoreapp" className="Controller550W.Tests.V2Tests" name="CaptionCoordinatesRemainPhysicalAcrossDpi" />
    </UnitTest>
    <UnitTest name="Controller550W.Tests.V2Tests.ManagedLaunchDeduplicatesFirstProcessAndWindow" storage="c:\users\administrator\documents\codex\2026-09-30\files-pasted-by-the-user-windows\outputs\550w-ai-controller-source\tests\550w.tests\bin\release\net8.0\550w.tests.dll" id="462cfcbc-8e7f-9950-aa00-7511c0e831ef">
      <Execution id="8c9d8c7d-d821-4b87-971f-29e9f5b5a9d6" />
      <TestMethod codeBase="C:\Users\Administrator\Documents\Codex\2026-09-30\files-pasted-by-the-user-windows\outputs\550W-AI-Controller-Source\tests\550W.Tests\bin\Release\net8.0\550W.Tests.dll" adapterTypeName="executor://xunit/VsTestRunner2/netcoreapp" className="Controller550W.Tests.V2Tests" name="ManagedLaunchDeduplicatesFirstProcessAndWindow" />
    </UnitTest>
    <UnitTest name="Controller550W.Tests.LifecycleTests.ReadinessRequiresSameResponsiveWindowAndResetsOnFailure" storage="c:\users\administrator\documents\codex\2026-09-30\files-pasted-by-the-user-windows\outputs\550w-ai-controller-source\tests\550w.tests\bin\release\net8.0\550w.tests.dll" id="c18806b3-d6a9-6799-5383-2c898aca7054">
      <Execution id="64421fcd-31cb-40d3-a25d-cd2047dca6e2" />
      <TestMethod codeBase="C:\Users\Administrator\Documents\Codex\2026-09-30\files-pasted-by-the-user-windows\outputs\550W-AI-Controller-Source\tests\550W.Tests\bin\Release\net8.0\550W.Tests.dll" adapterTypeName="executor://xunit/VsTestRunner2/netcoreapp" className="Controller550W.Tests.LifecycleTests" name="ReadinessRequiresSameResponsiveWindowAndResetsOnFailure" />
    </UnitTest>
    <UnitTest name="Controller550W.Tests.ConfigurationTests.StableRequiresThreeSuccessfulSamples(successes: 2, expected: &quot;degraded&quot;)" storage="c:\users\administrator\documents\codex\2026-09-30\files-pasted-by-the-user-windows\outputs\550w-ai-controller-source\tests\550w.tests\bin\release\net8.0\550w.tests.dll" id="0890fa60-ea56-1357-655c-506ea47273d0">
      <Execution id="2c2fa79a-c518-472a-8bc3-0bb5180a02b1" />
      <TestMethod codeBase="C:\Users\Administrator\Documents\Codex\2026-09-30\files-pasted-by-the-user-windows\outputs\550W-AI-Controller-Source\tests\550W.Tests\bin\Release\net8.0\550W.Tests.dll" adapterTypeName="executor://xunit/VsTestRunner2/netcoreapp" className="Controller550W.Tests.ConfigurationTests" name="StableRequiresThreeSuccessfulSamples" />
    </UnitTest>
    <UnitTest name="Controller550W.Tests.LifecycleTests.MultipleWindowsDoNotRepeatBootOrPrematurelyShutdown" storage="c:\users\administrator\documents\codex\2026-09-30\files-pasted-by-the-user-windows\outputs\550w-ai-controller-source\tests\550w.tests\bin\release\net8.0\550w.tests.dll" id="86585fe1-a0db-bf67-3e18-ce518942c937">
      <Execution id="40d605f1-225a-444b-bd7e-153979983b9e" />
      <TestMethod codeBase="C:\Users\Administrator\Documents\Codex\2026-09-30\files-pasted-by-the-user-windows\outputs\550W-AI-Controller-Source\tests\550W.Tests\bin\Release\net8.0\550W.Tests.dll" adapterTypeName="executor://xunit/VsTestRunner2/netcoreapp" className="Controller550W.Tests.LifecycleTests" name="MultipleWindowsDoNotRepeatBootOrPrematurelyShutdown" />
    </UnitTest>
    <UnitTest name="Controller550W.Tests.V2Tests.CancelReturnsToRunningWithoutClose" storage="c:\users\administrator\documents\codex\2026-09-30\files-pasted-by-the-user-windows\outputs\550w-ai-controller-source\tests\550w.tests\bin\release\net8.0\550w.tests.dll" id="f48730bb-175c-ada5-29bb-e2a4fbd898a9">
      <Execution id="743b2961-c932-4eaa-9043-ffe756ff327d" />
      <TestMethod codeBase="C:\Users\Administrator\Documents\Codex\2026-09-30\files-pasted-by-the-user-windows\outputs\550W-AI-Controller-Source\tests\550W.Tests\bin\Release\net8.0\550W.Tests.dll" adapterTypeName="executor://xunit/VsTestRunner2/netcoreapp" className="Controller550W.Tests.V2Tests" name="CancelReturnsToRunningWithoutClose" />
    </UnitTest>
    <UnitTest name="Controller550W.Tests.LifecycleTests.SeparateProfilesMaintainIndependentState" storage="c:\users\administrator\documents\codex\2026-09-30\files-pasted-by-the-user-windows\outputs\550w-ai-controller-source\tests\550w.tests\bin\release\net8.0\550w.tests.dll" id="3dd5ab7c-15f3-a2cc-1e10-b233d04b7e3f">
      <Execution id="5f68b761-2e89-4851-b547-9d14503eed32" />
      <TestMethod codeBase="C:\Users\Administrator\Documents\Codex\2026-09-30\files-pasted-by-the-user-windows\outputs\550W-AI-Controller-Source\tests\550W.Tests\bin\Release\net8.0\550W.Tests.dll" adapterTypeName="executor://xunit/VsTestRunner2/netcoreapp" className="Controller550W.Tests.LifecycleTests" name="SeparateProfilesMaintainIndependentState" />
    </UnitTest>
    <UnitTest name="Controller550W.Tests.V2Tests.CloseRequiresConfirmationAndRenderedOverlay" storage="c:\users\administrator\documents\codex\2026-09-30\files-pasted-by-the-user-windows\outputs\550w-ai-controller-source\tests\550w.tests\bin\release\net8.0\550w.tests.dll" id="de39786d-4478-2ad5-b77f-fd3af4d99a61">
      <Execution id="e603ace2-95e8-46a5-b68b-78c1a7e745b3" />
      <TestMethod codeBase="C:\Users\Administrator\Documents\Codex\2026-09-30\files-pasted-by-the-user-windows\outputs\550W-AI-Controller-Source\tests\550W.Tests\bin\Release\net8.0\550W.Tests.dll" adapterTypeName="executor://xunit/VsTestRunner2/netcoreapp" className="Controller550W.Tests.V2Tests" name="CloseRequiresConfirmationAndRenderedOverlay" />
    </UnitTest>
    <UnitTest name="Controller550W.Tests.ConfigurationTests.ValidationBoundsTimersAndFiltersEndpoints" storage="c:\users\administrator\documents\codex\2026-09-30\files-pasted-by-the-user-windows\outputs\550w-ai-controller-source\tests\550w.tests\bin\release\net8.0\550w.tests.dll" id="56f1596e-ea50-0120-43b6-eda0ac592700">
      <Execution id="2e6276a5-ec43-490a-aa40-840b5364e57b" />
      <TestMethod codeBase="C:\Users\Administrator\Documents\Codex\2026-09-30\files-pasted-by-the-user-windows\outputs\550W-AI-Controller-Source\tests\550W.Tests\bin\Release\net8.0\550W.Tests.dll" adapterTypeName="executor://xunit/VsTestRunner2/netcoreapp" className="Controller550W.Tests.ConfigurationTests" name="ValidationBoundsTimersAndFiltersEndpoints" />
    </UnitTest>
    <UnitTest name="Controller550W.Tests.ConfigurationTests.AtomicSaveRetainsPreviousConfigBackup" storage="c:\users\administrator\documents\codex\2026-09-30\files-pasted-by-the-user-windows\outputs\550w-ai-controller-source\tests\550w.tests\bin\release\net8.0\550w.tests.dll" id="1c3882f8-0d17-28fe-9bbc-e78a6c742527">
      <Execution id="1be0ca95-6684-4ee3-9d66-802b87254a4e" />
      <TestMethod codeBase="C:\Users\Administrator\Documents\Codex\2026-09-30\files-pasted-by-the-user-windows\outputs\550W-AI-Controller-Source\tests\550W.Tests\bin\Release\net8.0\550W.Tests.dll" adapterTypeName="executor://xunit/VsTestRunner2/netcoreapp" className="Controller550W.Tests.ConfigurationTests" name="AtomicSaveRetainsPreviousConfigBackup" />
    </UnitTest>
    <UnitTest name="Controller550W.Tests.V2Tests.CaptionCoordinatesRemainPhysicalAcrossDpi(scale: 2)" storage="c:\users\administrator\documents\codex\2026-09-30\files-pasted-by-the-user-windows\outputs\550w-ai-controller-source\tests\550w.tests\bin\release\net8.0\550w.tests.dll" id="d7abb235-4b33-ce66-9c7c-0349378da387">
      <Execution id="4964e1a8-2868-44a8-9839-824b4e23304d" />
      <TestMethod codeBase="C:\Users\Administrator\Documents\Codex\2026-09-30\files-pasted-by-the-user-windows\outputs\550W-AI-Controller-Source\tests\550W.Tests\bin\Release\net8.0\550W.Tests.dll" adapterTypeName="executor://xunit/VsTestRunner2/netcoreapp" className="Controller550W.Tests.V2Tests" name="CaptionCoordinatesRemainPhysicalAcrossDpi" />
    </UnitTest>
    <UnitTest name="Controller550W.Tests.LifecycleTests.DotsInExecutableNamesRemainPartOfTheName(configured: &quot;ai.client.v2.EXE&quot;, observed: &quot;AI.Client.v2&quot;)" storage="c:\users\administrator\documents\codex\2026-09-30\files-pasted-by-the-user-windows\outputs\550w-ai-controller-source\tests\550w.tests\bin\release\net8.0\550w.tests.dll" id="3ffa4f7b-a1dd-ff60-6871-e0501efb4c78">
      <Execution id="e5899bc2-a7f6-45f3-8599-f7650e0953a7" />
      <TestMethod codeBase="C:\Users\Administrator\Documents\Codex\2026-09-30\files-pasted-by-the-user-windows\outputs\550W-AI-Controller-Source\tests\550W.Tests\bin\Release\net8.0\550W.Tests.dll" adapterTypeName="executor://xunit/VsTestRunner2/netcoreapp" className="Controller550W.Tests.LifecycleTests" name="DotsInExecutableNamesRemainPartOfTheName" />
    </UnitTest>
    <UnitTest name="Controller550W.Tests.ConfigurationTests.MedianAndJitterAreComputed" storage="c:\users\administrator\documents\codex\2026-09-30\files-pasted-by-the-user-windows\outputs\550w-ai-controller-source\tests\550w.tests\bin\release\net8.0\550w.tests.dll" id="d73c96b0-bdf1-4847-aca6-d7f158b511b7">
      <Execution id="f95ace07-d231-45fb-a70b-11e4d75669d5" />
      <TestMethod codeBase="C:\Users\Administrator\Documents\Codex\2026-09-30\files-pasted-by-the-user-windows\outputs\550W-AI-Controller-Source\tests\550W.Tests\bin\Release\net8.0\550W.Tests.dll" adapterTypeName="executor://xunit/VsTestRunner2/netcoreapp" className="Controller550W.Tests.ConfigurationTests" name="MedianAndJitterAreComputed" />
    </UnitTest>
    <UnitTest name="Controller550W.Tests.ConfigurationTests.CorruptConfigIsPreservedAndRecovers" storage="c:\users\administrator\documents\codex\2026-09-30\files-pasted-by-the-user-windows\outputs\550w-ai-controller-source\tests\550w.tests\bin\release\net8.0\550w.tests.dll" id="246a0c94-dd8d-199c-3051-4b10024a9988">
      <Execution id="9baf42a0-6712-4e03-9337-54bad4f9eba7" />
      <TestMethod codeBase="C:\Users\Administrator\Documents\Codex\2026-09-30\files-pasted-by-the-user-windows\outputs\550W-AI-Controller-Source\tests\550W.Tests\bin\Release\net8.0\550W.Tests.dll" adapterTypeName="executor://xunit/VsTestRunner2/netcoreapp" className="Controller550W.Tests.ConfigurationTests" name="CorruptConfigIsPreservedAndRecovers" />
    </UnitTest>
    <UnitTest name="Controller550W.Tests.ConfigurationTests.ConfigAndSoundSettingsRoundTrip" storage="c:\users\administrator\documents\codex\2026-09-30\files-pasted-by-the-user-windows\outputs\550w-ai-controller-source\tests\550w.tests\bin\release\net8.0\550w.tests.dll" id="e99021be-22b2-95c2-3236-9c3ff0119325">
      <Execution id="0aca443f-e706-4916-84f0-6f09776a4a18" />
      <TestMethod codeBase="C:\Users\Administrator\Documents\Codex\2026-09-30\files-pasted-by-the-user-windows\outputs\550W-AI-Controller-Source\tests\550W.Tests\bin\Release\net8.0\550W.Tests.dll" adapterTypeName="executor://xunit/VsTestRunner2/netcoreapp" className="Controller550W.Tests.ConfigurationTests" name="ConfigAndSoundSettingsRoundTrip" />
    </UnitTest>
    <UnitTest name="Controller550W.Tests.LifecycleTests.MinimizedWindowIsStillPresent" storage="c:\users\administrator\documents\codex\2026-09-30\files-pasted-by-the-user-windows\outputs\550w-ai-controller-source\tests\550w.tests\bin\release\net8.0\550w.tests.dll" id="419cf50e-47ce-ba1f-5250-51362e26c1be">
      <Execution id="342b5329-ca98-421c-aa6a-847516c7f55b" />
      <TestMethod codeBase="C:\Users\Administrator\Documents\Codex\2026-09-30\files-pasted-by-the-user-windows\outputs\550W-AI-Controller-Source\tests\550W.Tests\bin\Release\net8.0\550W.Tests.dll" adapterTypeName="executor://xunit/VsTestRunner2/netcoreapp" className="Controller550W.Tests.LifecycleTests" name="MinimizedWindowIsStillPresent" />
    </UnitTest>
    <UnitTest name="Controller550W.Tests.V2Tests.MigratesV1WithoutLosingAudioOrProfiles" storage="c:\users\administrator\documents\codex\2026-09-30\files-pasted-by-the-user-windows\outputs\550w-ai-controller-source\tests\550w.tests\bin\release\net8.0\550w.tests.dll" id="9e822c85-5547-d7af-2e66-3a000818398b">
      <Execution id="aba0d5d2-4e4d-403a-8dd1-ea8cf7ce457e" />
      <TestMethod codeBase="C:\Users\Administrator\Documents\Codex\2026-09-30\files-pasted-by-the-user-windows\outputs\550W-AI-Controller-Source\tests\550W.Tests\bin\Release\net8.0\550W.Tests.dll" adapterTypeName="executor://xunit/VsTestRunner2/netcoreapp" className="Controller550W.Tests.V2Tests" name="MigratesV1WithoutLosingAudioOrProfiles" />
    </UnitTest>
    <UnitTest name="Controller550W.Tests.LifecycleTests.DotsInExecutableNamesRemainPartOfTheName(configured: &quot;550W.ExternalFixture.exe&quot;, observed: &quot;550W.ExternalFixture&quot;)" storage="c:\users\administrator\documents\codex\2026-09-30\files-pasted-by-the-user-windows\outputs\550w-ai-controller-source\tests\550w.tests\bin\release\net8.0\550w.tests.dll" id="7e7a74fd-aca6-83e6-4b13-179f2ce38c1d">
      <Execution id="74834f01-a291-4d6c-a9e8-b7948e086d03" />
      <TestMethod codeBase="C:\Users\Administrator\Documents\Codex\2026-09-30\files-pasted-by-the-user-windows\outputs\550W-AI-Controller-Source\tests\550W.Tests\bin\Release\net8.0\550W.Tests.dll" adapterTypeName="executor://xunit/VsTestRunner2/netcoreapp" className="Controller550W.Tests.LifecycleTests" name="DotsInExecutableNamesRemainPartOfTheName" />
    </UnitTest>
    <UnitTest name="Controller550W.Tests.ConfigurationTests.StableRequiresThreeSuccessfulSamples(successes: 1, expected: &quot;degraded&quot;)" storage="c:\users\administrator\documents\codex\2026-09-30\files-pasted-by-the-user-windows\outputs\550w-ai-controller-source\tests\550w.tests\bin\release\net8.0\550w.tests.dll" id="8e068486-85dd-34dc-ac2f-f4cb401387b0">
      <Execution id="b335f1f4-c0fa-4786-95f8-285c45409451" />
      <TestMethod codeBase="C:\Users\Administrator\Documents\Codex\2026-09-30\files-pasted-by-the-user-windows\outputs\550W-AI-Controller-Source\tests\550W.Tests\bin\Release\net8.0\550W.Tests.dll" adapterTypeName="executor://xunit/VsTestRunner2/netcoreapp" className="Controller550W.Tests.ConfigurationTests" name="StableRequiresThreeSuccessfulSamples" />
    </UnitTest>
    <UnitTest name="Controller550W.Tests.LifecycleTests.HelpersDoNotRepeatBoot" storage="c:\users\administrator\documents\codex\2026-09-30\files-pasted-by-the-user-windows\outputs\550w-ai-controller-source\tests\550w.tests\bin\release\net8.0\550w.tests.dll" id="cce6feb6-8799-82f9-38cc-b0e0e3c71810">
      <Execution id="e9982f29-0c7a-4d01-b740-1fa542305574" />
      <TestMethod codeBase="C:\Users\Administrator\Documents\Codex\2026-09-30\files-pasted-by-the-user-windows\outputs\550W-AI-Controller-Source\tests\550W.Tests\bin\Release\net8.0\550W.Tests.dll" adapterTypeName="executor://xunit/VsTestRunner2/netcoreapp" className="Controller550W.Tests.LifecycleTests" name="HelpersDoNotRepeatBoot" />
    </UnitTest>
  </TestDefinitions>
  <TestEntries>
    <TestEntry testId="7e7a74fd-aca6-83e6-4b13-179f2ce38c1d" executionId="74834f01-a291-4d6c-a9e8-b7948e086d03" testListId="8c84fa94-04c1-424b-9868-57a2d4851a1d" />
    <TestEntry testId="92d582ab-2962-5c92-311a-fed16040251c" executionId="8a534c74-8a24-441d-85c0-ab06fe216c0c" testListId="8c84fa94-04c1-424b-9868-57a2d4851a1d" />
    <TestEntry testId="4d2fcd35-c6a3-46b7-d0d0-4025ae30816e" executionId="ebc7237c-7697-41f3-ad3f-f817bc1b191f" testListId="8c84fa94-04c1-424b-9868-57a2d4851a1d" />
    <TestEntry testId="3dd5ab7c-15f3-a2cc-1e10-b233d04b7e3f" executionId="5f68b761-2e89-4851-b547-9d14503eed32" testListId="8c84fa94-04c1-424b-9868-57a2d4851a1d" />
    <TestEntry testId="86585fe1-a0db-bf67-3e18-ce518942c937" executionId="40d605f1-225a-444b-bd7e-153979983b9e" testListId="8c84fa94-04c1-424b-9868-57a2d4851a1d" />
    <TestEntry testId="107fc5c9-32db-a991-2266-ad75cc6e43a3" executionId="f80877c8-38b0-418a-9331-48b5fac9c2a9" testListId="8c84fa94-04c1-424b-9868-57a2d4851a1d" />
    <TestEntry testId="f430841a-a0a8-69eb-9bd4-a87d1af96182" executionId="65f99020-b8b0-4a86-a997-4321bcef86ab" testListId="8c84fa94-04c1-424b-9868-57a2d4851a1d" />
    <TestEntry testId="f48730bb-175c-ada5-29bb-e2a4fbd898a9" executionId="743b2961-c932-4eaa-9043-ffe756ff327d" testListId="8c84fa94-04c1-424b-9868-57a2d4851a1d" />
    <TestEntry testId="0b9675c4-c5db-f7d3-0677-5785b0a62c9b" executionId="5eec85be-2816-40cd-b9ea-89e16af1413a" testListId="8c84fa94-04c1-424b-9868-57a2d4851a1d" />
    <TestEntry testId="9c68d14a-b1fe-5eda-ff40-778411e4e06b" executionId="982a71dc-72a3-4ef2-93fb-cd071c36f4ac" testListId="8c84fa94-04c1-424b-9868-57a2d4851a1d" />
    <TestEntry testId="e89e9136-dd31-77fd-fa92-8c7dac3e30b4" executionId="37121373-cd47-4452-a509-64f3c90804b2" testListId="8c84fa94-04c1-424b-9868-57a2d4851a1d" />
    <TestEntry testId="56f1596e-ea50-0120-43b6-eda0ac592700" executionId="2e6276a5-ec43-490a-aa40-840b5364e57b" testListId="8c84fa94-04c1-424b-9868-57a2d4851a1d" />
    <TestEntry testId="bd3d5c16-c619-db13-6fc0-a3ec71d92c04" executionId="44e6e8ca-5489-4d88-95fc-7954b48d1354" testListId="8c84fa94-04c1-424b-9868-57a2d4851a1d" />
    <TestEntry testId="d73c96b0-bdf1-4847-aca6-d7f158b511b7" executionId="f95ace07-d231-45fb-a70b-11e4d75669d5" testListId="8c84fa94-04c1-424b-9868-57a2d4851a1d" />
    <TestEntry testId="de39786d-4478-2ad5-b77f-fd3af4d99a61" executionId="e603ace2-95e8-46a5-b68b-78c1a7e745b3" testListId="8c84fa94-04c1-424b-9868-57a2d4851a1d" />
    <TestEntry testId="e084d7e9-2b94-f75e-8f66-0aba191e39f3" executionId="12e7861a-49dd-493a-a2cc-fbd6291022f0" testListId="8c84fa94-04c1-424b-9868-57a2d4851a1d" />
    <TestEntry testId="02d1b466-d44e-3071-ea9b-497afec82e3d" executionId="574be775-426d-4671-b557-cb8caa17f493" testListId="8c84fa94-04c1-424b-9868-57a2d4851a1d" />
    <TestEntry testId="48539d81-e352-ea1f-fda4-f916e8a63e4a" executionId="2f2cbbac-695f-44be-b8ce-5f76f787d9f5" testListId="8c84fa94-04c1-424b-9868-57a2d4851a1d" />
    <TestEntry testId="cce6feb6-8799-82f9-38cc-b0e0e3c71810" executionId="e9982f29-0c7a-4d01-b740-1fa542305574" testListId="8c84fa94-04c1-424b-9868-57a2d4851a1d" />
    <TestEntry testId="419cf50e-47ce-ba1f-5250-51362e26c1be" executionId="342b5329-ca98-421c-aa6a-847516c7f55b" testListId="8c84fa94-04c1-424b-9868-57a2d4851a1d" />
    <TestEntry testId="fba1076e-e2b6-102b-e8f1-068f49269e40" executionId="8ab17551-38fe-415c-9bd3-15bb39ce7a47" testListId="8c84fa94-04c1-424b-9868-57a2d4851a1d" />
    <TestEntry testId="7af958e0-8b83-b448-76f1-3730f16e4242" executionId="145aa827-e33b-4a17-8bbd-089aa4e8a38b" testListId="8c84fa94-04c1-424b-9868-57a2d4851a1d" />
    <TestEntry testId="3ffa4f7b-a1dd-ff60-6871-e0501efb4c78" executionId="e5899bc2-a7f6-45f3-8599-f7650e0953a7" testListId="8c84fa94-04c1-424b-9868-57a2d4851a1d" />
    <TestEntry testId="0890fa60-ea56-1357-655c-506ea47273d0" executionId="2c2fa79a-c518-472a-8bc3-0bb5180a02b1" testListId="8c84fa94-04c1-424b-9868-57a2d4851a1d" />
    <TestEntry testId="5c77fe6b-0063-6368-68d9-660d2ccfa953" executionId="49d8c6a3-25ec-41d0-9203-9aa3ef4c4933" testListId="8c84fa94-04c1-424b-9868-57a2d4851a1d" />
    <TestEntry testId="9e822c85-5547-d7af-2e66-3a000818398b" executionId="aba0d5d2-4e4d-403a-8dd1-ea8cf7ce457e" testListId="8c84fa94-04c1-424b-9868-57a2d4851a1d" />
    <TestEntry testId="7c8e1b96-730d-c13b-0463-7e4ecdb612e0" executionId="27780aac-5066-40ba-8585-55091ef9b146" testListId="8c84fa94-04c1-424b-9868-57a2d4851a1d" />
    <TestEntry testId="685a8b01-d22a-086e-97c6-0d4775e6fe2f" executionId="00edbb6e-50b1-444e-835a-cffc9d042ed8" testListId="8c84fa94-04c1-424b-9868-57a2d4851a1d" />
    <TestEntry testId="d7abb235-4b33-ce66-9c7c-0349378da387" executionId="4964e1a8-2868-44a8-9839-824b4e23304d" testListId="8c84fa94-04c1-424b-9868-57a2d4851a1d" />
    <TestEntry testId="e99021be-22b2-95c2-3236-9c3ff0119325" executionId="0aca443f-e706-4916-84f0-6f09776a4a18" testListId="8c84fa94-04c1-424b-9868-57a2d4851a1d" />
    <TestEntry testId="c18806b3-d6a9-6799-5383-2c898aca7054" executionId="64421fcd-31cb-40d3-a25d-cd2047dca6e2" testListId="8c84fa94-04c1-424b-9868-57a2d4851a1d" />
    <TestEntry testId="d924632d-070d-851d-2ec9-46f5970de3cb" executionId="ea41c5f5-b94c-49bc-b44e-4ca74f018e4d" testListId="8c84fa94-04c1-424b-9868-57a2d4851a1d" />
    <TestEntry testId="983a6f23-fd72-db1d-de45-079f8d0ae00d" executionId="8cbe381c-1294-433f-8ee4-075ee6e7fbcc" testListId="8c84fa94-04c1-424b-9868-57a2d4851a1d" />
    <TestEntry testId="9c45a16f-a062-a299-6775-45f3e77e27a8" executionId="ff248ce7-c15e-460a-9df5-28b719c7711a" testListId="8c84fa94-04c1-424b-9868-57a2d4851a1d" />
    <TestEntry testId="462cfcbc-8e7f-9950-aa00-7511c0e831ef" executionId="8c9d8c7d-d821-4b87-971f-29e9f5b5a9d6" testListId="8c84fa94-04c1-424b-9868-57a2d4851a1d" />
    <TestEntry testId="839d9f97-1afa-1d02-d4c2-46dde4ba3f81" executionId="c6ef0969-0c36-4944-b7c4-3e940f904e64" testListId="8c84fa94-04c1-424b-9868-57a2d4851a1d" />
    <TestEntry testId="ad81afaf-5892-787c-9e6f-e073628401ec" executionId="9fead959-b74f-432a-81e9-bfd5a259b482" testListId="8c84fa94-04c1-424b-9868-57a2d4851a1d" />
    <TestEntry testId="1c3882f8-0d17-28fe-9bbc-e78a6c742527" executionId="1be0ca95-6684-4ee3-9d66-802b87254a4e" testListId="8c84fa94-04c1-424b-9868-57a2d4851a1d" />
    <TestEntry testId="8e068486-85dd-34dc-ac2f-f4cb401387b0" executionId="b335f1f4-c0fa-4786-95f8-285c45409451" testListId="8c84fa94-04c1-424b-9868-57a2d4851a1d" />
    <TestEntry testId="cfd295e5-789c-a188-296d-75f4c7824af9" executionId="2a7e95a7-0e86-44b8-a5e8-4dfc1922abd8" testListId="8c84fa94-04c1-424b-9868-57a2d4851a1d" />
    <TestEntry testId="246a0c94-dd8d-199c-3051-4b10024a9988" executionId="9baf42a0-6712-4e03-9337-54bad4f9eba7" testListId="8c84fa94-04c1-424b-9868-57a2d4851a1d" />
  </TestEntries>
  <TestLists>
    <TestList name="列表中未列出的结果" id="8c84fa94-04c1-424b-9868-57a2d4851a1d" />
    <TestList name="所有已加载的结果" id="19431567-8539-422a-85d7-44ee4e166bda" />
  </TestLists>
  <ResultSummary outcome="Completed">
    <Counters total="41" executed="41" passed="41" failed="0" error="0" timeout="0" aborted="0" inconclusive="0" passedButRunAborted="0" notRunnable="0" notExecuted="0" disconnected="0" warning="0" completed="0" inProgress="0" pending="0" />
    <Output>
      <StdOut>[xUnit.net 00:00:00.00] xUnit.net VSTest Adapter v2.8.2+699d445a1a (64-bit .NET 8.0.31)&#xD;
[xUnit.net 00:00:00.10]   Discovering: 550W.Tests&#xD;
[xUnit.net 00:00:00.16]   Discovered:  550W.Tests&#xD;
[xUnit.net 00:00:00.16]   Starting:    550W.Tests&#xD;
[xUnit.net 00:00:00.47]   Finished:    550W.Tests&#xD;
</StdOut>
    </Output>
  </ResultSummary>
</TestRun>