2026-10-01T02:10:00.6355932+08:00 [WatcherStart] processEvents=True, fallback=5s
2026-10-01T02:10:01.3397017+08:00 [ManagedLaunchSession] Fixture AI, session=5b037e17281c44f681fc56afdedb412f
2026-10-01T02:10:01.4142737+08:00 [FIRST_VISUAL] Fixture AI, mode=optimized, latency=95.3ms
2026-10-01T02:10:02.3411853+08:00 [FIRST_FRAME] Fixture AI, hostElapsed=997ms
2026-10-01T02:10:03.4179879+08:00 [WindowPresentation] Fixture AI, Maximize, hwnd=462214
2026-10-01T02:10:03.4190634+08:00 [Ready] Fixture AI
2026-10-01T02:10:03.5212096+08:00 [Diagnostics] asynchronous checks completed
2026-10-01T02:10:05.3651296+08:00 [WEB_READY] Fixture AI, latency=4021ms
2026-10-01T02:10:10.5070389+08:00 [BOOT_INTRO_FINISHED] Fixture AI, hostElapsed=9163ms
2026-10-01T02:10:16.9678839+08:00 [CHOREOGRAPHY_COMPLETE] Fixture AI, hostElapsed=15624ms
2026-10-01T02:10:16.9690626+08:00 [TARGET_READY] Fixture AI, hostElapsed=15625ms
2026-10-01T02:10:17.5717969+08:00 [WindowPresentation] Fixture AI, Maximize, hwnd=462214
2026-10-01T02:10:17.8648282+08:00 [ANIMATION_FINISHED] Fixture AI, hostElapsed=16521ms
2026-10-01T02:10:17.9693358+08:00 [AnimationExited] Fixture AI, elapsed=16626ms
2026-10-01T02:10:18.0310400+08:00 [ManagedCloseState] Fixture AI, CloseRequested, session=2517b938d6724ac8af747062c41e48d9
2026-10-01T02:10:18.0318788+08:00 [ManagedCloseState] Fixture AI, ShutdownPreparing, session=2517b938d6724ac8af747062c41e48d9
2026-10-01T02:10:18.0398194+08:00 [ManagedCloseState] Fixture AI, WaitingConfirmation, session=2517b938d6724ac8af747062c41e48d9
2026-10-01T02:10:18.0409718+08:00 [ManagedCloseState] Fixture AI, ShutdownAnimating, session=2517b938d6724ac8af747062c41e48d9
2026-10-01T02:10:18.1311855+08:00 [SHUTDOWN_OVERLAY_VISIBLE] Fixture AI, confirmElapsed=89ms
2026-10-01T02:10:18.1321263+08:00 [ShutdownNativeFallback] Fixture AI
2026-10-01T02:10:18.1342775+08:00 [SHUTDOWN_BEGIN_CONFIRMED] Fixture AI
2026-10-01T02:10:18.1350646+08:00 [ManagedCloseState] Fixture AI, AppClosing, session=2517b938d6724ac8af747062c41e48d9
2026-10-01T02:10:18.1360532+08:00 [WM_CLOSE] Fixture AI, hwnd=462214, sent=True
2026-10-01T02:10:18.8180874+08:00 [TargetStopped] Fixture AI, pids=1, windows=0
2026-10-01T02:10:18.9148071+08:00 [FIRST_FRAME] Fixture AI, 
2026-10-01T02:10:20.7399934+08:00 [ManagedCloseState] Fixture AI, Stopped, session=2517b938d6724ac8af747062c41e48d9
