2026-10-01T00:00:00.4232536+08:00 [BootTrigger] Fixture AI, pids=1, windows=1
2026-10-01T00:00:00.4945737+08:00 [FIRST_VISUAL] Fixture AI, mode=passive, latency=68.5ms
2026-10-01T00:00:01.3859908+08:00 [FIRST_FRAME] Fixture AI, hostElapsed=958ms
2026-10-01T00:00:01.6689575+08:00 [Ready] Fixture AI
2026-10-01T00:00:02.3567269+08:00 [Diagnostics] asynchronous checks completed
2026-10-01T00:00:04.3792061+08:00 [WEB_READY] Fixture AI, latency=3952ms
2026-10-01T00:00:09.5318648+08:00 [BOOT_INTRO_FINISHED] Fixture AI, hostElapsed=9104ms
2026-10-01T00:00:16.0545592+08:00 [CHOREOGRAPHY_COMPLETE] Fixture AI, hostElapsed=15627ms
2026-10-01T00:00:16.0557620+08:00 [TARGET_READY] Fixture AI, hostElapsed=15628ms
2026-10-01T00:00:16.9545683+08:00 [ANIMATION_FINISHED] Fixture AI, hostElapsed=16527ms
2026-10-01T00:00:17.0799354+08:00 [AnimationExited] Fixture AI, elapsed=16652ms
2026-10-01T00:00:19.0622927+08:00 [TargetStopped] Fixture AI, pids=1, windows=0
2026-10-01T00:00:21.6921798+08:00 [BootTrigger] Fixture AI, pids=1, windows=1
2026-10-01T00:00:21.7259212+08:00 [FIRST_VISUAL] Fixture AI, mode=passive, latency=32.5ms
2026-10-01T00:00:22.6190486+08:00 [FIRST_FRAME] Fixture AI, hostElapsed=924ms
2026-10-01T00:00:23.1778598+08:00 [Diagnostics] asynchronous checks completed
2026-10-01T00:00:23.3673681+08:00 [Ready] Fixture AI
2026-10-01T00:00:25.6113701+08:00 [WEB_READY] Fixture AI, latency=3917ms
2026-10-01T00:00:30.7691279+08:00 [BOOT_INTRO_FINISHED] Fixture AI, hostElapsed=9074ms
2026-10-01T00:00:37.4553009+08:00 [CHOREOGRAPHY_COMPLETE] Fixture AI, hostElapsed=15761ms
2026-10-01T00:00:37.4563245+08:00 [TARGET_READY] Fixture AI, hostElapsed=15762ms
2026-10-01T00:00:38.3525186+08:00 [ANIMATION_FINISHED] Fixture AI, hostElapsed=16658ms
2026-10-01T00:00:38.4642050+08:00 [AnimationExited] Fixture AI, elapsed=16770ms
2026-10-01T00:00:40.8551454+08:00 [TargetStopped] Fixture AI, pids=1, windows=0
